Archive member included to satisfy reference by file (symbol)

c:/progra~2/gnuarm~1/102021~1.10/bin/../lib/gcc/arm-none-eabi/10.3.1/../../../../arm-none-eabi/lib/thumb/v7e-m+fp/hard\libc.a(lib_a-exit.o)
                              c:/progra~2/gnuarm~1/102021~1.10/bin/../lib/gcc/arm-none-eabi/10.3.1/../../../../arm-none-eabi/lib/thumb/v7e-m+fp/hard/crt0.o (exit)
c:/progra~2/gnuarm~1/102021~1.10/bin/../lib/gcc/arm-none-eabi/10.3.1/../../../../arm-none-eabi/lib/thumb/v7e-m+fp/hard\libc.a(lib_a-impure.o)
                              c:/progra~2/gnuarm~1/102021~1.10/bin/../lib/gcc/arm-none-eabi/10.3.1/../../../../arm-none-eabi/lib/thumb/v7e-m+fp/hard\libc.a(lib_a-exit.o) (_global_impure_ptr)
c:/progra~2/gnuarm~1/102021~1.10/bin/../lib/gcc/arm-none-eabi/10.3.1/../../../../arm-none-eabi/lib/thumb/v7e-m+fp/hard\libc.a(lib_a-init.o)
                              c:/progra~2/gnuarm~1/102021~1.10/bin/../lib/gcc/arm-none-eabi/10.3.1/../../../../arm-none-eabi/lib/thumb/v7e-m+fp/hard/crt0.o (__libc_init_array)
c:/progra~2/gnuarm~1/102021~1.10/bin/../lib/gcc/arm-none-eabi/10.3.1/../../../../arm-none-eabi/lib/thumb/v7e-m+fp/hard\libc.a(lib_a-memset.o)
                              c:/progra~2/gnuarm~1/102021~1.10/bin/../lib/gcc/arm-none-eabi/10.3.1/../../../../arm-none-eabi/lib/thumb/v7e-m+fp/hard/crt0.o (memset)
c:/progra~2/gnuarm~1/102021~1.10/bin/../lib/gcc/arm-none-eabi/10.3.1/../../../../arm-none-eabi/lib/thumb/v7e-m+fp/hard\libc.a(lib_a-__call_atexit.o)
                              c:/progra~2/gnuarm~1/102021~1.10/bin/../lib/gcc/arm-none-eabi/10.3.1/../../../../arm-none-eabi/lib/thumb/v7e-m+fp/hard\libc.a(lib_a-exit.o) (__call_exitprocs)
c:/progra~2/gnuarm~1/102021~1.10/bin/../lib/gcc/arm-none-eabi/10.3.1/../../../../arm-none-eabi/lib/thumb/v7e-m+fp/hard\libc.a(lib_a-atexit.o)
                              c:/progra~2/gnuarm~1/102021~1.10/bin/../lib/gcc/arm-none-eabi/10.3.1/../../../../arm-none-eabi/lib/thumb/v7e-m+fp/hard\libc.a(lib_a-__call_atexit.o) (atexit)
c:/progra~2/gnuarm~1/102021~1.10/bin/../lib/gcc/arm-none-eabi/10.3.1/../../../../arm-none-eabi/lib/thumb/v7e-m+fp/hard\libc.a(lib_a-fini.o)
                              c:/progra~2/gnuarm~1/102021~1.10/bin/../lib/gcc/arm-none-eabi/10.3.1/../../../../arm-none-eabi/lib/thumb/v7e-m+fp/hard\libc.a(lib_a-__call_atexit.o) (__libc_fini_array)
c:/progra~2/gnuarm~1/102021~1.10/bin/../lib/gcc/arm-none-eabi/10.3.1/../../../../arm-none-eabi/lib/thumb/v7e-m+fp/hard\libc.a(lib_a-lock.o)
                              c:/progra~2/gnuarm~1/102021~1.10/bin/../lib/gcc/arm-none-eabi/10.3.1/../../../../arm-none-eabi/lib/thumb/v7e-m+fp/hard\libc.a(lib_a-__call_atexit.o) (__retarget_lock_acquire_recursive)
c:/progra~2/gnuarm~1/102021~1.10/bin/../lib/gcc/arm-none-eabi/10.3.1/../../../../arm-none-eabi/lib/thumb/v7e-m+fp/hard\libc.a(lib_a-__atexit.o)
                              c:/progra~2/gnuarm~1/102021~1.10/bin/../lib/gcc/arm-none-eabi/10.3.1/../../../../arm-none-eabi/lib/thumb/v7e-m+fp/hard\libc.a(lib_a-atexit.o) (__register_exitproc)
c:/progra~2/gnuarm~1/102021~1.10/bin/../lib/gcc/arm-none-eabi/10.3.1/thumb/v7e-m+fp/hard\libgcc.a(_arm_addsubdf3.o)
                              CMakeFiles/L4.dir/Hardware/Src/icm20608.c.obj (__aeabi_dadd)
c:/progra~2/gnuarm~1/102021~1.10/bin/../lib/gcc/arm-none-eabi/10.3.1/thumb/v7e-m+fp/hard\libgcc.a(_arm_truncdfsf2.o)
                              CMakeFiles/L4.dir/Hardware/Src/icm20608.c.obj (__aeabi_d2f)
c:/progra~2/gnuarm~1/102021~1.10/bin/../lib/gcc/arm-none-eabi/10.3.1/thumb/v7e-m+fp/hard\libgcc.a(_aeabi_uldivmod.o)
                              CMakeFiles/L4.dir/Drivers/STM32L4xx_HAL_Driver/Src/stm32l4xx_hal_uart.c.obj (__aeabi_uldivmod)
c:/progra~2/gnuarm~1/102021~1.10/bin/../lib/gcc/arm-none-eabi/10.3.1/thumb/v7e-m+fp/hard\libgcc.a(_udivmoddi4.o)
                              c:/progra~2/gnuarm~1/102021~1.10/bin/../lib/gcc/arm-none-eabi/10.3.1/thumb/v7e-m+fp/hard\libgcc.a(_aeabi_uldivmod.o) (__udivmoddi4)
c:/progra~2/gnuarm~1/102021~1.10/bin/../lib/gcc/arm-none-eabi/10.3.1/thumb/v7e-m+fp/hard\libgcc.a(_dvmd_tls.o)
                              c:/progra~2/gnuarm~1/102021~1.10/bin/../lib/gcc/arm-none-eabi/10.3.1/thumb/v7e-m+fp/hard\libgcc.a(_aeabi_uldivmod.o) (__aeabi_ldiv0)
c:/progra~2/gnuarm~1/102021~1.10/bin/../lib/gcc/arm-none-eabi/10.3.1/../../../../arm-none-eabi/lib/thumb/v7e-m+fp/hard\libg.a(lib_a-errno.o)
                              CMakeFiles/L4.dir/Core/Src/sysmem.c.obj (__errno)
c:/progra~2/gnuarm~1/102021~1.10/bin/../lib/gcc/arm-none-eabi/10.3.1/../../../../arm-none-eabi/lib/thumb/v7e-m+fp/hard\libg.a(lib_a-printf.o)
                              CMakeFiles/L4.dir/Hardware/Src/icm20608.c.obj (printf)
c:/progra~2/gnuarm~1/102021~1.10/bin/../lib/gcc/arm-none-eabi/10.3.1/../../../../arm-none-eabi/lib/thumb/v7e-m+fp/hard\libg.a(lib_a-puts.o)
                              CMakeFiles/L4.dir/Core/Src/main.c.obj (puts)
[...]
Memory Configuration

Name             Origin             Length             Attributes
RAM              0x20000000         0x00018000         xrw
RAM2             0x10000000         0x00008000         xrw
FLASH            0x08000000         0x00080000         xr
*default*        0x00000000         0xffffffff

Linker script and memory map

LOAD c:/progra~2/gnuarm~1/102021~1.10/bin/../lib/gcc/arm-none-eabi/10.3.1/thumb/v7e-m+fp/hard/crti.o
LOAD c:/progra~2/gnuarm~1/102021~1.10/bin/../lib/gcc/arm-none-eabi/10.3.1/thumb/v7e-m+fp/hard/crtbegin.o
LOAD c:/progra~2/gnuarm~1/102021~1.10/bin/../lib/gcc/arm-none-eabi/10.3.1/../../../../arm-none-eabi/lib/thumb/v7e-m+fp/hard/crt0.o
START GROUP
LOAD c:/progra~2/gnuarm~1/102021~1.10/bin/../lib/gcc/arm-none-eabi/10.3.1/../../../../arm-none-eabi/lib/thumb/v7e-m+fp/hard\libc.a
LOAD c:/progra~2/gnuarm~1/102021~1.10/bin/../lib/gcc/arm-none-eabi/10.3.1/../../../../arm-none-eabi/lib/thumb/v7e-m+fp/hard\libm.a
END GROUP
LOAD CMakeFiles/L4.dir/GwLib/Src/anotc.c.obj
LOAD CMakeFiles/L4.dir/GwLib/Src/i2c.c.obj
LOAD CMakeFiles/L4.dir/GwLib/Src/kalman.c.obj
LOAD CMakeFiles/L4.dir/Hardware/Src/icm20608.c.obj
LOAD CMakeFiles/L4.dir/Hardware/Src/led.c.obj
LOAD CMakeFiles/L4.dir/Core/Src/main.c.obj
LOAD CMakeFiles/L4.dir/Core/Src/gpio.c.obj
LOAD CMakeFiles/L4.dir/Core/Src/tim.c.obj
LOAD CMakeFiles/L4.dir/Core/Src/usart.c.obj
LOAD CMakeFiles/L4.dir/Core/Src/stm32l4xx_it.c.obj
LOAD CMakeFiles/L4.dir/Core/Src/stm32l4xx_hal_msp.c.obj
LOAD CMakeFiles/L4.dir/Drivers/STM32L4xx_HAL_Driver/Src/stm32l4xx_hal_tim.c.obj
LOAD CMakeFiles/L4.dir/Drivers/STM32L4xx_HAL_Driver/Src/stm32l4xx_hal_tim_ex.c.obj
LOAD CMakeFiles/L4.dir/Drivers/STM32L4xx_HAL_Driver/Src/stm32l4xx_hal.c.obj
LOAD CMakeFiles/L4.dir/Drivers/STM32L4xx_HAL_Driver/Src/stm32l4xx_hal_rcc.c.obj
LOAD CMakeFiles/L4.dir/Drivers/STM32L4xx_HAL_Driver/Src/stm32l4xx_hal_rcc_ex.c.obj
LOAD CMakeFiles/L4.dir/Drivers/STM32L4xx_HAL_Driver/Src/stm32l4xx_hal_flash.c.obj
LOAD CMakeFiles/L4.dir/Drivers/STM32L4xx_HAL_Driver/Src/stm32l4xx_hal_flash_ex.c.obj
LOAD CMakeFiles/L4.dir/Drivers/STM32L4xx_HAL_Driver/Src/stm32l4xx_hal_flash_ramfunc.c.obj
LOAD CMakeFiles/L4.dir/Drivers/STM32L4xx_HAL_Driver/Src/stm32l4xx_hal_gpio.c.obj
LOAD CMakeFiles/L4.dir/Drivers/STM32L4xx_HAL_Driver/Src/stm32l4xx_hal_i2c.c.obj
LOAD CMakeFiles/L4.dir/Drivers/STM32L4xx_HAL_Driver/Src/stm32l4xx_hal_i2c_ex.c.obj
LOAD CMakeFiles/L4.dir/Drivers/STM32L4xx_HAL_Driver/Src/stm32l4xx_hal_dma.c.obj
LOAD CMakeFiles/L4.dir/Drivers/STM32L4xx_HAL_Driver/Src/stm32l4xx_hal_dma_ex.c.obj
LOAD CMakeFiles/L4.dir/Drivers/STM32L4xx_HAL_Driver/Src/stm32l4xx_hal_pwr.c.obj
LOAD CMakeFiles/L4.dir/Drivers/STM32L4xx_HAL_Driver/Src/stm32l4xx_hal_pwr_ex.c.obj
LOAD CMakeFiles/L4.dir/Drivers/STM32L4xx_HAL_Driver/Src/stm32l4xx_hal_cortex.c.obj
LOAD CMakeFiles/L4.dir/Drivers/STM32L4xx_HAL_Driver/Src/stm32l4xx_hal_exti.c.obj
LOAD CMakeFiles/L4.dir/Drivers/STM32L4xx_HAL_Driver/Src/stm32l4xx_hal_uart.c.obj
LOAD CMakeFiles/L4.dir/Drivers/STM32L4xx_HAL_Driver/Src/stm32l4xx_hal_uart_ex.c.obj
LOAD CMakeFiles/L4.dir/Core/Src/system_stm32l4xx.c.obj
LOAD CMakeFiles/L4.dir/Core/Src/sysmem.c.obj
LOAD CMakeFiles/L4.dir/Core/Src/syscalls.c.obj
LOAD CMakeFiles/L4.dir/startup_stm32l475xx.s.obj
START GROUP
LOAD c:/progra~2/gnuarm~1/102021~1.10/bin/../lib/gcc/arm-none-eabi/10.3.1/thumb/v7e-m+fp/hard\libgcc.a
LOAD c:/progra~2/gnuarm~1/102021~1.10/bin/../lib/gcc/arm-none-eabi/10.3.1/../../../../arm-none-eabi/lib/thumb/v7e-m+fp/hard\libg.a
LOAD c:/progra~2/gnuarm~1/102021~1.10/bin/../lib/gcc/arm-none-eabi/10.3.1/../../../../arm-none-eabi/lib/thumb/v7e-m+fp/hard\libc.a
END GROUP
LOAD c:/progra~2/gnuarm~1/102021~1.10/bin/../lib/gcc/arm-none-eabi/10.3.1/thumb/v7e-m+fp/hard/crtend.o
LOAD c:/progra~2/gnuarm~1/102021~1.10/bin/../lib/gcc/arm-none-eabi/10.3.1/thumb/v7e-m+fp/hard/crtn.o
                0x20018000                _estack = (ORIGIN (RAM) + LENGTH (RAM))
                0x00000200                _Min_Heap_Size = 0x200
                0x00000400                _Min_Stack_Size = 0x400

.isr_vector     0x08000000      0x188
                0x08000000                . = ALIGN (0x8)
 *(.isr_vector)
 .isr_vector    0x08000000      0x188 CMakeFiles/L4.dir/startup_stm32l475xx.s.obj
                0x08000000                g_pfnVectors
                0x08000188                . = ALIGN (0x8)

.text           0x080001c0     0xbca0
                0x080001c0                . = ALIGN (0x8)
 *(.text)
 .text          0x080001c0       0x40 c:/progra~2/gnuarm~1/102021~1.10/bin/../lib/gcc/arm-none-eabi/10.3.1/thumb/v7e-m+fp/hard/crtbegin.o
 .text          0x08000200      0x378 c:/progra~2/gnuarm~1/102021~1.10/bin/../lib/gcc/arm-none-eabi/10.3.1/thumb/v7e-m+fp/hard\libgcc.a(_arm_addsubdf3.o)
                0x08000200                __aeabi_drsub
                0x08000208                __aeabi_dsub
                0x08000208                __subdf3
                0x0800020c                __aeabi_dadd
                0x0800020c                __adddf3
                0x08000484                __floatunsidf
                0x08000484                __aeabi_ui2d
                0x080004a4                __floatsidf
                0x080004a4                __aeabi_i2d
                0x080004c8                __aeabi_f2d
                0x080004c8                __extendsfdf2
                0x0800050c                __floatundidf
                0x0800050c                __aeabi_ul2d
                0x0800051c                __floatdidf
                0x0800051c                __aeabi_l2d
 .text          0x08000578       0x30 c:/progra~2/gnuarm~1/102021~1.10/bin/../lib/gcc/arm-none-eabi/10.3.1/thumb/v7e-m+fp/hard\libgcc.a(_aeabi_uldivmod.o)
                0x08000578                __aeabi_uldivmod
 .text          0x080005a8      0x2d0 c:/progra~2/gnuarm~1/102021~1.10/bin/../lib/gcc/arm-none-eabi/10.3.1/thumb/v7e-m+fp/hard\libgcc.a(_udivmoddi4.o)
                0x080005a8                __udivmoddi4
 .text          0x08000878        0x4 c:/progra~2/gnuarm~1/102021~1.10/bin/../lib/gcc/arm-none-eabi/10.3.1/thumb/v7e-m+fp/hard\libgcc.a(_dvmd_tls.o)
                0x08000878                __aeabi_idiv0
                0x08000878                __aeabi_ldiv0
 *fill*         0x0800087c        0x4 
 .text          0x08000880       0xdc c:/progra~2/gnuarm~1/102021~1.10/bin/../lib/gcc/arm-none-eabi/10.3.1/../../../../arm-none-eabi/lib/thumb/v7e-m+fp/hard\libg.a(lib_a-strlen.o)
                0x08000880                strlen
 *fill*         0x0800095c        0x4 
 .text          0x08000960       0xa0 c:/progra~2/gnuarm~1/102021~1.10/bin/../lib/gcc/arm-none-eabi/10.3.1/../../../../arm-none-eabi/lib/thumb/v7e-m+fp/hard\libg.a(lib_a-memchr.o)
                0x08000960                memchr
 .text          0x08000a00      0x134 c:/progra~2/gnuarm~1/102021~1.10/bin/../lib/gcc/arm-none-eabi/10.3.1/../../../../arm-none-eabi/lib/thumb/v7e-m+fp/hard\libg.a(lib_a-memcpy.o)
                0x08000a00                memcpy
 .text          0x08000b34      0x424 c:/progra~2/gnuarm~1/102021~1.10/bin/../lib/gcc/arm-none-eabi/10.3.1/thumb/v7e-m+fp/hard\libgcc.a(_arm_muldivdf3.o)
                0x08000b34                __aeabi_dmul
                0x08000b34                __muldf3
                0x08000d88                __divdf3
                0x08000d88                __aeabi_ddiv
 .text          0x08000f58      0x110 c:/progra~2/gnuarm~1/102021~1.10/bin/../lib/gcc/arm-none-eabi/10.3.1/thumb/v7e-m+fp/hard\libgcc.a(_arm_cmpdf2.o)
                0x08000f58                __gtdf2
                0x08000f58                __gedf2
                0x08000f60                __ltdf2
                0x08000f60                __ledf2
                0x08000f68                __nedf2
                0x08000f68                __eqdf2
                0x08000f68                __cmpdf2
                0x08000fe4                __aeabi_cdrcmple
                0x08000ff4                __aeabi_cdcmpeq
                0x08000ff4                __aeabi_cdcmple
                0x08001004                __aeabi_dcmpeq
                0x08001018                __aeabi_dcmplt
                0x0800102c                __aeabi_dcmple
                0x08001040                __aeabi_dcmpge
                0x08001054                __aeabi_dcmpgt
 .text          0x08001068       0x2c c:/progra~2/gnuarm~1/102021~1.10/bin/../lib/gcc/arm-none-eabi/10.3.1/thumb/v7e-m+fp/hard\libgcc.a(_arm_unorddf2.o)
                0x08001068                __unorddf2
                0x08001068                __aeabi_dcmpun
 .text          0x08001094       0x50 c:/progra~2/gnuarm~1/102021~1.10/bin/../lib/gcc/arm-none-eabi/10.3.1/thumb/v7e-m+fp/hard\libgcc.a(_arm_fixdfsi.o)
                0x08001094                __aeabi_d2iz
                0x08001094                __fixdfsi
 *(.text*)
 .text.__libc_init_array
                0x080010e4       0x48 c:/progra~2/gnuarm~1/102021~1.10/bin/../lib/gcc/arm-none-eabi/10.3.1/../../../../arm-none-eabi/lib/thumb/v7e-m+fp/hard\libc.a(lib_a-init.o)
                0x080010e4                __libc_init_array
 .text.memset   0x0800112c       0xa4 c:/progra~2/gnuarm~1/102021~1.10/bin/../lib/gcc/arm-none-eabi/10.3.1/../../../../arm-none-eabi/lib/thumb/v7e-m+fp/hard\libc.a(lib_a-memset.o)
                0x0800112c                memset
 .text.startup.register_fini
                0x080011d0       0x14 c:/progra~2/gnuarm~1/102021~1.10/bin/../lib/gcc/arm-none-eabi/10.3.1/../../../../arm-none-eabi/lib/thumb/v7e-m+fp/hard\libc.a(lib_a-__call_atexit.o)
 .text.atexit   0x080011e4        0xc c:/progra~2/gnuarm~1/102021~1.10/bin/../lib/gcc/arm-none-eabi/10.3.1/../../../../arm-none-eabi/lib/thumb/v7e-m+fp/hard\libc.a(lib_a-atexit.o)
                0x080011e4                atexit
 .text.__libc_fini_array
                0x080011f0       0x2c c:/progra~2/gnuarm~1/102021~1.10/bin/../lib/gcc/arm-none-eabi/10.3.1/../../../../arm-none-eabi/lib/thumb/v7e-m+fp/hard\libc.a(lib_a-fini.o)
                0x080011f0                __libc_fini_array
 .text.__retarget_lock_init_recursive
                0x0800121c        0x4 c:/progra~2/gnuarm~1/102021~1.10/bin/../lib/gcc/arm-none-eabi/10.3.1/../../../../arm-none-eabi/lib/thumb/v7e-m+fp/hard\libc.a(lib_a-lock.o)
                0x0800121c                __retarget_lock_init_recursive
 .text.__retarget_lock_close_recursive
                0x08001220        0x4 c:/progra~2/gnuarm~1/102021~1.10/bin/../lib/gcc/arm-none-eabi/10.3.1/../../../../arm-none-eabi/lib/thumb/v7e-m+fp/hard\libc.a(lib_a-lock.o)
                0x08001220                __retarget_lock_close_recursive
 .text.__retarget_lock_acquire_recursive
                0x08001224        0x4 c:/progra~2/gnuarm~1/102021~1.10/bin/../lib/gcc/arm-none-eabi/10.3.1/../../../../arm-none-eabi/lib/thumb/v7e-m+fp/hard\libc.a(lib_a-lock.o)
                0x08001224                __retarget_lock_acquire_recursive
 .text.__retarget_lock_release_recursive
                0x08001228        0x4 c:/progra~2/gnuarm~1/102021~1.10/bin/../lib/gcc/arm-none-eabi/10.3.1/../../../../arm-none-eabi/lib/thumb/v7e-m+fp/hard\libc.a(lib_a-lock.o)
                0x08001228                __retarget_lock_release_recursive
 .text.__register_exitproc
                0x0800122c       0x8c c:/progra~2/gnuarm~1/102021~1.10/bin/../lib/gcc/arm-none-eabi/10.3.1/../../../../arm-none-eabi/lib/thumb/v7e-m+fp/hard\libc.a(lib_a-__atexit.o)
                0x0800122c                __register_exitproc
 .text.GW_I2C_Begin
                0x080012b8       0x58 CMakeFiles/L4.dir/GwLib/Src/i2c.c.obj
 .text.GW_I2C_End
                0x08001310       0x58 CMakeFiles/L4.dir/GwLib/Src/i2c.c.obj
 .text.GW_I2C_Wait_Ack
                0x08001368       0x7c CMakeFiles/L4.dir/GwLib/Src/i2c.c.obj
 .text.GW_I2C_Ack
                0x080013e4       0x58 CMakeFiles/L4.dir/GwLib/Src/i2c.c.obj
 .text.GW_I2C_NAck
                0x0800143c       0x58 CMakeFiles/L4.dir/GwLib/Src/i2c.c.obj
 .text.GW_I2C_Wb
                0x08001494       0x84 CMakeFiles/L4.dir/GwLib/Src/i2c.c.obj
 .text.GW_I2C_Rb
                0x08001518       0x8c CMakeFiles/L4.dir/GwLib/Src/i2c.c.obj
 .text.GW_I2C_Init
                0x080015a4       0xb8 CMakeFiles/L4.dir/GwLib/Src/i2c.c.obj
                0x080015a4                GW_I2C_Init
 .text.GW_I2C_Write_Byte
                0x0800165c       0x6a CMakeFiles/L4.dir/GwLib/Src/i2c.c.obj
                0x0800165c                GW_I2C_Write_Byte
 .text.GW_I2C_Read_Byte
                0x080016c6       0x82 CMakeFiles/L4.dir/GwLib/Src/i2c.c.obj
                0x080016c6                GW_I2C_Read_Byte
 .text.GW_I2C_Read_Data
                0x08001748       0xaa CMakeFiles/L4.dir/GwLib/Src/i2c.c.obj
                0x08001748                GW_I2C_Read_Data
 .text.GW_Kalman_V1
                0x080017f2       0x94 CMakeFiles/L4.dir/GwLib/Src/kalman.c.obj
                0x080017f2                GW_Kalman_V1
 .text.ICM20608_Init
                0x08001886       0xbe CMakeFiles/L4.dir/Hardware/Src/icm20608.c.obj
                0x08001886                ICM20608_Init
 .text.MPU_Set_Gyro_Fsr
                0x08001944       0x24 CMakeFiles/L4.dir/Hardware/Src/icm20608.c.obj
                0x08001944                MPU_Set_Gyro_Fsr
 .text.MPU_Set_Accel_Fsr
                0x08001968       0x24 CMakeFiles/L4.dir/Hardware/Src/icm20608.c.obj
                0x08001968                MPU_Set_Accel_Fsr
 .text.MPU_Set_Lpf
                0x0800198c       0x64 CMakeFiles/L4.dir/Hardware/Src/icm20608.c.obj
                0x0800198c                MPU_Set_Lpf
 .text.MPU_Set_Rate
                0x080019f0       0x62 CMakeFiles/L4.dir/Hardware/Src/icm20608.c.obj
                0x080019f0                MPU_Set_Rate
 *fill*         0x08001a52        0x2 
 .text.MPU_Get_Gyro
                0x08001a54       0x94 CMakeFiles/L4.dir/Hardware/Src/icm20608.c.obj
                0x08001a54                MPU_Get_Gyro
 .text.MPU_Get_Accel
                0x08001ae8       0x94 CMakeFiles/L4.dir/Hardware/Src/icm20608.c.obj
                0x08001ae8                MPU_Get_Accel
 .text.MPU_Get_And_Filter
                0x08001b7c      0x1d0 CMakeFiles/L4.dir/Hardware/Src/icm20608.c.obj
                0x08001b7c                MPU_Get_And_Filter
 .text.MPU_Reset
                0x08001d4c      0x1f8 CMakeFiles/L4.dir/Hardware/Src/icm20608.c.obj
                0x08001d4c                MPU_Reset
 .text.main     0x08001f44      0x1a0 CMakeFiles/L4.dir/Core/Src/main.c.obj
                0x08001f44                main
 .text.SystemClock_Config
                0x080020e4       0xd0 CMakeFiles/L4.dir/Core/Src/main.c.obj
                0x080020e4                SystemClock_Config
 .text.Error_Handler
                0x080021b4       0x14 CMakeFiles/L4.dir/Core/Src/main.c.obj
                0x080021b4                Error_Handler
 .text.MX_GPIO_Init
                0x080021c8       0x80 CMakeFiles/L4.dir/Core/Src/gpio.c.obj
                0x080021c8                MX_GPIO_Init
 .text.MX_TIM1_Init
                0x08002248       0xa8 CMakeFiles/L4.dir/Core/Src/tim.c.obj
                0x08002248                MX_TIM1_Init
 .text.HAL_TIM_Base_MspInit
                0x080022f0       0x40 CMakeFiles/L4.dir/Core/Src/tim.c.obj
                0x080022f0                HAL_TIM_Base_MspInit
 .text.GW_Delay_Us
                0x08002330       0x38 CMakeFiles/L4.dir/Core/Src/tim.c.obj
                0x08002330                GW_Delay_Us
 .text.MX_USART1_UART_Init
                0x08002368       0x60 CMakeFiles/L4.dir/Core/Src/usart.c.obj
                0x08002368                MX_USART1_UART_Init
 .text.HAL_UART_MspInit
                0x080023c8       0xcc CMakeFiles/L4.dir/Core/Src/usart.c.obj
                0x080023c8                HAL_UART_MspInit
 .text.__io_putchar
                0x08002494       0x2c CMakeFiles/L4.dir/Core/Src/usart.c.obj
                0x08002494                __io_putchar
 .text.NMI_Handler
                0x080024c0        0x6 CMakeFiles/L4.dir/Core/Src/stm32l4xx_it.c.obj
                0x080024c0                NMI_Handler
 .text.HardFault_Handler
                0x080024c6        0x6 CMakeFiles/L4.dir/Core/Src/stm32l4xx_it.c.obj
                0x080024c6                HardFault_Handler
 .text.MemManage_Handler
                0x080024cc        0x6 CMakeFiles/L4.dir/Core/Src/stm32l4xx_it.c.obj
                0x080024cc                MemManage_Handler
 .text.BusFault_Handler
                0x080024d2        0x6 CMakeFiles/L4.dir/Core/Src/stm32l4xx_it.c.obj
                0x080024d2                BusFault_Handler
 .text.UsageFault_Handler
                0x080024d8        0x6 CMakeFiles/L4.dir/Core/Src/stm32l4xx_it.c.obj
                0x080024d8                UsageFault_Handler
 .text.SVC_Handler
                0x080024de        0xe CMakeFiles/L4.dir/Core/Src/stm32l4xx_it.c.obj
                0x080024de                SVC_Handler
 .text.DebugMon_Handler
                0x080024ec        0xe CMakeFiles/L4.dir/Core/Src/stm32l4xx_it.c.obj
                0x080024ec                DebugMon_Handler
 .text.PendSV_Handler
                0x080024fa        0xe CMakeFiles/L4.dir/Core/Src/stm32l4xx_it.c.obj
                0x080024fa                PendSV_Handler
 .text.SysTick_Handler
                0x08002508        0xc CMakeFiles/L4.dir/Core/Src/stm32l4xx_it.c.obj
                0x08002508                SysTick_Handler
 .text.USART1_IRQHandler
                0x08002514       0x14 CMakeFiles/L4.dir/Core/Src/stm32l4xx_it.c.obj
                0x08002514                USART1_IRQHandler
 .text.HAL_MspInit
                0x08002528       0x48 CMakeFiles/L4.dir/Core/Src/stm32l4xx_hal_msp.c.obj
                0x08002528                HAL_MspInit
 .text.HAL_TIM_Base_Init
                0x08002570       0xae CMakeFiles/L4.dir/Drivers/STM32L4xx_HAL_Driver/Src/stm32l4xx_hal_tim.c.obj
                0x08002570                HAL_TIM_Base_Init
 *fill*         0x0800261e        0x2 
 .text.HAL_TIM_Base_Start
                0x08002620       0xd0 CMakeFiles/L4.dir/Drivers/STM32L4xx_HAL_Driver/Src/stm32l4xx_hal_tim.c.obj
                0x08002620                HAL_TIM_Base_Start
 .text.HAL_TIM_Base_Stop
                0x080026f0       0x4e CMakeFiles/L4.dir/Drivers/STM32L4xx_HAL_Driver/Src/stm32l4xx_hal_tim.c.obj
                0x080026f0                HAL_TIM_Base_Stop
 .text.HAL_TIM_ConfigClockSource
                0x0800273e      0x192 CMakeFiles/L4.dir/Drivers/STM32L4xx_HAL_Driver/Src/stm32l4xx_hal_tim.c.obj
                0x0800273e                HAL_TIM_ConfigClockSource
 .text.TIM_Base_SetConfig
                0x080028d0      0x134 CMakeFiles/L4.dir/Drivers/STM32L4xx_HAL_Driver/Src/stm32l4xx_hal_tim.c.obj
                0x080028d0                TIM_Base_SetConfig
 .text.TIM_TI1_ConfigInputStage
                0x08002a04       0x5e CMakeFiles/L4.dir/Drivers/STM32L4xx_HAL_Driver/Src/stm32l4xx_hal_tim.c.obj
 .text.TIM_TI2_ConfigInputStage
                0x08002a62       0x60 CMakeFiles/L4.dir/Drivers/STM32L4xx_HAL_Driver/Src/stm32l4xx_hal_tim.c.obj
 .text.TIM_ITRx_SetConfig
                0x08002ac2       0x36 CMakeFiles/L4.dir/Drivers/STM32L4xx_HAL_Driver/Src/stm32l4xx_hal_tim.c.obj
 .text.TIM_ETR_SetConfig
                0x08002af8       0x40 CMakeFiles/L4.dir/Drivers/STM32L4xx_HAL_Driver/Src/stm32l4xx_hal_tim.c.obj
                0x08002af8                TIM_ETR_SetConfig
 .text.HAL_TIMEx_MasterConfigSynchronization
                0x08002b38      0x110 CMakeFiles/L4.dir/Drivers/STM32L4xx_HAL_Driver/Src/stm32l4xx_hal_tim_ex.c.obj
                0x08002b38                HAL_TIMEx_MasterConfigSynchronization
 .text.HAL_Init
                0x08002c48       0x30 CMakeFiles/L4.dir/Drivers/STM32L4xx_HAL_Driver/Src/stm32l4xx_hal.c.obj
                0x08002c48                HAL_Init
 .text.HAL_InitTick
                0x08002c78       0x78 CMakeFiles/L4.dir/Drivers/STM32L4xx_HAL_Driver/Src/stm32l4xx_hal.c.obj
                0x08002c78                HAL_InitTick
 .text.HAL_IncTick
                0x08002cf0       0x28 CMakeFiles/L4.dir/Drivers/STM32L4xx_HAL_Driver/Src/stm32l4xx_hal.c.obj
                0x08002cf0                HAL_IncTick
 .text.HAL_GetTick
                0x08002d18       0x18 CMakeFiles/L4.dir/Drivers/STM32L4xx_HAL_Driver/Src/stm32l4xx_hal.c.obj
                0x08002d18                HAL_GetTick
 .text.HAL_Delay
                0x08002d30       0x48 CMakeFiles/L4.dir/Drivers/STM32L4xx_HAL_Driver/Src/stm32l4xx_hal.c.obj
                0x08002d30                HAL_Delay
 .text.HAL_RCC_OscConfig
                0x08002d78      0x7b8 CMakeFiles/L4.dir/Drivers/STM32L4xx_HAL_Driver/Src/stm32l4xx_hal_rcc.c.obj
                0x08002d78                HAL_RCC_OscConfig
 .text.HAL_RCC_ClockConfig
                0x08003530      0x200 CMakeFiles/L4.dir/Drivers/STM32L4xx_HAL_Driver/Src/stm32l4xx_hal_rcc.c.obj
                0x08003530                HAL_RCC_ClockConfig
 .text.HAL_RCC_GetSysClockFreq
                0x08003730      0x118 CMakeFiles/L4.dir/Drivers/STM32L4xx_HAL_Driver/Src/stm32l4xx_hal_rcc.c.obj
                0x08003730                HAL_RCC_GetSysClockFreq
 .text.HAL_RCC_GetHCLKFreq
                0x08003848       0x18 CMakeFiles/L4.dir/Drivers/STM32L4xx_HAL_Driver/Src/stm32l4xx_hal_rcc.c.obj
                0x08003848                HAL_RCC_GetHCLKFreq
 .text.HAL_RCC_GetPCLK1Freq
                0x08003860       0x2c CMakeFiles/L4.dir/Drivers/STM32L4xx_HAL_Driver/Src/stm32l4xx_hal_rcc.c.obj
                0x08003860                HAL_RCC_GetPCLK1Freq
 .text.HAL_RCC_GetPCLK2Freq
                0x0800388c       0x2c CMakeFiles/L4.dir/Drivers/STM32L4xx_HAL_Driver/Src/stm32l4xx_hal_rcc.c.obj
                0x0800388c                HAL_RCC_GetPCLK2Freq
 .text.RCC_SetFlashLatencyFromMSIRange
                0x080038b8       0xc0 CMakeFiles/L4.dir/Drivers/STM32L4xx_HAL_Driver/Src/stm32l4xx_hal_rcc.c.obj
 .text.HAL_RCCEx_PeriphCLKConfig
                0x08003978      0x5d4 CMakeFiles/L4.dir/Drivers/STM32L4xx_HAL_Driver/Src/stm32l4xx_hal_rcc_ex.c.obj
                0x08003978                HAL_RCCEx_PeriphCLKConfig
 .text.RCCEx_PLLSAI1_Config
                0x08003f4c      0x1e8 CMakeFiles/L4.dir/Drivers/STM32L4xx_HAL_Driver/Src/stm32l4xx_hal_rcc_ex.c.obj
 .text.RCCEx_PLLSAI2_Config
                0x08004134      0x1bc CMakeFiles/L4.dir/Drivers/STM32L4xx_HAL_Driver/Src/stm32l4xx_hal_rcc_ex.c.obj
 .text.HAL_GPIO_Init
                0x080042f0      0x354 CMakeFiles/L4.dir/Drivers/STM32L4xx_HAL_Driver/Src/stm32l4xx_hal_gpio.c.obj
                0x080042f0                HAL_GPIO_Init
 .text.HAL_GPIO_ReadPin
                0x08004644       0x30 CMakeFiles/L4.dir/Drivers/STM32L4xx_HAL_Driver/Src/stm32l4xx_hal_gpio.c.obj
                0x08004644                HAL_GPIO_ReadPin
 .text.HAL_GPIO_WritePin
                0x08004674       0x30 CMakeFiles/L4.dir/Drivers/STM32L4xx_HAL_Driver/Src/stm32l4xx_hal_gpio.c.obj
                0x08004674                HAL_GPIO_WritePin
 .text.HAL_GPIO_TogglePin
                0x080046a4       0x34 CMakeFiles/L4.dir/Drivers/STM32L4xx_HAL_Driver/Src/stm32l4xx_hal_gpio.c.obj
                0x080046a4                HAL_GPIO_TogglePin
 .text.HAL_DMA_Abort
                0x080046d8       0x7c CMakeFiles/L4.dir/Drivers/STM32L4xx_HAL_Driver/Src/stm32l4xx_hal_dma.c.obj
                0x080046d8                HAL_DMA_Abort
 .text.HAL_DMA_Abort_IT
                0x08004754       0x82 CMakeFiles/L4.dir/Drivers/STM32L4xx_HAL_Driver/Src/stm32l4xx_hal_dma.c.obj
                0x08004754                HAL_DMA_Abort_IT
 *fill*         0x080047d6        0x2 
 .text.HAL_PWREx_GetVoltageRange
                0x080047d8       0x1c CMakeFiles/L4.dir/Drivers/STM32L4xx_HAL_Driver/Src/stm32l4xx_hal_pwr_ex.c.obj
                0x080047d8                HAL_PWREx_GetVoltageRange
 .text.HAL_PWREx_ControlVoltageScaling
                0x080047f4       0xac CMakeFiles/L4.dir/Drivers/STM32L4xx_HAL_Driver/Src/stm32l4xx_hal_pwr_ex.c.obj
                0x080047f4                HAL_PWREx_ControlVoltageScaling
 .text.__NVIC_SetPriorityGrouping
                0x080048a0       0x48 CMakeFiles/L4.dir/Drivers/STM32L4xx_HAL_Driver/Src/stm32l4xx_hal_cortex.c.obj
 .text.__NVIC_GetPriorityGrouping
                0x080048e8       0x1c CMakeFiles/L4.dir/Drivers/STM32L4xx_HAL_Driver/Src/stm32l4xx_hal_cortex.c.obj
 .text.__NVIC_EnableIRQ
                0x08004904       0x3c CMakeFiles/L4.dir/Drivers/STM32L4xx_HAL_Driver/Src/stm32l4xx_hal_cortex.c.obj
 .text.__NVIC_SetPriority
                0x08004940       0x54 CMakeFiles/L4.dir/Drivers/STM32L4xx_HAL_Driver/Src/stm32l4xx_hal_cortex.c.obj
 .text.NVIC_EncodePriority
                0x08004994       0x66 CMakeFiles/L4.dir/Drivers/STM32L4xx_HAL_Driver/Src/stm32l4xx_hal_cortex.c.obj
 *fill*         0x080049fa        0x2 
 .text.SysTick_Config
                0x080049fc       0x44 CMakeFiles/L4.dir/Drivers/STM32L4xx_HAL_Driver/Src/stm32l4xx_hal_cortex.c.obj
 .text.HAL_NVIC_SetPriorityGrouping
                0x08004a40       0x16 CMakeFiles/L4.dir/Drivers/STM32L4xx_HAL_Driver/Src/stm32l4xx_hal_cortex.c.obj
                0x08004a40                HAL_NVIC_SetPriorityGrouping
 .text.HAL_NVIC_SetPriority
                0x08004a56       0x38 CMakeFiles/L4.dir/Drivers/STM32L4xx_HAL_Driver/Src/stm32l4xx_hal_cortex.c.obj
                0x08004a56                HAL_NVIC_SetPriority
 .text.HAL_NVIC_EnableIRQ
                0x08004a8e       0x1c CMakeFiles/L4.dir/Drivers/STM32L4xx_HAL_Driver/Src/stm32l4xx_hal_cortex.c.obj
                0x08004a8e                HAL_NVIC_EnableIRQ
 .text.HAL_SYSTICK_Config
                0x08004aaa       0x18 CMakeFiles/L4.dir/Drivers/STM32L4xx_HAL_Driver/Src/stm32l4xx_hal_cortex.c.obj
                0x08004aaa                HAL_SYSTICK_Config
 .text.HAL_UART_Init
                0x08004ac2       0x9c CMakeFiles/L4.dir/Drivers/STM32L4xx_HAL_Driver/Src/stm32l4xx_hal_uart.c.obj
                0x08004ac2                HAL_UART_Init
 .text.HAL_UART_Transmit
                0x08004b5e      0x114 CMakeFiles/L4.dir/Drivers/STM32L4xx_HAL_Driver/Src/stm32l4xx_hal_uart.c.obj
                0x08004b5e                HAL_UART_Transmit
 *fill*         0x08004c72        0x2 
 .text.HAL_UART_IRQHandler
                0x08004c74      0x5d4 CMakeFiles/L4.dir/Drivers/STM32L4xx_HAL_Driver/Src/stm32l4xx_hal_uart.c.obj
                0x08004c74                HAL_UART_IRQHandler
 .text.HAL_UART_TxCpltCallback
                0x08005248       0x14 CMakeFiles/L4.dir/Drivers/STM32L4xx_HAL_Driver/Src/stm32l4xx_hal_uart.c.obj
                0x08005248                HAL_UART_TxCpltCallback
 .text.HAL_UART_ErrorCallback
                0x0800525c       0x14 CMakeFiles/L4.dir/Drivers/STM32L4xx_HAL_Driver/Src/stm32l4xx_hal_uart.c.obj
                0x0800525c                HAL_UART_ErrorCallback
 .text.HAL_UARTEx_RxEventCallback
                0x08005270       0x18 CMakeFiles/L4.dir/Drivers/STM32L4xx_HAL_Driver/Src/stm32l4xx_hal_uart.c.obj
                0x08005270                HAL_UARTEx_RxEventCallback
 .text.UART_SetConfig
                0x08005288      0x570 CMakeFiles/L4.dir/Drivers/STM32L4xx_HAL_Driver/Src/stm32l4xx_hal_uart.c.obj
                0x08005288                UART_SetConfig
 .text.UART_AdvFeatureConfig
                0x080057f8      0x144 CMakeFiles/L4.dir/Drivers/STM32L4xx_HAL_Driver/Src/stm32l4xx_hal_uart.c.obj
                0x080057f8                UART_AdvFeatureConfig
 .text.UART_CheckIdleState
                0x0800593c      0x150 CMakeFiles/L4.dir/Drivers/STM32L4xx_HAL_Driver/Src/stm32l4xx_hal_uart.c.obj
                0x0800593c                UART_CheckIdleState
 .text.UART_WaitOnFlagUntilTimeout
                0x08005a8c       0xce CMakeFiles/L4.dir/Drivers/STM32L4xx_HAL_Driver/Src/stm32l4xx_hal_uart.c.obj
                0x08005a8c                UART_WaitOnFlagUntilTimeout
 .text.UART_EndRxTransfer
                0x08005b5a       0xc8 CMakeFiles/L4.dir/Drivers/STM32L4xx_HAL_Driver/Src/stm32l4xx_hal_uart.c.obj
 .text.UART_DMAAbortOnError
                0x08005c22       0x2c CMakeFiles/L4.dir/Drivers/STM32L4xx_HAL_Driver/Src/stm32l4xx_hal_uart.c.obj
 .text.UART_EndTransmit_IT
                0x08005c4e       0x54 CMakeFiles/L4.dir/Drivers/STM32L4xx_HAL_Driver/Src/stm32l4xx_hal_uart.c.obj
 .text.HAL_UARTEx_WakeupCallback
                0x08005ca2       0x14 CMakeFiles/L4.dir/Drivers/STM32L4xx_HAL_Driver/Src/stm32l4xx_hal_uart_ex.c.obj
                0x08005ca2                HAL_UARTEx_WakeupCallback
 *fill*         0x08005cb6        0x2 
 .text.SystemInit
                0x08005cb8       0x24 CMakeFiles/L4.dir/Core/Src/system_stm32l4xx.c.obj
                0x08005cb8                SystemInit
 .text._sbrk    0x08005cdc       0x6c CMakeFiles/L4.dir/Core/Src/sysmem.c.obj
                0x08005cdc                _sbrk
 .text._getpid  0x08005d48       0x10 CMakeFiles/L4.dir/Core/Src/syscalls.c.obj
                0x08005d48                _getpid
 .text._kill    0x08005d58       0x20 CMakeFiles/L4.dir/Core/Src/syscalls.c.obj
                0x08005d58                _kill
 .text._exit    0x08005d78       0x14 CMakeFiles/L4.dir/Core/Src/syscalls.c.obj
                0x08005d78                _exit
 .text._read    0x08005d8c       0x3a CMakeFiles/L4.dir/Core/Src/syscalls.c.obj
                0x08005d8c                _read
 .text._write   0x08005dc6       0x38 CMakeFiles/L4.dir/Core/Src/syscalls.c.obj
                0x08005dc6                _write
 .text._close   0x08005dfe       0x18 CMakeFiles/L4.dir/Core/Src/syscalls.c.obj
                0x08005dfe                _close
 .text._fstat   0x08005e16       0x20 CMakeFiles/L4.dir/Core/Src/syscalls.c.obj
                0x08005e16                _fstat
 .text._isatty  0x08005e36       0x16 CMakeFiles/L4.dir/Core/Src/syscalls.c.obj
                0x08005e36                _isatty
 .text._lseek   0x08005e4c       0x1a CMakeFiles/L4.dir/Core/Src/syscalls.c.obj
                0x08005e4c                _lseek
 *fill*         0x08005e66        0x2 
 .text.Reset_Handler
                0x08005e68       0x50 CMakeFiles/L4.dir/startup_stm32l475xx.s.obj
                0x08005e68                Reset_Handler
 .text.Default_Handler
                0x08005eb8        0x2 CMakeFiles/L4.dir/startup_stm32l475xx.s.obj
                0x08005eb8                RTC_Alarm_IRQHandler
                0x08005eb8                EXTI2_IRQHandler
                0x08005eb8                TIM8_TRG_COM_IRQHandler
                0x08005eb8                TIM8_CC_IRQHandler
                0x08005eb8                TIM1_CC_IRQHandler
                0x08005eb8                TSC_IRQHandler
                0x08005eb8                TAMP_STAMP_IRQHandler
                0x08005eb8                EXTI3_IRQHandler
                0x08005eb8                LPTIM2_IRQHandler
                0x08005eb8                DFSDM1_FLT1_IRQHandler
                0x08005eb8                I2C3_ER_IRQHandler
                0x08005eb8                DFSDM1_FLT2_IRQHandler
                0x08005eb8                EXTI0_IRQHandler
                0x08005eb8                I2C2_EV_IRQHandler
                0x08005eb8                CAN1_RX0_IRQHandler
                0x08005eb8                FPU_IRQHandler
                0x08005eb8                TIM1_UP_TIM16_IRQHandler
                0x08005eb8                ADC1_2_IRQHandler
                0x08005eb8                SPI1_IRQHandler
                0x08005eb8                TIM6_DAC_IRQHandler
                0x08005eb8                TIM8_UP_IRQHandler
                0x08005eb8                DMA2_Channel2_IRQHandler
                0x08005eb8                DMA1_Channel4_IRQHandler
                0x08005eb8                SAI2_IRQHandler
                0x08005eb8                DFSDM1_FLT3_IRQHandler
                0x08005eb8                USART3_IRQHandler
                0x08005eb8                DMA1_Channel7_IRQHandler
                0x08005eb8                CAN1_RX1_IRQHandler
                0x08005eb8                UART5_IRQHandler
                0x08005eb8                ADC3_IRQHandler
                0x08005eb8                TIM4_IRQHandler
                0x08005eb8                DMA2_Channel1_IRQHandler
                0x08005eb8                QUADSPI_IRQHandler
                0x08005eb8                I2C1_EV_IRQHandler
                0x08005eb8                DMA1_Channel6_IRQHandler
                0x08005eb8                UART4_IRQHandler
                0x08005eb8                DMA2_Channel4_IRQHandler
                0x08005eb8                TIM3_IRQHandler
                0x08005eb8                RCC_IRQHandler
                0x08005eb8                DMA1_Channel1_IRQHandler
                0x08005eb8                Default_Handler
                0x08005eb8                DMA2_Channel7_IRQHandler
                0x08005eb8                EXTI15_10_IRQHandler
                0x08005eb8                TIM7_IRQHandler
                0x08005eb8                SDMMC1_IRQHandler
                0x08005eb8                TIM5_IRQHandler
                0x08005eb8                I2C3_EV_IRQHandler
                0x08005eb8                EXTI9_5_IRQHandler
                0x08005eb8                RTC_WKUP_IRQHandler
                0x08005eb8                PVD_PVM_IRQHandler
                0x08005eb8                SPI2_IRQHandler
                0x08005eb8                CAN1_TX_IRQHandler
                0x08005eb8                DMA2_Channel5_IRQHandler
                0x08005eb8                DMA1_Channel5_IRQHandler
                0x08005eb8                EXTI4_IRQHandler
                0x08005eb8                RNG_IRQHandler
                0x08005eb8                TIM1_TRG_COM_TIM17_IRQHandler
                0x08005eb8                DMA1_Channel3_IRQHandler
                0x08005eb8                COMP_IRQHandler
                0x08005eb8                WWDG_IRQHandler
                0x08005eb8                LPUART1_IRQHandler
                0x08005eb8                DMA2_Channel6_IRQHandler
                0x08005eb8                TIM2_IRQHandler
                0x08005eb8                EXTI1_IRQHandler
                0x08005eb8                USART2_IRQHandler
                0x08005eb8                DFSDM1_FLT0_IRQHandler
                0x08005eb8                I2C2_ER_IRQHandler
                0x08005eb8                DMA1_Channel2_IRQHandler
                0x08005eb8                TIM8_BRK_IRQHandler
                0x08005eb8                CAN1_SCE_IRQHandler
                0x08005eb8                FLASH_IRQHandler
                0x08005eb8                OTG_FS_IRQHandler
                0x08005eb8                SPI3_IRQHandler
                0x08005eb8                I2C1_ER_IRQHandler
                0x08005eb8                FMC_IRQHandler
                0x08005eb8                SWPMI1_IRQHandler
                0x08005eb8                LPTIM1_IRQHandler
                0x08005eb8                SAI1_IRQHandler
                0x08005eb8                DMA2_Channel3_IRQHandler
                0x08005eb8                TIM1_BRK_TIM15_IRQHandler
 *fill*         0x08005eba        0x2 
 .text.__errno  0x08005ebc        0xc c:/progra~2/gnuarm~1/102021~1.10/bin/../lib/gcc/arm-none-eabi/10.3.1/../../../../arm-none-eabi/lib/thumb/v7e-m+fp/hard\libg.a(lib_a-errno.o)
                0x08005ebc                __errno
 .text.printf   0x08005ec8       0x28 c:/progra~2/gnuarm~1/102021~1.10/bin/../lib/gcc/arm-none-eabi/10.3.1/../../../../arm-none-eabi/lib/thumb/v7e-m+fp/hard\libg.a(lib_a-printf.o)
                0x08005ec8                printf
 .text._puts_r  0x08005ef0       0x9c c:/progra~2/gnuarm~1/102021~1.10/bin/../lib/gcc/arm-none-eabi/10.3.1/../../../../arm-none-eabi/lib/thumb/v7e-m+fp/hard\libg.a(lib_a-puts.o)
                0x08005ef0                _puts_r
 .text.puts     0x08005f8c       0x10 c:/progra~2/gnuarm~1/102021~1.10/bin/../lib/gcc/arm-none-eabi/10.3.1/../../../../arm-none-eabi/lib/thumb/v7e-m+fp/hard\libg.a(lib_a-puts.o)
                0x08005f8c                puts
 *fill*         0x08005f9c        0x4 
 .text._vfprintf_r
                0x08005fa0     0x1b90 c:/progra~2/gnuarm~1/102021~1.10/bin/../lib/gcc/arm-none-eabi/10.3.1/../../../../arm-none-eabi/lib/thumb/v7e-m+fp/hard\libg.a(lib_a-vfprintf.o)
                0x08005fa0                _vfprintf_r
 .text.__sbprintf
                0x08007b30       0x80 c:/progra~2/gnuarm~1/102021~1.10/bin/../lib/gcc/arm-none-eabi/10.3.1/../../../../arm-none-eabi/lib/thumb/v7e-m+fp/hard\libg.a(lib_a-vfprintf.o)
 .text.__swsetup_r
                0x08007bb0       0xd4 c:/progra~2/gnuarm~1/102021~1.10/bin/../lib/gcc/arm-none-eabi/10.3.1/../../../../arm-none-eabi/lib/thumb/v7e-m+fp/hard\libg.a(lib_a-wsetup.o)
                0x08007bb0                __swsetup_r
 .text.quorem   0x08007c84      0x128 c:/progra~2/gnuarm~1/102021~1.10/bin/../lib/gcc/arm-none-eabi/10.3.1/../../../../arm-none-eabi/lib/thumb/v7e-m+fp/hard\libg.a(lib_a-dtoa.o)
 *fill*         0x08007dac        0x4 
 .text._dtoa_r  0x08007db0      0xf3c c:/progra~2/gnuarm~1/102021~1.10/bin/../lib/gcc/arm-none-eabi/10.3.1/../../../../arm-none-eabi/lib/thumb/v7e-m+fp/hard\libg.a(lib_a-dtoa.o)
                0x08007db0                _dtoa_r
 .text.__sflush_r
                0x08008cec      0x130 c:/progra~2/gnuarm~1/102021~1.10/bin/../lib/gcc/arm-none-eabi/10.3.1/../../../../arm-none-eabi/lib/thumb/v7e-m+fp/hard\libg.a(lib_a-fflush.o)
                0x08008cec                __sflush_r
 .text._fflush_r
                0x08008e1c       0x5c c:/progra~2/gnuarm~1/102021~1.10/bin/../lib/gcc/arm-none-eabi/10.3.1/../../../../arm-none-eabi/lib/thumb/v7e-m+fp/hard\libg.a(lib_a-fflush.o)
                0x08008e1c                _fflush_r
 .text._cleanup_r
                0x08008e78        0xc c:/progra~2/gnuarm~1/102021~1.10/bin/../lib/gcc/arm-none-eabi/10.3.1/../../../../arm-none-eabi/lib/thumb/v7e-m+fp/hard\libg.a(lib_a-findfp.o)
                0x08008e78                _cleanup_r
 .text.__sinit  0x08008e84      0x10c c:/progra~2/gnuarm~1/102021~1.10/bin/../lib/gcc/arm-none-eabi/10.3.1/../../../../arm-none-eabi/lib/thumb/v7e-m+fp/hard\libg.a(lib_a-findfp.o)
                0x08008e84                __sinit
 .text.__sfp_lock_acquire
                0x08008f90        0xc c:/progra~2/gnuarm~1/102021~1.10/bin/../lib/gcc/arm-none-eabi/10.3.1/../../../../arm-none-eabi/lib/thumb/v7e-m+fp/hard\libg.a(lib_a-findfp.o)
                0x08008f90                __sfp_lock_acquire
 .text.__sfp_lock_release
                0x08008f9c        0xc c:/progra~2/gnuarm~1/102021~1.10/bin/../lib/gcc/arm-none-eabi/10.3.1/../../../../arm-none-eabi/lib/thumb/v7e-m+fp/hard\libg.a(lib_a-findfp.o)
                0x08008f9c                __sfp_lock_release
 .text._malloc_trim_r
                0x08008fa8       0xa0 c:/progra~2/gnuarm~1/102021~1.10/bin/../lib/gcc/arm-none-eabi/10.3.1/../../../../arm-none-eabi/lib/thumb/v7e-m+fp/hard\libg.a(lib_a-freer.o)
                0x08008fa8                _malloc_trim_r
 .text._free_r  0x08009048      0x20c c:/progra~2/gnuarm~1/102021~1.10/bin/../lib/gcc/arm-none-eabi/10.3.1/../../../../arm-none-eabi/lib/thumb/v7e-m+fp/hard\libg.a(lib_a-freer.o)
                0x08009048                _free_r
 .text.__sfvwrite_r
                0x08009254      0x2f0 c:/progra~2/gnuarm~1/102021~1.10/bin/../lib/gcc/arm-none-eabi/10.3.1/../../../../arm-none-eabi/lib/thumb/v7e-m+fp/hard\libg.a(lib_a-fvwrite.o)
                0x08009254                __sfvwrite_r
 .text._fwalk_reent
                0x08009544       0x48 c:/progra~2/gnuarm~1/102021~1.10/bin/../lib/gcc/arm-none-eabi/10.3.1/../../../../arm-none-eabi/lib/thumb/v7e-m+fp/hard\libg.a(lib_a-fwalk.o)
                0x08009544                _fwalk_reent
 .text._localeconv_r
                0x0800958c        0x8 c:/progra~2/gnuarm~1/102021~1.10/bin/../lib/gcc/arm-none-eabi/10.3.1/../../../../arm-none-eabi/lib/thumb/v7e-m+fp/hard\libg.a(lib_a-localeconv.o)
                0x0800958c                _localeconv_r
 .text.__smakebuf_r
                0x08009594       0xe0 c:/progra~2/gnuarm~1/102021~1.10/bin/../lib/gcc/arm-none-eabi/10.3.1/../../../../arm-none-eabi/lib/thumb/v7e-m+fp/hard\libg.a(lib_a-makebuf.o)
                0x08009594                __smakebuf_r
 .text._malloc_r
                0x08009674      0x560 c:/progra~2/gnuarm~1/102021~1.10/bin/../lib/gcc/arm-none-eabi/10.3.1/../../../../arm-none-eabi/lib/thumb/v7e-m+fp/hard\libg.a(lib_a-mallocr.o)
                0x08009674                _malloc_r
 .text.memmove  0x08009bd4       0xf8 c:/progra~2/gnuarm~1/102021~1.10/bin/../lib/gcc/arm-none-eabi/10.3.1/../../../../arm-none-eabi/lib/thumb/v7e-m+fp/hard\libg.a(lib_a-memmove.o)
                0x08009bd4                memmove
 .text.__malloc_lock
                0x08009ccc        0xc c:/progra~2/gnuarm~1/102021~1.10/bin/../lib/gcc/arm-none-eabi/10.3.1/../../../../arm-none-eabi/lib/thumb/v7e-m+fp/hard\libg.a(lib_a-mlock.o)
                0x08009ccc                __malloc_lock
 .text.__malloc_unlock
                0x08009cd8        0xc c:/progra~2/gnuarm~1/102021~1.10/bin/../lib/gcc/arm-none-eabi/10.3.1/../../../../arm-none-eabi/lib/thumb/v7e-m+fp/hard\libg.a(lib_a-mlock.o)
                0x08009cd8                __malloc_unlock
 .text._Balloc  0x08009ce4       0x4c c:/progra~2/gnuarm~1/102021~1.10/bin/../lib/gcc/arm-none-eabi/10.3.1/../../../../arm-none-eabi/lib/thumb/v7e-m+fp/hard\libg.a(lib_a-mprec.o)
                0x08009ce4                _Balloc
 .text._Bfree   0x08009d30       0x14 c:/progra~2/gnuarm~1/102021~1.10/bin/../lib/gcc/arm-none-eabi/10.3.1/../../../../arm-none-eabi/lib/thumb/v7e-m+fp/hard\libg.a(lib_a-mprec.o)
                0x08009d30                _Bfree
 .text.__multadd
                0x08009d44       0xa8 c:/progra~2/gnuarm~1/102021~1.10/bin/../lib/gcc/arm-none-eabi/10.3.1/../../../../arm-none-eabi/lib/thumb/v7e-m+fp/hard\libg.a(lib_a-mprec.o)
                0x08009d44                __multadd
 .text.__hi0bits
                0x08009dec       0x40 c:/progra~2/gnuarm~1/102021~1.10/bin/../lib/gcc/arm-none-eabi/10.3.1/../../../../arm-none-eabi/lib/thumb/v7e-m+fp/hard\libg.a(lib_a-mprec.o)
                0x08009dec                __hi0bits
 .text.__lo0bits
                0x08009e2c       0x60 c:/progra~2/gnuarm~1/102021~1.10/bin/../lib/gcc/arm-none-eabi/10.3.1/../../../../arm-none-eabi/lib/thumb/v7e-m+fp/hard\libg.a(lib_a-mprec.o)
                0x08009e2c                __lo0bits
 .text.__i2b    0x08009e8c       0x5c c:/progra~2/gnuarm~1/102021~1.10/bin/../lib/gcc/arm-none-eabi/10.3.1/../../../../arm-none-eabi/lib/thumb/v7e-m+fp/hard\libg.a(lib_a-mprec.o)
                0x08009e8c                __i2b
 .text.__multiply
                0x08009ee8      0x15c c:/progra~2/gnuarm~1/102021~1.10/bin/../lib/gcc/arm-none-eabi/10.3.1/../../../../arm-none-eabi/lib/thumb/v7e-m+fp/hard\libg.a(lib_a-mprec.o)
                0x08009ee8                __multiply
 .text.__pow5mult
                0x0800a044       0xc0 c:/progra~2/gnuarm~1/102021~1.10/bin/../lib/gcc/arm-none-eabi/10.3.1/../../../../arm-none-eabi/lib/thumb/v7e-m+fp/hard\libg.a(lib_a-mprec.o)
                0x0800a044                __pow5mult
 .text.__lshift
                0x0800a104       0xf0 c:/progra~2/gnuarm~1/102021~1.10/bin/../lib/gcc/arm-none-eabi/10.3.1/../../../../arm-none-eabi/lib/thumb/v7e-m+fp/hard\libg.a(lib_a-mprec.o)
                0x0800a104                __lshift
 .text.__mcmp   0x0800a1f4       0x44 c:/progra~2/gnuarm~1/102021~1.10/bin/../lib/gcc/arm-none-eabi/10.3.1/../../../../arm-none-eabi/lib/thumb/v7e-m+fp/hard\libg.a(lib_a-mprec.o)
                0x0800a1f4                __mcmp
 .text.__mdiff  0x0800a238      0x14c c:/progra~2/gnuarm~1/102021~1.10/bin/../lib/gcc/arm-none-eabi/10.3.1/../../../../arm-none-eabi/lib/thumb/v7e-m+fp/hard\libg.a(lib_a-mprec.o)
                0x0800a238                __mdiff
 .text.__d2b    0x0800a384       0xd0 c:/progra~2/gnuarm~1/102021~1.10/bin/../lib/gcc/arm-none-eabi/10.3.1/../../../../arm-none-eabi/lib/thumb/v7e-m+fp/hard\libg.a(lib_a-mprec.o)
                0x0800a384                __d2b
 .text._realloc_r
                0x0800a454      0x3d8 c:/progra~2/gnuarm~1/102021~1.10/bin/../lib/gcc/arm-none-eabi/10.3.1/../../../../arm-none-eabi/lib/thumb/v7e-m+fp/hard\libg.a(lib_a-reallocr.o)
                0x0800a454                _realloc_r
 .text.frexp    0x0800a82c       0x6c c:/progra~2/gnuarm~1/102021~1.10/bin/../lib/gcc/arm-none-eabi/10.3.1/../../../../arm-none-eabi/lib/thumb/v7e-m+fp/hard\libg.a(lib_a-s_frexp.o)
                0x0800a82c                frexp
 .text._sbrk_r  0x0800a898       0x24 c:/progra~2/gnuarm~1/102021~1.10/bin/../lib/gcc/arm-none-eabi/10.3.1/../../../../arm-none-eabi/lib/thumb/v7e-m+fp/hard\libg.a(lib_a-sbrkr.o)
                0x0800a898                _sbrk_r
 .text.__sread  0x0800a8bc       0x24 c:/progra~2/gnuarm~1/102021~1.10/bin/../lib/gcc/arm-none-eabi/10.3.1/../../../../arm-none-eabi/lib/thumb/v7e-m+fp/hard\libg.a(lib_a-stdio.o)
                0x0800a8bc                __sread
 .text.__swrite
                0x0800a8e0       0x40 c:/progra~2/gnuarm~1/102021~1.10/bin/../lib/gcc/arm-none-eabi/10.3.1/../../../../arm-none-eabi/lib/thumb/v7e-m+fp/hard\libg.a(lib_a-stdio.o)
                0x0800a8e0                __swrite
 .text.__sseek  0x0800a920       0x20 c:/progra~2/gnuarm~1/102021~1.10/bin/../lib/gcc/arm-none-eabi/10.3.1/../../../../arm-none-eabi/lib/thumb/v7e-m+fp/hard\libg.a(lib_a-stdio.o)
                0x0800a920                __sseek
 .text.__sclose
                0x0800a940        0x8 c:/progra~2/gnuarm~1/102021~1.10/bin/../lib/gcc/arm-none-eabi/10.3.1/../../../../arm-none-eabi/lib/thumb/v7e-m+fp/hard\libg.a(lib_a-stdio.o)
                0x0800a940                __sclose
 .text.strncpy  0x0800a948       0x64 c:/progra~2/gnuarm~1/102021~1.10/bin/../lib/gcc/arm-none-eabi/10.3.1/../../../../arm-none-eabi/lib/thumb/v7e-m+fp/hard\libg.a(lib_a-strncpy.o)
                0x0800a948                strncpy
 .text.__sprint_r.part.0
                0x0800a9ac       0x78 c:/progra~2/gnuarm~1/102021~1.10/bin/../lib/gcc/arm-none-eabi/10.3.1/../../../../arm-none-eabi/lib/thumb/v7e-m+fp/hard\libg.a(lib_a-vfiprintf.o)
 .text.__sprint_r
                0x0800aa24       0x18 c:/progra~2/gnuarm~1/102021~1.10/bin/../lib/gcc/arm-none-eabi/10.3.1/../../../../arm-none-eabi/lib/thumb/v7e-m+fp/hard\libg.a(lib_a-vfiprintf.o)
                0x0800aa24                __sprint_r
 .text._vfiprintf_r
                0x0800aa3c      0xdfc c:/progra~2/gnuarm~1/102021~1.10/bin/../lib/gcc/arm-none-eabi/10.3.1/../../../../arm-none-eabi/lib/thumb/v7e-m+fp/hard\libg.a(lib_a-vfiprintf.o)
                0x0800aa3c                _vfiprintf_r
 .text.__sbprintf
                0x0800b838       0x80 c:/progra~2/gnuarm~1/102021~1.10/bin/../lib/gcc/arm-none-eabi/10.3.1/../../../../arm-none-eabi/lib/thumb/v7e-m+fp/hard\libg.a(lib_a-vfiprintf.o)
 .text._write_r
                0x0800b8b8       0x2c c:/progra~2/gnuarm~1/102021~1.10/bin/../lib/gcc/arm-none-eabi/10.3.1/../../../../arm-none-eabi/lib/thumb/v7e-m+fp/hard\libg.a(lib_a-writer.o)
                0x0800b8b8                _write_r
 .text.__assert_func
                0x0800b8e4       0x40 c:/progra~2/gnuarm~1/102021~1.10/bin/../lib/gcc/arm-none-eabi/10.3.1/../../../../arm-none-eabi/lib/thumb/v7e-m+fp/hard\libg.a(lib_a-assert.o)
                0x0800b8e4                __assert_func
 .text._calloc_r
                0x0800b924       0x78 c:/progra~2/gnuarm~1/102021~1.10/bin/../lib/gcc/arm-none-eabi/10.3.1/../../../../arm-none-eabi/lib/thumb/v7e-m+fp/hard\libg.a(lib_a-callocr.o)
                0x0800b924                _calloc_r
 .text._close_r
                0x0800b99c       0x24 c:/progra~2/gnuarm~1/102021~1.10/bin/../lib/gcc/arm-none-eabi/10.3.1/../../../../arm-none-eabi/lib/thumb/v7e-m+fp/hard\libg.a(lib_a-closer.o)
                0x0800b99c                _close_r
 .text._fclose_r
                0x0800b9c0       0xcc c:/progra~2/gnuarm~1/102021~1.10/bin/../lib/gcc/arm-none-eabi/10.3.1/../../../../arm-none-eabi/lib/thumb/v7e-m+fp/hard\libg.a(lib_a-fclose.o)
                0x0800b9c0                _fclose_r
 .text.fiprintf
                0x0800ba8c       0x28 c:/progra~2/gnuarm~1/102021~1.10/bin/../lib/gcc/arm-none-eabi/10.3.1/../../../../arm-none-eabi/lib/thumb/v7e-m+fp/hard\libg.a(lib_a-fiprintf.o)
                0x0800ba8c                fiprintf
 .text.__fputwc
                0x0800bab4       0xa8 c:/progra~2/gnuarm~1/102021~1.10/bin/../lib/gcc/arm-none-eabi/10.3.1/../../../../arm-none-eabi/lib/thumb/v7e-m+fp/hard\libg.a(lib_a-fputwc.o)
                0x0800bab4                __fputwc
 .text._fputwc_r
                0x0800bb5c       0x68 c:/progra~2/gnuarm~1/102021~1.10/bin/../lib/gcc/arm-none-eabi/10.3.1/../../../../arm-none-eabi/lib/thumb/v7e-m+fp/hard\libg.a(lib_a-fputwc.o)
                0x0800bb5c                _fputwc_r
 .text._fstat_r
                0x0800bbc4       0x2c c:/progra~2/gnuarm~1/102021~1.10/bin/../lib/gcc/arm-none-eabi/10.3.1/../../../../arm-none-eabi/lib/thumb/v7e-m+fp/hard\libg.a(lib_a-fstatr.o)
                0x0800bbc4                _fstat_r
 .text._isatty_r
                0x0800bbf0       0x24 c:/progra~2/gnuarm~1/102021~1.10/bin/../lib/gcc/arm-none-eabi/10.3.1/../../../../arm-none-eabi/lib/thumb/v7e-m+fp/hard\libg.a(lib_a-isattyr.o)
                0x0800bbf0                _isatty_r
 .text.__locale_mb_cur_max
                0x0800bc14        0xc c:/progra~2/gnuarm~1/102021~1.10/bin/../lib/gcc/arm-none-eabi/10.3.1/../../../../arm-none-eabi/lib/thumb/v7e-m+fp/hard\libg.a(lib_a-locale.o)
                0x0800bc14                __locale_mb_cur_max
 .text._lseek_r
                0x0800bc20       0x2c c:/progra~2/gnuarm~1/102021~1.10/bin/../lib/gcc/arm-none-eabi/10.3.1/../../../../arm-none-eabi/lib/thumb/v7e-m+fp/hard\libg.a(lib_a-lseekr.o)
                0x0800bc20                _lseek_r
 .text.__ascii_mbtowc
                0x0800bc4c       0x2c c:/progra~2/gnuarm~1/102021~1.10/bin/../lib/gcc/arm-none-eabi/10.3.1/../../../../arm-none-eabi/lib/thumb/v7e-m+fp/hard\libg.a(lib_a-mbtowc_r.o)
                0x0800bc4c                __ascii_mbtowc
 .text._read_r  0x0800bc78       0x2c c:/progra~2/gnuarm~1/102021~1.10/bin/../lib/gcc/arm-none-eabi/10.3.1/../../../../arm-none-eabi/lib/thumb/v7e-m+fp/hard\libg.a(lib_a-readr.o)
                0x0800bc78                _read_r
 .text.__swbuf_r
                0x0800bca4       0xb0 c:/progra~2/gnuarm~1/102021~1.10/bin/../lib/gcc/arm-none-eabi/10.3.1/../../../../arm-none-eabi/lib/thumb/v7e-m+fp/hard\libg.a(lib_a-wbuf.o)
                0x0800bca4                __swbuf_r
 .text._wcrtomb_r
                0x0800bd54       0x3c c:/progra~2/gnuarm~1/102021~1.10/bin/../lib/gcc/arm-none-eabi/10.3.1/../../../../arm-none-eabi/lib/thumb/v7e-m+fp/hard\libg.a(lib_a-wcrtomb.o)
                0x0800bd54                _wcrtomb_r
 .text.__ascii_wctomb
                0x0800bd90       0x1c c:/progra~2/gnuarm~1/102021~1.10/bin/../lib/gcc/arm-none-eabi/10.3.1/../../../../arm-none-eabi/lib/thumb/v7e-m+fp/hard\libg.a(lib_a-wctomb_r.o)
                0x0800bd90                __ascii_wctomb
 .text.abort    0x0800bdac       0x10 c:/progra~2/gnuarm~1/102021~1.10/bin/../lib/gcc/arm-none-eabi/10.3.1/../../../../arm-none-eabi/lib/thumb/v7e-m+fp/hard\libg.a(lib_a-abort.o)
                0x0800bdac                abort
 .text.raise    0x0800bdbc       0x5c c:/progra~2/gnuarm~1/102021~1.10/bin/../lib/gcc/arm-none-eabi/10.3.1/../../../../arm-none-eabi/lib/thumb/v7e-m+fp/hard\libg.a(lib_a-signal.o)
                0x0800bdbc                raise
 .text._kill_r  0x0800be18       0x2c c:/progra~2/gnuarm~1/102021~1.10/bin/../lib/gcc/arm-none-eabi/10.3.1/../../../../arm-none-eabi/lib/thumb/v7e-m+fp/hard\libg.a(lib_a-signalr.o)
                0x0800be18                _kill_r
 .text._getpid_r
                0x0800be44        0x4 c:/progra~2/gnuarm~1/102021~1.10/bin/../lib/gcc/arm-none-eabi/10.3.1/../../../../arm-none-eabi/lib/thumb/v7e-m+fp/hard\libg.a(lib_a-signalr.o)
                0x0800be44                _getpid_r
 *(.glue_7)
 .glue_7        0x0800be48        0x0 linker stubs
 *(.glue_7t)
 .glue_7t       0x0800be48        0x0 linker stubs
 *(.eh_frame)
 .eh_frame      0x0800be48        0x0 c:/progra~2/gnuarm~1/102021~1.10/bin/../lib/gcc/arm-none-eabi/10.3.1/thumb/v7e-m+fp/hard/crtbegin.o
 *(.init)
 .init          0x0800be48        0x4 c:/progra~2/gnuarm~1/102021~1.10/bin/../lib/gcc/arm-none-eabi/10.3.1/thumb/v7e-m+fp/hard/crti.o
                0x0800be48                _init
 .init          0x0800be4c        0x8 c:/progra~2/gnuarm~1/102021~1.10/bin/../lib/gcc/arm-none-eabi/10.3.1/thumb/v7e-m+fp/hard/crtn.o
 *(.fini)
 .fini          0x0800be54        0x4 c:/progra~2/gnuarm~1/102021~1.10/bin/../lib/gcc/arm-none-eabi/10.3.1/thumb/v7e-m+fp/hard/crti.o
                0x0800be54                _fini
 .fini          0x0800be58        0x8 c:/progra~2/gnuarm~1/102021~1.10/bin/../lib/gcc/arm-none-eabi/10.3.1/thumb/v7e-m+fp/hard/crtn.o
                0x0800be60                . = ALIGN (0x8)
                0x0800be60                _etext = .

.vfp11_veneer   0x0800be60        0x0
 .vfp11_veneer  0x0800be60        0x0 linker stubs

.v4_bx          0x0800be60        0x0
 .v4_bx         0x0800be60        0x0 linker stubs

.iplt           0x0800be60        0x0
 .iplt          0x0800be60        0x0 c:/progra~2/gnuarm~1/102021~1.10/bin/../lib/gcc/arm-none-eabi/10.3.1/thumb/v7e-m+fp/hard/crtbegin.o

.rodata         0x0800be60      0x548
                0x0800be60                . = ALIGN (0x8)
 *(.rodata)
 .rodata        0x0800be60       0x1c CMakeFiles/L4.dir/Hardware/Src/icm20608.c.obj
 .rodata        0x0800be7c       0xe4 CMakeFiles/L4.dir/Core/Src/main.c.obj
 *(.rodata*)
 .rodata._global_impure_ptr
                0x0800bf60        0x4 c:/progra~2/gnuarm~1/102021~1.10/bin/../lib/gcc/arm-none-eabi/10.3.1/../../../../arm-none-eabi/lib/thumb/v7e-m+fp/hard\libc.a(lib_a-impure.o)
                0x0800bf60                _global_impure_ptr
 .rodata.AHBPrescTable
                0x0800bf64       0x10 CMakeFiles/L4.dir/Core/Src/system_stm32l4xx.c.obj
                0x0800bf64                AHBPrescTable
 .rodata.APBPrescTable
                0x0800bf74        0x8 CMakeFiles/L4.dir/Core/Src/system_stm32l4xx.c.obj
                0x0800bf74                APBPrescTable
 .rodata.MSIRangeTable
                0x0800bf7c       0x30 CMakeFiles/L4.dir/Core/Src/system_stm32l4xx.c.obj
                0x0800bf7c                MSIRangeTable
 .rodata._puts_r.str1.4
                0x0800bfac        0x2 c:/progra~2/gnuarm~1/102021~1.10/bin/../lib/gcc/arm-none-eabi/10.3.1/../../../../arm-none-eabi/lib/thumb/v7e-m+fp/hard\libg.a(lib_a-puts.o)
 *fill*         0x0800bfae        0x2 
 .rodata._vfprintf_r.str1.4
                0x0800bfb0       0x42 c:/progra~2/gnuarm~1/102021~1.10/bin/../lib/gcc/arm-none-eabi/10.3.1/../../../../arm-none-eabi/lib/thumb/v7e-m+fp/hard\libg.a(lib_a-vfprintf.o)
 *fill*         0x0800bff2        0x2 
 .rodata.blanks.1
                0x0800bff4       0x10 c:/progra~2/gnuarm~1/102021~1.10/bin/../lib/gcc/arm-none-eabi/10.3.1/../../../../arm-none-eabi/lib/thumb/v7e-m+fp/hard\libg.a(lib_a-vfprintf.o)
 .rodata.zeroes.0
                0x0800c004       0x10 c:/progra~2/gnuarm~1/102021~1.10/bin/../lib/gcc/arm-none-eabi/10.3.1/../../../../arm-none-eabi/lib/thumb/v7e-m+fp/hard\libg.a(lib_a-vfprintf.o)
 .rodata._dtoa_r.str1.4
                0x0800c014       0xa2 c:/progra~2/gnuarm~1/102021~1.10/bin/../lib/gcc/arm-none-eabi/10.3.1/../../../../arm-none-eabi/lib/thumb/v7e-m+fp/hard\libg.a(lib_a-dtoa.o)
                                 0xa6 (size before relaxing)
 *fill*         0x0800c0b6        0x2 
 .rodata.__multadd.str1.4
                0x0800c0b8       0x7f c:/progra~2/gnuarm~1/102021~1.10/bin/../lib/gcc/arm-none-eabi/10.3.1/../../../../arm-none-eabi/lib/thumb/v7e-m+fp/hard\libg.a(lib_a-mprec.o)
                                 0x93 (size before relaxing)
 *fill*         0x0800c137        0x1 
 .rodata.__mprec_bigtens
                0x0800c138       0x28 c:/progra~2/gnuarm~1/102021~1.10/bin/../lib/gcc/arm-none-eabi/10.3.1/../../../../arm-none-eabi/lib/thumb/v7e-m+fp/hard\libg.a(lib_a-mprec.o)
                0x0800c138                __mprec_bigtens
 .rodata.__mprec_tens
                0x0800c160       0xc8 c:/progra~2/gnuarm~1/102021~1.10/bin/../lib/gcc/arm-none-eabi/10.3.1/../../../../arm-none-eabi/lib/thumb/v7e-m+fp/hard\libg.a(lib_a-mprec.o)
                0x0800c160                __mprec_tens
 .rodata.p05.0  0x0800c228        0xc c:/progra~2/gnuarm~1/102021~1.10/bin/../lib/gcc/arm-none-eabi/10.3.1/../../../../arm-none-eabi/lib/thumb/v7e-m+fp/hard\libg.a(lib_a-mprec.o)
 .rodata._vfiprintf_r.str1.4
                0x0800c234       0x2f c:/progra~2/gnuarm~1/102021~1.10/bin/../lib/gcc/arm-none-eabi/10.3.1/../../../../arm-none-eabi/lib/thumb/v7e-m+fp/hard\libg.a(lib_a-vfiprintf.o)
 .rodata.blanks.1
                0x0800c234       0x10 c:/progra~2/gnuarm~1/102021~1.10/bin/../lib/gcc/arm-none-eabi/10.3.1/../../../../arm-none-eabi/lib/thumb/v7e-m+fp/hard\libg.a(lib_a-vfiprintf.o)
 .rodata.zeroes.0
                0x0800c244       0x10 c:/progra~2/gnuarm~1/102021~1.10/bin/../lib/gcc/arm-none-eabi/10.3.1/../../../../arm-none-eabi/lib/thumb/v7e-m+fp/hard\libg.a(lib_a-vfiprintf.o)
 .rodata.__assert_func.str1.4
                0x0800c254       0x3f c:/progra~2/gnuarm~1/102021~1.10/bin/../lib/gcc/arm-none-eabi/10.3.1/../../../../arm-none-eabi/lib/thumb/v7e-m+fp/hard\libg.a(lib_a-assert.o)
                                 0x43 (size before relaxing)
 *fill*         0x0800c293        0x1 
 .rodata._setlocale_r.str1.4
                0x0800c294        0xa c:/progra~2/gnuarm~1/102021~1.10/bin/../lib/gcc/arm-none-eabi/10.3.1/../../../../arm-none-eabi/lib/thumb/v7e-m+fp/hard\libg.a(lib_a-locale.o)
                                  0xd (size before relaxing)
 *fill*         0x0800c29e        0x2 
 .rodata.str1.4
                0x0800c2a0        0x2 c:/progra~2/gnuarm~1/102021~1.10/bin/../lib/gcc/arm-none-eabi/10.3.1/../../../../arm-none-eabi/lib/thumb/v7e-m+fp/hard\libg.a(lib_a-locale.o)
 *fill*         0x0800c2a2        0x2 
 .rodata._ctype_
                0x0800c2a4      0x101 c:/progra~2/gnuarm~1/102021~1.10/bin/../lib/gcc/arm-none-eabi/10.3.1/../../../../arm-none-eabi/lib/thumb/v7e-m+fp/hard\libg.a(lib_a-ctype_.o)
                0x0800c2a4                _ctype_
                0x0800c3a8                . = ALIGN (0x8)
 *fill*         0x0800c3a5        0x3 

.ARM.extab      0x0800c3a8        0x0
                0x0800c3a8                . = ALIGN (0x8)
 *(.ARM.extab* .gnu.linkonce.armextab.*)
                0x0800c3a8                . = ALIGN (0x8)

.ARM            0x0800c3a8        0x8
                0x0800c3a8                . = ALIGN (0x8)
                0x0800c3a8                __exidx_start = .
 *(.ARM.exidx*)
 .ARM.exidx     0x0800c3a8        0x8 c:/progra~2/gnuarm~1/102021~1.10/bin/../lib/gcc/arm-none-eabi/10.3.1/thumb/v7e-m+fp/hard\libgcc.a(_udivmoddi4.o)
                0x0800c3b0                __exidx_end = .
                0x0800c3b0                . = ALIGN (0x8)

.rel.dyn        0x0800c3b0        0x0
 .rel.iplt      0x0800c3b0        0x0 c:/progra~2/gnuarm~1/102021~1.10/bin/../lib/gcc/arm-none-eabi/10.3.1/thumb/v7e-m+fp/hard/crtbegin.o

.preinit_array  0x0800c3b0        0x0
                0x0800c3b0                . = ALIGN (0x8)
                0x0800c3b0                PROVIDE (__preinit_array_start = .)
 *(.preinit_array*)
                0x0800c3b0                PROVIDE (__preinit_array_end = .)
                0x0800c3b0                . = ALIGN (0x8)

.init_array     0x0800c3b0        0x8
                0x0800c3b0                . = ALIGN (0x8)
                0x0800c3b0                PROVIDE (__init_array_start = .)
 *(SORT_BY_NAME(.init_array.*))
 .init_array.00000
                0x0800c3b0        0x4 c:/progra~2/gnuarm~1/102021~1.10/bin/../lib/gcc/arm-none-eabi/10.3.1/../../../../arm-none-eabi/lib/thumb/v7e-m+fp/hard\libc.a(lib_a-__call_atexit.o)
 *(.init_array*)
 .init_array    0x0800c3b4        0x4 c:/progra~2/gnuarm~1/102021~1.10/bin/../lib/gcc/arm-none-eabi/10.3.1/thumb/v7e-m+fp/hard/crtbegin.o
                0x0800c3b8                PROVIDE (__init_array_end = .)
                0x0800c3b8                . = ALIGN (0x8)

.fini_array     0x0800c3b8        0x8
                0x0800c3b8                . = ALIGN (0x8)
                0x0800c3b8                PROVIDE (__fini_array_start = .)
 *(SORT_BY_NAME(.fini_array.*))
 *(.fini_array*)
 .fini_array    0x0800c3b8        0x4 c:/progra~2/gnuarm~1/102021~1.10/bin/../lib/gcc/arm-none-eabi/10.3.1/thumb/v7e-m+fp/hard/crtbegin.o
                0x0800c3bc                PROVIDE (__fini_array_end = .)
                0x0800c3c0                . = ALIGN (0x8)
 *fill*         0x0800c3bc        0x4 
                0x0800c3c0                _sidata = LOADADDR (.data)

.data           0x20000000      0xa08 load address 0x0800c3c0
                0x20000000                . = ALIGN (0x8)
                0x20000000                _sdata = .
 *(.data)
 *(.data*)
 .data._impure_ptr
                0x20000000        0x4 c:/progra~2/gnuarm~1/102021~1.10/bin/../lib/gcc/arm-none-eabi/10.3.1/../../../../arm-none-eabi/lib/thumb/v7e-m+fp/hard\libc.a(lib_a-impure.o)
                0x20000000                _impure_ptr
 *fill*         0x20000004        0x4 
 .data.impure_data
                0x20000008      0x428 c:/progra~2/gnuarm~1/102021~1.10/bin/../lib/gcc/arm-none-eabi/10.3.1/../../../../arm-none-eabi/lib/thumb/v7e-m+fp/hard\libc.a(lib_a-impure.o)
 .data.__atexit_recursive_mutex
                0x20000430        0x4 c:/progra~2/gnuarm~1/102021~1.10/bin/../lib/gcc/arm-none-eabi/10.3.1/../../../../arm-none-eabi/lib/thumb/v7e-m+fp/hard\libc.a(lib_a-__call_atexit.o)
                0x20000430                __atexit_recursive_mutex
 .data.kalman.1
                0x20000434       0x48 CMakeFiles/L4.dir/Hardware/Src/icm20608.c.obj
 .data.uwTickPrio
                0x2000047c        0x4 CMakeFiles/L4.dir/Drivers/STM32L4xx_HAL_Driver/Src/stm32l4xx_hal.c.obj
                0x2000047c                uwTickPrio
 .data.uwTickFreq
                0x20000480        0x1 CMakeFiles/L4.dir/Drivers/STM32L4xx_HAL_Driver/Src/stm32l4xx_hal.c.obj
                0x20000480                uwTickFreq
 *fill*         0x20000481        0x3 
 .data.SystemCoreClock
                0x20000484        0x4 CMakeFiles/L4.dir/Core/Src/system_stm32l4xx.c.obj
                0x20000484                SystemCoreClock
 .data.__malloc_av_
                0x20000488      0x408 c:/progra~2/gnuarm~1/102021~1.10/bin/../lib/gcc/arm-none-eabi/10.3.1/../../../../arm-none-eabi/lib/thumb/v7e-m+fp/hard\libg.a(lib_a-mallocr.o)
                0x20000488                __malloc_av_
 .data.__malloc_sbrk_base
                0x20000890        0x4 c:/progra~2/gnuarm~1/102021~1.10/bin/../lib/gcc/arm-none-eabi/10.3.1/../../../../arm-none-eabi/lib/thumb/v7e-m+fp/hard\libg.a(lib_a-mallocr.o)
                0x20000890                __malloc_sbrk_base
 .data.__malloc_trim_threshold
                0x20000894        0x4 c:/progra~2/gnuarm~1/102021~1.10/bin/../lib/gcc/arm-none-eabi/10.3.1/../../../../arm-none-eabi/lib/thumb/v7e-m+fp/hard\libg.a(lib_a-mallocr.o)
                0x20000894                __malloc_trim_threshold
 .data.__global_locale
                0x20000898      0x16c c:/progra~2/gnuarm~1/102021~1.10/bin/../lib/gcc/arm-none-eabi/10.3.1/../../../../arm-none-eabi/lib/thumb/v7e-m+fp/hard\libg.a(lib_a-locale.o)
                0x20000898                __global_locale
                0x20000a08                . = ALIGN (0x8)
 *fill*         0x20000a04        0x4 
                0x20000a08                _edata = .

.igot.plt       0x20000a08        0x0 load address 0x0800cdc8
 .igot.plt      0x20000a08        0x0 c:/progra~2/gnuarm~1/102021~1.10/bin/../lib/gcc/arm-none-eabi/10.3.1/thumb/v7e-m+fp/hard/crtbegin.o
                0x20000a08                . = ALIGN (0x4)

.bss            0x20000a08      0x1a8 load address 0x0800cdc8
                0x20000a08                _sbss = .
                0x20000a08                __bss_start__ = _sbss
 *(.bss)
 .bss           0x20000a08       0x1c c:/progra~2/gnuarm~1/102021~1.10/bin/../lib/gcc/arm-none-eabi/10.3.1/thumb/v7e-m+fp/hard/crtbegin.o
 *(.bss*)
 .bss.__lock___atexit_recursive_mutex
                0x20000a24        0x1 c:/progra~2/gnuarm~1/102021~1.10/bin/../lib/gcc/arm-none-eabi/10.3.1/../../../../arm-none-eabi/lib/thumb/v7e-m+fp/hard\libc.a(lib_a-lock.o)
                0x20000a24                __lock___atexit_recursive_mutex
 *fill*         0x20000a25        0x3 
 .bss.__lock___malloc_recursive_mutex
                0x20000a28        0x1 c:/progra~2/gnuarm~1/102021~1.10/bin/../lib/gcc/arm-none-eabi/10.3.1/../../../../arm-none-eabi/lib/thumb/v7e-m+fp/hard\libc.a(lib_a-lock.o)
                0x20000a28                __lock___malloc_recursive_mutex
 *fill*         0x20000a29        0x3 
 .bss.__lock___sfp_recursive_mutex
                0x20000a2c        0x1 c:/progra~2/gnuarm~1/102021~1.10/bin/../lib/gcc/arm-none-eabi/10.3.1/../../../../arm-none-eabi/lib/thumb/v7e-m+fp/hard\libc.a(lib_a-lock.o)
                0x20000a2c                __lock___sfp_recursive_mutex
 *fill*         0x20000a2d        0x3 
 .bss.__lock___sinit_recursive_mutex
                0x20000a30        0x1 c:/progra~2/gnuarm~1/102021~1.10/bin/../lib/gcc/arm-none-eabi/10.3.1/../../../../arm-none-eabi/lib/thumb/v7e-m+fp/hard\libc.a(lib_a-lock.o)
                0x20000a30                __lock___sinit_recursive_mutex
 .bss.is_init.0
                0x20000a31        0x1 CMakeFiles/L4.dir/GwLib/Src/i2c.c.obj
 *fill*         0x20000a32        0x2 
 .bss.MPU6050   0x20000a34       0x60 CMakeFiles/L4.dir/Hardware/Src/icm20608.c.obj
                0x20000a34                MPU6050
 .bss.localGyro.0
                0x20000a94        0x6 CMakeFiles/L4.dir/Hardware/Src/icm20608.c.obj
 *fill*         0x20000a9a        0x2 
 .bss.htim1     0x20000a9c       0x4c CMakeFiles/L4.dir/Core/Src/tim.c.obj
                0x20000a9c                htim1
 .bss.huart1    0x20000ae8       0x88 CMakeFiles/L4.dir/Core/Src/usart.c.obj
                0x20000ae8                huart1
 .bss.uwTick    0x20000b70        0x4 CMakeFiles/L4.dir/Drivers/STM32L4xx_HAL_Driver/Src/stm32l4xx_hal.c.obj
                0x20000b70                uwTick
 .bss.__sbrk_heap_end
                0x20000b74        0x4 CMakeFiles/L4.dir/Core/Src/sysmem.c.obj
 .bss.__malloc_current_mallinfo
                0x20000b78       0x28 c:/progra~2/gnuarm~1/102021~1.10/bin/../lib/gcc/arm-none-eabi/10.3.1/../../../../arm-none-eabi/lib/thumb/v7e-m+fp/hard\libg.a(lib_a-mallocr.o)
                0x20000b78                __malloc_current_mallinfo
 .bss.__malloc_max_sbrked_mem
                0x20000ba0        0x4 c:/progra~2/gnuarm~1/102021~1.10/bin/../lib/gcc/arm-none-eabi/10.3.1/../../../../arm-none-eabi/lib/thumb/v7e-m+fp/hard\libg.a(lib_a-mallocr.o)
                0x20000ba0                __malloc_max_sbrked_mem
 .bss.__malloc_max_total_mem
                0x20000ba4        0x4 c:/progra~2/gnuarm~1/102021~1.10/bin/../lib/gcc/arm-none-eabi/10.3.1/../../../../arm-none-eabi/lib/thumb/v7e-m+fp/hard\libg.a(lib_a-mallocr.o)
                0x20000ba4                __malloc_max_total_mem
 .bss.__malloc_top_pad
                0x20000ba8        0x4 c:/progra~2/gnuarm~1/102021~1.10/bin/../lib/gcc/arm-none-eabi/10.3.1/../../../../arm-none-eabi/lib/thumb/v7e-m+fp/hard\libg.a(lib_a-mallocr.o)
                0x20000ba8                __malloc_top_pad
 .bss.errno     0x20000bac        0x4 c:/progra~2/gnuarm~1/102021~1.10/bin/../lib/gcc/arm-none-eabi/10.3.1/../../../../arm-none-eabi/lib/thumb/v7e-m+fp/hard\libg.a(lib_a-reent.o)
                0x20000bac                errno
 *(COMMON)
                0x20000bb0                . = ALIGN (0x4)
                0x20000bb0                _ebss = .
                0x20000bb0                __bss_end__ = _ebss

._user_heap_stack
                0x20000bb0      0x600 load address 0x0800cdc8
                0x20000bb0                . = ALIGN (0x8)
                [!provide]                PROVIDE (end = .)
                0x20000bb0                PROVIDE (_end = .)
                0x20000db0                . = (. + _Min_Heap_Size)
 *fill*         0x20000bb0      0x200 
                0x200011b0                . = (. + _Min_Stack_Size)
 *fill*         0x20000db0      0x400 
                0x200011b0                . = ALIGN (0x8)

/DISCARD/
 libc.a(*)
 libm.a(*)
 libgcc.a(*)

.ARM.attributes
                0x00000000       0x30
 *(.ARM.attributes)
 .ARM.attributes
                0x00000000       0x1e c:/progra~2/gnuarm~1/102021~1.10/bin/../lib/gcc/arm-none-eabi/10.3.1/thumb/v7e-m+fp/hard/crti.o
 .ARM.attributes
                0x0000001e       0x34 c:/progra~2/gnuarm~1/102021~1.10/bin/../lib/gcc/arm-none-eabi/10.3.1/thumb/v7e-m+fp/hard/crtbegin.o
 .ARM.attributes
                0x00000052       0x34 c:/progra~2/gnuarm~1/102021~1.10/bin/../lib/gcc/arm-none-eabi/10.3.1/../../../../arm-none-eabi/lib/thumb/v7e-m+fp/hard\libc.a(lib_a-impure.o)
 .ARM.attributes
                0x00000086       0x34 c:/progra~2/gnuarm~1/102021~1.10/bin/../lib/gcc/arm-none-eabi/10.3.1/../../../../arm-none-eabi/lib/thumb/v7e-m+fp/hard\libc.a(lib_a-init.o)
 .ARM.attributes
                0x000000ba       0x34 c:/progra~2/gnuarm~1/102021~1.10/bin/../lib/gcc/arm-none-eabi/10.3.1/../../../../arm-none-eabi/lib/thumb/v7e-m+fp/hard\libc.a(lib_a-memset.o)
 .ARM.attributes
                0x000000ee       0x34 c:/progra~2/gnuarm~1/102021~1.10/bin/../lib/gcc/arm-none-eabi/10.3.1/../../../../arm-none-eabi/lib/thumb/v7e-m+fp/hard\libc.a(lib_a-__call_atexit.o)
 .ARM.attributes
                0x00000122       0x34 c:/progra~2/gnuarm~1/102021~1.10/bin/../lib/gcc/arm-none-eabi/10.3.1/../../../../arm-none-eabi/lib/thumb/v7e-m+fp/hard\libc.a(lib_a-atexit.o)
 .ARM.attributes
                0x00000156       0x34 c:/progra~2/gnuarm~1/102021~1.10/bin/../lib/gcc/arm-none-eabi/10.3.1/../../../../arm-none-eabi/lib/thumb/v7e-m+fp/hard\libc.a(lib_a-fini.o)
 .ARM.attributes
                0x0000018a       0x34 c:/progra~2/gnuarm~1/102021~1.10/bin/../lib/gcc/arm-none-eabi/10.3.1/../../../../arm-none-eabi/lib/thumb/v7e-m+fp/hard\libc.a(lib_a-lock.o)
 .ARM.attributes
                0x000001be       0x34 c:/progra~2/gnuarm~1/102021~1.10/bin/../lib/gcc/arm-none-eabi/10.3.1/../../../../arm-none-eabi/lib/thumb/v7e-m+fp/hard\libc.a(lib_a-__atexit.o)
 .ARM.attributes
                0x000001f2       0x34 CMakeFiles/L4.dir/GwLib/Src/i2c.c.obj
 .ARM.attributes
                0x00000226       0x34 CMakeFiles/L4.dir/GwLib/Src/kalman.c.obj
 .ARM.attributes
                0x0000025a       0x34 CMakeFiles/L4.dir/Hardware/Src/icm20608.c.obj
 .ARM.attributes
                0x0000028e       0x34 CMakeFiles/L4.dir/Core/Src/main.c.obj
 .ARM.attributes
                0x000002c2       0x34 CMakeFiles/L4.dir/Core/Src/gpio.c.obj
 .ARM.attributes
                0x000002f6       0x34 CMakeFiles/L4.dir/Core/Src/tim.c.obj
 .ARM.attributes
                0x0000032a       0x34 CMakeFiles/L4.dir/Core/Src/usart.c.obj
 .ARM.attributes
                0x0000035e       0x34 CMakeFiles/L4.dir/Core/Src/stm32l4xx_it.c.obj
 .ARM.attributes
                0x00000392       0x34 CMakeFiles/L4.dir/Core/Src/stm32l4xx_hal_msp.c.obj
 .ARM.attributes
                0x000003c6       0x34 CMakeFiles/L4.dir/Drivers/STM32L4xx_HAL_Driver/Src/stm32l4xx_hal_tim.c.obj
 .ARM.attributes
                0x000003fa       0x34 CMakeFiles/L4.dir/Drivers/STM32L4xx_HAL_Driver/Src/stm32l4xx_hal_tim_ex.c.obj
 .ARM.attributes
                0x0000042e       0x34 CMakeFiles/L4.dir/Drivers/STM32L4xx_HAL_Driver/Src/stm32l4xx_hal.c.obj
 .ARM.attributes
                0x00000462       0x34 CMakeFiles/L4.dir/Drivers/STM32L4xx_HAL_Driver/Src/stm32l4xx_hal_rcc.c.obj
 .ARM.attributes
                0x00000496       0x34 CMakeFiles/L4.dir/Drivers/STM32L4xx_HAL_Driver/Src/stm32l4xx_hal_rcc_ex.c.obj
 .ARM.attributes
                0x000004ca       0x34 CMakeFiles/L4.dir/Drivers/STM32L4xx_HAL_Driver/Src/stm32l4xx_hal_gpio.c.obj
 .ARM.attributes
                0x000004fe       0x34 CMakeFiles/L4.dir/Drivers/STM32L4xx_HAL_Driver/Src/stm32l4xx_hal_dma.c.obj
 .ARM.attributes
                0x00000532       0x34 CMakeFiles/L4.dir/Drivers/STM32L4xx_HAL_Driver/Src/stm32l4xx_hal_pwr_ex.c.obj
 .ARM.attributes
                0x00000566       0x34 CMakeFiles/L4.dir/Drivers/STM32L4xx_HAL_Driver/Src/stm32l4xx_hal_cortex.c.obj
 .ARM.attributes
                0x0000059a       0x34 CMakeFiles/L4.dir/Drivers/STM32L4xx_HAL_Driver/Src/stm32l4xx_hal_uart.c.obj
 .ARM.attributes
                0x000005ce       0x34 CMakeFiles/L4.dir/Drivers/STM32L4xx_HAL_Driver/Src/stm32l4xx_hal_uart_ex.c.obj
 .ARM.attributes
                0x00000602       0x34 CMakeFiles/L4.dir/Core/Src/system_stm32l4xx.c.obj
 .ARM.attributes
                0x00000636       0x34 CMakeFiles/L4.dir/Core/Src/sysmem.c.obj
 .ARM.attributes
                0x0000066a       0x34 CMakeFiles/L4.dir/Core/Src/syscalls.c.obj
 .ARM.attributes
                0x0000069e       0x21 CMakeFiles/L4.dir/startup_stm32l475xx.s.obj
 .ARM.attributes
                0x000006bf       0x1e c:/progra~2/gnuarm~1/102021~1.10/bin/../lib/gcc/arm-none-eabi/10.3.1/thumb/v7e-m+fp/hard\libgcc.a(_arm_addsubdf3.o)
 .ARM.attributes
                0x000006dd       0x1e c:/progra~2/gnuarm~1/102021~1.10/bin/../lib/gcc/arm-none-eabi/10.3.1/thumb/v7e-m+fp/hard\libgcc.a(_aeabi_uldivmod.o)
 .ARM.attributes
                0x000006fb       0x34 c:/progra~2/gnuarm~1/102021~1.10/bin/../lib/gcc/arm-none-eabi/10.3.1/thumb/v7e-m+fp/hard\libgcc.a(_udivmoddi4.o)
 .ARM.attributes
                0x0000072f       0x1e c:/progra~2/gnuarm~1/102021~1.10/bin/../lib/gcc/arm-none-eabi/10.3.1/thumb/v7e-m+fp/hard\libgcc.a(_dvmd_tls.o)
 .ARM.attributes
                0x0000074d       0x34 c:/progra~2/gnuarm~1/102021~1.10/bin/../lib/gcc/arm-none-eabi/10.3.1/../../../../arm-none-eabi/lib/thumb/v7e-m+fp/hard\libg.a(lib_a-errno.o)
 .ARM.attributes
                0x00000781       0x34 c:/progra~2/gnuarm~1/102021~1.10/bin/../lib/gcc/arm-none-eabi/10.3.1/../../../../arm-none-eabi/lib/thumb/v7e-m+fp/hard\libg.a(lib_a-printf.o)
 .ARM.attributes
                0x000007b5       0x34 c:/progra~2/gnuarm~1/102021~1.10/bin/../lib/gcc/arm-none-eabi/10.3.1/../../../../arm-none-eabi/lib/thumb/v7e-m+fp/hard\libg.a(lib_a-puts.o)
 .ARM.attributes
                0x000007e9       0x1c c:/progra~2/gnuarm~1/102021~1.10/bin/../lib/gcc/arm-none-eabi/10.3.1/../../../../arm-none-eabi/lib/thumb/v7e-m+fp/hard\libg.a(lib_a-strlen.o)
 .ARM.attributes
                0x00000805       0x34 c:/progra~2/gnuarm~1/102021~1.10/bin/../lib/gcc/arm-none-eabi/10.3.1/../../../../arm-none-eabi/lib/thumb/v7e-m+fp/hard\libg.a(lib_a-vfprintf.o)
 .ARM.attributes
                0x00000839       0x34 c:/progra~2/gnuarm~1/102021~1.10/bin/../lib/gcc/arm-none-eabi/10.3.1/../../../../arm-none-eabi/lib/thumb/v7e-m+fp/hard\libg.a(lib_a-wsetup.o)
 .ARM.attributes
                0x0000086d       0x34 c:/progra~2/gnuarm~1/102021~1.10/bin/../lib/gcc/arm-none-eabi/10.3.1/../../../../arm-none-eabi/lib/thumb/v7e-m+fp/hard\libg.a(lib_a-dtoa.o)
 .ARM.attributes
                0x000008a1       0x34 c:/progra~2/gnuarm~1/102021~1.10/bin/../lib/gcc/arm-none-eabi/10.3.1/../../../../arm-none-eabi/lib/thumb/v7e-m+fp/hard\libg.a(lib_a-fflush.o)
 .ARM.attributes
                0x000008d5       0x34 c:/progra~2/gnuarm~1/102021~1.10/bin/../lib/gcc/arm-none-eabi/10.3.1/../../../../arm-none-eabi/lib/thumb/v7e-m+fp/hard\libg.a(lib_a-findfp.o)
 .ARM.attributes
                0x00000909       0x34 c:/progra~2/gnuarm~1/102021~1.10/bin/../lib/gcc/arm-none-eabi/10.3.1/../../../../arm-none-eabi/lib/thumb/v7e-m+fp/hard\libg.a(lib_a-freer.o)
 .ARM.attributes
                0x0000093d       0x34 c:/progra~2/gnuarm~1/102021~1.10/bin/../lib/gcc/arm-none-eabi/10.3.1/../../../../arm-none-eabi/lib/thumb/v7e-m+fp/hard\libg.a(lib_a-fvwrite.o)
 .ARM.attributes
                0x00000971       0x34 c:/progra~2/gnuarm~1/102021~1.10/bin/../lib/gcc/arm-none-eabi/10.3.1/../../../../arm-none-eabi/lib/thumb/v7e-m+fp/hard\libg.a(lib_a-fwalk.o)
 .ARM.attributes
                0x000009a5       0x34 c:/progra~2/gnuarm~1/102021~1.10/bin/../lib/gcc/arm-none-eabi/10.3.1/../../../../arm-none-eabi/lib/thumb/v7e-m+fp/hard\libg.a(lib_a-localeconv.o)
 .ARM.attributes
                0x000009d9       0x34 c:/progra~2/gnuarm~1/102021~1.10/bin/../lib/gcc/arm-none-eabi/10.3.1/../../../../arm-none-eabi/lib/thumb/v7e-m+fp/hard\libg.a(lib_a-makebuf.o)
 .ARM.attributes
                0x00000a0d       0x34 c:/progra~2/gnuarm~1/102021~1.10/bin/../lib/gcc/arm-none-eabi/10.3.1/../../../../arm-none-eabi/lib/thumb/v7e-m+fp/hard\libg.a(lib_a-mallocr.o)
 .ARM.attributes
                0x00000a41       0x1c c:/progra~2/gnuarm~1/102021~1.10/bin/../lib/gcc/arm-none-eabi/10.3.1/../../../../arm-none-eabi/lib/thumb/v7e-m+fp/hard\libg.a(lib_a-memchr.o)
 .ARM.attributes
                0x00000a5d       0x1c c:/progra~2/gnuarm~1/102021~1.10/bin/../lib/gcc/arm-none-eabi/10.3.1/../../../../arm-none-eabi/lib/thumb/v7e-m+fp/hard\libg.a(lib_a-memcpy.o)
 .ARM.attributes
                0x00000a79       0x34 c:/progra~2/gnuarm~1/102021~1.10/bin/../lib/gcc/arm-none-eabi/10.3.1/../../../../arm-none-eabi/lib/thumb/v7e-m+fp/hard\libg.a(lib_a-memmove.o)
 .ARM.attributes
                0x00000aad       0x34 c:/progra~2/gnuarm~1/102021~1.10/bin/../lib/gcc/arm-none-eabi/10.3.1/../../../../arm-none-eabi/lib/thumb/v7e-m+fp/hard\libg.a(lib_a-mlock.o)
 .ARM.attributes
                0x00000ae1       0x34 c:/progra~2/gnuarm~1/102021~1.10/bin/../lib/gcc/arm-none-eabi/10.3.1/../../../../arm-none-eabi/lib/thumb/v7e-m+fp/hard\libg.a(lib_a-mprec.o)
 .ARM.attributes
                0x00000b15       0x34 c:/progra~2/gnuarm~1/102021~1.10/bin/../lib/gcc/arm-none-eabi/10.3.1/../../../../arm-none-eabi/lib/thumb/v7e-m+fp/hard\libg.a(lib_a-reallocr.o)
 .ARM.attributes
                0x00000b49       0x34 c:/progra~2/gnuarm~1/102021~1.10/bin/../lib/gcc/arm-none-eabi/10.3.1/../../../../arm-none-eabi/lib/thumb/v7e-m+fp/hard\libg.a(lib_a-s_frexp.o)
 .ARM.attributes
                0x00000b7d       0x34 c:/progra~2/gnuarm~1/102021~1.10/bin/../lib/gcc/arm-none-eabi/10.3.1/../../../../arm-none-eabi/lib/thumb/v7e-m+fp/hard\libg.a(lib_a-sbrkr.o)
 .ARM.attributes
                0x00000bb1       0x34 c:/progra~2/gnuarm~1/102021~1.10/bin/../lib/gcc/arm-none-eabi/10.3.1/../../../../arm-none-eabi/lib/thumb/v7e-m+fp/hard\libg.a(lib_a-stdio.o)
 .ARM.attributes
                0x00000be5       0x34 c:/progra~2/gnuarm~1/102021~1.10/bin/../lib/gcc/arm-none-eabi/10.3.1/../../../../arm-none-eabi/lib/thumb/v7e-m+fp/hard\libg.a(lib_a-strncpy.o)
 .ARM.attributes
                0x00000c19       0x34 c:/progra~2/gnuarm~1/102021~1.10/bin/../lib/gcc/arm-none-eabi/10.3.1/../../../../arm-none-eabi/lib/thumb/v7e-m+fp/hard\libg.a(lib_a-vfiprintf.o)
 .ARM.attributes
                0x00000c4d       0x34 c:/progra~2/gnuarm~1/102021~1.10/bin/../lib/gcc/arm-none-eabi/10.3.1/../../../../arm-none-eabi/lib/thumb/v7e-m+fp/hard\libg.a(lib_a-writer.o)
 .ARM.attributes
                0x00000c81       0x34 c:/progra~2/gnuarm~1/102021~1.10/bin/../lib/gcc/arm-none-eabi/10.3.1/../../../../arm-none-eabi/lib/thumb/v7e-m+fp/hard\libg.a(lib_a-assert.o)
 .ARM.attributes
                0x00000cb5       0x34 c:/progra~2/gnuarm~1/102021~1.10/bin/../lib/gcc/arm-none-eabi/10.3.1/../../../../arm-none-eabi/lib/thumb/v7e-m+fp/hard\libg.a(lib_a-callocr.o)
 .ARM.attributes
                0x00000ce9       0x34 c:/progra~2/gnuarm~1/102021~1.10/bin/../lib/gcc/arm-none-eabi/10.3.1/../../../../arm-none-eabi/lib/thumb/v7e-m+fp/hard\libg.a(lib_a-closer.o)
 .ARM.attributes
                0x00000d1d       0x34 c:/progra~2/gnuarm~1/102021~1.10/bin/../lib/gcc/arm-none-eabi/10.3.1/../../../../arm-none-eabi/lib/thumb/v7e-m+fp/hard\libg.a(lib_a-fclose.o)
 .ARM.attributes
                0x00000d51       0x34 c:/progra~2/gnuarm~1/102021~1.10/bin/../lib/gcc/arm-none-eabi/10.3.1/../../../../arm-none-eabi/lib/thumb/v7e-m+fp/hard\libg.a(lib_a-fiprintf.o)
 .ARM.attributes
                0x00000d85       0x34 c:/progra~2/gnuarm~1/102021~1.10/bin/../lib/gcc/arm-none-eabi/10.3.1/../../../../arm-none-eabi/lib/thumb/v7e-m+fp/hard\libg.a(lib_a-fputwc.o)
 .ARM.attributes
                0x00000db9       0x34 c:/progra~2/gnuarm~1/102021~1.10/bin/../lib/gcc/arm-none-eabi/10.3.1/../../../../arm-none-eabi/lib/thumb/v7e-m+fp/hard\libg.a(lib_a-fstatr.o)
 .ARM.attributes
                0x00000ded       0x34 c:/progra~2/gnuarm~1/102021~1.10/bin/../lib/gcc/arm-none-eabi/10.3.1/../../../../arm-none-eabi/lib/thumb/v7e-m+fp/hard\libg.a(lib_a-isattyr.o)
 .ARM.attributes
                0x00000e21       0x34 c:/progra~2/gnuarm~1/102021~1.10/bin/../lib/gcc/arm-none-eabi/10.3.1/../../../../arm-none-eabi/lib/thumb/v7e-m+fp/hard\libg.a(lib_a-locale.o)
 .ARM.attributes
                0x00000e55       0x34 c:/progra~2/gnuarm~1/102021~1.10/bin/../lib/gcc/arm-none-eabi/10.3.1/../../../../arm-none-eabi/lib/thumb/v7e-m+fp/hard\libg.a(lib_a-lseekr.o)
 .ARM.attributes
                0x00000e89       0x34 c:/progra~2/gnuarm~1/102021~1.10/bin/../lib/gcc/arm-none-eabi/10.3.1/../../../../arm-none-eabi/lib/thumb/v7e-m+fp/hard\libg.a(lib_a-mbtowc_r.o)
 .ARM.attributes
                0x00000ebd       0x34 c:/progra~2/gnuarm~1/102021~1.10/bin/../lib/gcc/arm-none-eabi/10.3.1/../../../../arm-none-eabi/lib/thumb/v7e-m+fp/hard\libg.a(lib_a-readr.o)
 .ARM.attributes
                0x00000ef1       0x34 c:/progra~2/gnuarm~1/102021~1.10/bin/../lib/gcc/arm-none-eabi/10.3.1/../../../../arm-none-eabi/lib/thumb/v7e-m+fp/hard\libg.a(lib_a-reent.o)
 .ARM.attributes
                0x00000f25       0x34 c:/progra~2/gnuarm~1/102021~1.10/bin/../lib/gcc/arm-none-eabi/10.3.1/../../../../arm-none-eabi/lib/thumb/v7e-m+fp/hard\libg.a(lib_a-wbuf.o)
 .ARM.attributes
                0x00000f59       0x34 c:/progra~2/gnuarm~1/102021~1.10/bin/../lib/gcc/arm-none-eabi/10.3.1/../../../../arm-none-eabi/lib/thumb/v7e-m+fp/hard\libg.a(lib_a-wcrtomb.o)
 .ARM.attributes
                0x00000f8d       0x34 c:/progra~2/gnuarm~1/102021~1.10/bin/../lib/gcc/arm-none-eabi/10.3.1/../../../../arm-none-eabi/lib/thumb/v7e-m+fp/hard\libg.a(lib_a-wctomb_r.o)
 .ARM.attributes
                0x00000fc1       0x34 c:/progra~2/gnuarm~1/102021~1.10/bin/../lib/gcc/arm-none-eabi/10.3.1/../../../../arm-none-eabi/lib/thumb/v7e-m+fp/hard\libg.a(lib_a-abort.o)
 .ARM.attributes
                0x00000ff5       0x34 c:/progra~2/gnuarm~1/102021~1.10/bin/../lib/gcc/arm-none-eabi/10.3.1/../../../../arm-none-eabi/lib/thumb/v7e-m+fp/hard\libg.a(lib_a-ctype_.o)
 .ARM.attributes
                0x00001029       0x34 c:/progra~2/gnuarm~1/102021~1.10/bin/../lib/gcc/arm-none-eabi/10.3.1/../../../../arm-none-eabi/lib/thumb/v7e-m+fp/hard\libg.a(lib_a-signal.o)
 .ARM.attributes
                0x0000105d       0x34 c:/progra~2/gnuarm~1/102021~1.10/bin/../lib/gcc/arm-none-eabi/10.3.1/../../../../arm-none-eabi/lib/thumb/v7e-m+fp/hard\libg.a(lib_a-signalr.o)
 .ARM.attributes
                0x00001091       0x1e c:/progra~2/gnuarm~1/102021~1.10/bin/../lib/gcc/arm-none-eabi/10.3.1/thumb/v7e-m+fp/hard\libgcc.a(_arm_muldivdf3.o)
 .ARM.attributes
                0x000010af       0x1e c:/progra~2/gnuarm~1/102021~1.10/bin/../lib/gcc/arm-none-eabi/10.3.1/thumb/v7e-m+fp/hard\libgcc.a(_arm_cmpdf2.o)
 .ARM.attributes
                0x000010cd       0x1e c:/progra~2/gnuarm~1/102021~1.10/bin/../lib/gcc/arm-none-eabi/10.3.1/thumb/v7e-m+fp/hard\libgcc.a(_arm_unorddf2.o)
 .ARM.attributes
                0x000010eb       0x1e c:/progra~2/gnuarm~1/102021~1.10/bin/../lib/gcc/arm-none-eabi/10.3.1/thumb/v7e-m+fp/hard\libgcc.a(_arm_fixdfsi.o)
 .ARM.attributes
                0x00001109       0x1e c:/progra~2/gnuarm~1/102021~1.10/bin/../lib/gcc/arm-none-eabi/10.3.1/thumb/v7e-m+fp/hard/crtn.o
OUTPUT(L4.elf elf32-littlearm)
LOAD linker stubs
LOAD c:/progra~2/gnuarm~1/102021~1.10/bin/../lib/gcc/arm-none-eabi/10.3.1/../../../../arm-none-eabi/lib/thumb/v7e-m+fp/hard\libc.a
LOAD c:/progra~2/gnuarm~1/102021~1.10/bin/../lib/gcc/arm-none-eabi/10.3.1/../../../../arm-none-eabi/lib/thumb/v7e-m+fp/hard\libm.a
LOAD c:/progra~2/gnuarm~1/102021~1.10/bin/../lib/gcc/arm-none-eabi/10.3.1/thumb/v7e-m+fp/hard\libgcc.a

.debug_frame    0x00000000     0x5bf0
 .debug_frame   0x00000000       0x2c c:/progra~2/gnuarm~1/102021~1.10/bin/../lib/gcc/arm-none-eabi/10.3.1/../../../../arm-none-eabi/lib/thumb/v7e-m+fp/hard\libc.a(lib_a-init.o)
 .debug_frame   0x0000002c       0x2c c:/progra~2/gnuarm~1/102021~1.10/bin/../lib/gcc/arm-none-eabi/10.3.1/../../../../arm-none-eabi/lib/thumb/v7e-m+fp/hard\libc.a(lib_a-memset.o)
 .debug_frame   0x00000058       0x68 c:/progra~2/gnuarm~1/102021~1.10/bin/../lib/gcc/arm-none-eabi/10.3.1/../../../../arm-none-eabi/lib/thumb/v7e-m+fp/hard\libc.a(lib_a-__call_atexit.o)
 .debug_frame   0x000000c0       0x20 c:/progra~2/gnuarm~1/102021~1.10/bin/../lib/gcc/arm-none-eabi/10.3.1/../../../../arm-none-eabi/lib/thumb/v7e-m+fp/hard\libc.a(lib_a-atexit.o)
 .debug_frame   0x000000e0       0x34 c:/progra~2/gnuarm~1/102021~1.10/bin/../lib/gcc/arm-none-eabi/10.3.1/../../../../arm-none-eabi/lib/thumb/v7e-m+fp/hard\libc.a(lib_a-fini.o)
 .debug_frame   0x00000114       0xb0 c:/progra~2/gnuarm~1/102021~1.10/bin/../lib/gcc/arm-none-eabi/10.3.1/../../../../arm-none-eabi/lib/thumb/v7e-m+fp/hard\libc.a(lib_a-lock.o)
 .debug_frame   0x000001c4       0x34 c:/progra~2/gnuarm~1/102021~1.10/bin/../lib/gcc/arm-none-eabi/10.3.1/../../../../arm-none-eabi/lib/thumb/v7e-m+fp/hard\libc.a(lib_a-__atexit.o)
 .debug_frame   0x000001f8      0x1a0 CMakeFiles/L4.dir/GwLib/Src/i2c.c.obj
 .debug_frame   0x00000398       0x38 CMakeFiles/L4.dir/GwLib/Src/kalman.c.obj
 .debug_frame   0x000003d0      0x178 CMakeFiles/L4.dir/Hardware/Src/icm20608.c.obj
 .debug_frame   0x00000548       0x70 CMakeFiles/L4.dir/Core/Src/main.c.obj
 .debug_frame   0x000005b8       0x34 CMakeFiles/L4.dir/Core/Src/gpio.c.obj
 .debug_frame   0x000005ec       0xa8 CMakeFiles/L4.dir/Core/Src/tim.c.obj
 .debug_frame   0x00000694       0x9c CMakeFiles/L4.dir/Core/Src/usart.c.obj
 .debug_frame   0x00000730      0x120 CMakeFiles/L4.dir/Core/Src/stm32l4xx_it.c.obj
 .debug_frame   0x00000850       0x38 CMakeFiles/L4.dir/Core/Src/stm32l4xx_hal_msp.c.obj
 .debug_frame   0x00000888     0x1218 CMakeFiles/L4.dir/Drivers/STM32L4xx_HAL_Driver/Src/stm32l4xx_hal_tim.c.obj
 .debug_frame   0x00001aa0      0x6b0 CMakeFiles/L4.dir/Drivers/STM32L4xx_HAL_Driver/Src/stm32l4xx_hal_tim_ex.c.obj
 .debug_frame   0x00002150      0x498 CMakeFiles/L4.dir/Drivers/STM32L4xx_HAL_Driver/Src/stm32l4xx_hal.c.obj
 .debug_frame   0x000025e8      0x21c CMakeFiles/L4.dir/Drivers/STM32L4xx_HAL_Driver/Src/stm32l4xx_hal_rcc.c.obj
 .debug_frame   0x00002804      0x2fc CMakeFiles/L4.dir/Drivers/STM32L4xx_HAL_Driver/Src/stm32l4xx_hal_rcc_ex.c.obj
 .debug_frame   0x00002b00      0x14c CMakeFiles/L4.dir/Drivers/STM32L4xx_HAL_Driver/Src/stm32l4xx_hal_gpio.c.obj
 .debug_frame   0x00002c4c      0x204 CMakeFiles/L4.dir/Drivers/STM32L4xx_HAL_Driver/Src/stm32l4xx_hal_dma.c.obj
 .debug_frame   0x00002e50      0x544 CMakeFiles/L4.dir/Drivers/STM32L4xx_HAL_Driver/Src/stm32l4xx_hal_pwr_ex.c.obj
 .debug_frame   0x00003394      0x498 CMakeFiles/L4.dir/Drivers/STM32L4xx_HAL_Driver/Src/stm32l4xx_hal_cortex.c.obj
 .debug_frame   0x0000382c      0x9f4 CMakeFiles/L4.dir/Drivers/STM32L4xx_HAL_Driver/Src/stm32l4xx_hal_uart.c.obj
 .debug_frame   0x00004220      0x204 CMakeFiles/L4.dir/Drivers/STM32L4xx_HAL_Driver/Src/stm32l4xx_hal_uart_ex.c.obj
 .debug_frame   0x00004424       0x58 CMakeFiles/L4.dir/Core/Src/system_stm32l4xx.c.obj
 .debug_frame   0x0000447c       0x34 CMakeFiles/L4.dir/Core/Src/sysmem.c.obj
 .debug_frame   0x000044b0      0x2ac CMakeFiles/L4.dir/Core/Src/syscalls.c.obj
 .debug_frame   0x0000475c       0xac c:/progra~2/gnuarm~1/102021~1.10/bin/../lib/gcc/arm-none-eabi/10.3.1/thumb/v7e-m+fp/hard\libgcc.a(_arm_addsubdf3.o)
 .debug_frame   0x00004808       0x2c c:/progra~2/gnuarm~1/102021~1.10/bin/../lib/gcc/arm-none-eabi/10.3.1/thumb/v7e-m+fp/hard\libgcc.a(_aeabi_uldivmod.o)
 .debug_frame   0x00004834       0x34 c:/progra~2/gnuarm~1/102021~1.10/bin/../lib/gcc/arm-none-eabi/10.3.1/thumb/v7e-m+fp/hard\libgcc.a(_udivmoddi4.o)
 .debug_frame   0x00004868       0x20 c:/progra~2/gnuarm~1/102021~1.10/bin/../lib/gcc/arm-none-eabi/10.3.1/../../../../arm-none-eabi/lib/thumb/v7e-m+fp/hard\libg.a(lib_a-errno.o)
 .debug_frame   0x00004888       0x74 c:/progra~2/gnuarm~1/102021~1.10/bin/../lib/gcc/arm-none-eabi/10.3.1/../../../../arm-none-eabi/lib/thumb/v7e-m+fp/hard\libg.a(lib_a-printf.o)
 .debug_frame   0x000048fc       0x4c c:/progra~2/gnuarm~1/102021~1.10/bin/../lib/gcc/arm-none-eabi/10.3.1/../../../../arm-none-eabi/lib/thumb/v7e-m+fp/hard\libg.a(lib_a-puts.o)
 .debug_frame   0x00004948       0xe4 c:/progra~2/gnuarm~1/102021~1.10/bin/../lib/gcc/arm-none-eabi/10.3.1/../../../../arm-none-eabi/lib/thumb/v7e-m+fp/hard\libg.a(lib_a-vfprintf.o)
 .debug_frame   0x00004a2c       0x2c c:/progra~2/gnuarm~1/102021~1.10/bin/../lib/gcc/arm-none-eabi/10.3.1/../../../../arm-none-eabi/lib/thumb/v7e-m+fp/hard\libg.a(lib_a-wsetup.o)
 .debug_frame   0x00004a58       0xdc c:/progra~2/gnuarm~1/102021~1.10/bin/../lib/gcc/arm-none-eabi/10.3.1/../../../../arm-none-eabi/lib/thumb/v7e-m+fp/hard\libg.a(lib_a-dtoa.o)
 .debug_frame   0x00004b34       0x70 c:/progra~2/gnuarm~1/102021~1.10/bin/../lib/gcc/arm-none-eabi/10.3.1/../../../../arm-none-eabi/lib/thumb/v7e-m+fp/hard\libg.a(lib_a-fflush.o)
 .debug_frame   0x00004ba4      0x154 c:/progra~2/gnuarm~1/102021~1.10/bin/../lib/gcc/arm-none-eabi/10.3.1/../../../../arm-none-eabi/lib/thumb/v7e-m+fp/hard\libg.a(lib_a-findfp.o)
 .debug_frame   0x00004cf8       0x8c c:/progra~2/gnuarm~1/102021~1.10/bin/../lib/gcc/arm-none-eabi/10.3.1/../../../../arm-none-eabi/lib/thumb/v7e-m+fp/hard\libg.a(lib_a-freer.o)
 .debug_frame   0x00004d84       0x64 c:/progra~2/gnuarm~1/102021~1.10/bin/../lib/gcc/arm-none-eabi/10.3.1/../../../../arm-none-eabi/lib/thumb/v7e-m+fp/hard\libg.a(lib_a-fvwrite.o)
 .debug_frame   0x00004de8       0x54 c:/progra~2/gnuarm~1/102021~1.10/bin/../lib/gcc/arm-none-eabi/10.3.1/../../../../arm-none-eabi/lib/thumb/v7e-m+fp/hard\libg.a(lib_a-fwalk.o)
 .debug_frame   0x00004e3c       0x40 c:/progra~2/gnuarm~1/102021~1.10/bin/../lib/gcc/arm-none-eabi/10.3.1/../../../../arm-none-eabi/lib/thumb/v7e-m+fp/hard\libg.a(lib_a-localeconv.o)
 .debug_frame   0x00004e7c       0x70 c:/progra~2/gnuarm~1/102021~1.10/bin/../lib/gcc/arm-none-eabi/10.3.1/../../../../arm-none-eabi/lib/thumb/v7e-m+fp/hard\libg.a(lib_a-makebuf.o)
 .debug_frame   0x00004eec       0x4c c:/progra~2/gnuarm~1/102021~1.10/bin/../lib/gcc/arm-none-eabi/10.3.1/../../../../arm-none-eabi/lib/thumb/v7e-m+fp/hard\libg.a(lib_a-mallocr.o)
 .debug_frame   0x00004f38       0x40 c:/progra~2/gnuarm~1/102021~1.10/bin/../lib/gcc/arm-none-eabi/10.3.1/../../../../arm-none-eabi/lib/thumb/v7e-m+fp/hard\libg.a(lib_a-memmove.o)
 .debug_frame   0x00004f78       0x30 c:/progra~2/gnuarm~1/102021~1.10/bin/../lib/gcc/arm-none-eabi/10.3.1/../../../../arm-none-eabi/lib/thumb/v7e-m+fp/hard\libg.a(lib_a-mlock.o)
 .debug_frame   0x00004fa8      0x280 c:/progra~2/gnuarm~1/102021~1.10/bin/../lib/gcc/arm-none-eabi/10.3.1/../../../../arm-none-eabi/lib/thumb/v7e-m+fp/hard\libg.a(lib_a-mprec.o)
 .debug_frame   0x00005228       0x48 c:/progra~2/gnuarm~1/102021~1.10/bin/../lib/gcc/arm-none-eabi/10.3.1/../../../../arm-none-eabi/lib/thumb/v7e-m+fp/hard\libg.a(lib_a-reallocr.o)
 .debug_frame   0x00005270       0x2c c:/progra~2/gnuarm~1/102021~1.10/bin/../lib/gcc/arm-none-eabi/10.3.1/../../../../arm-none-eabi/lib/thumb/v7e-m+fp/hard\libg.a(lib_a-s_frexp.o)
 .debug_frame   0x0000529c       0x2c c:/progra~2/gnuarm~1/102021~1.10/bin/../lib/gcc/arm-none-eabi/10.3.1/../../../../arm-none-eabi/lib/thumb/v7e-m+fp/hard\libg.a(lib_a-sbrkr.o)
 .debug_frame   0x000052c8       0x8c c:/progra~2/gnuarm~1/102021~1.10/bin/../lib/gcc/arm-none-eabi/10.3.1/../../../../arm-none-eabi/lib/thumb/v7e-m+fp/hard\libg.a(lib_a-stdio.o)
 .debug_frame   0x00005354       0x2c c:/progra~2/gnuarm~1/102021~1.10/bin/../lib/gcc/arm-none-eabi/10.3.1/../../../../arm-none-eabi/lib/thumb/v7e-m+fp/hard\libg.a(lib_a-strncpy.o)
 .debug_frame   0x00005380       0xf4 c:/progra~2/gnuarm~1/102021~1.10/bin/../lib/gcc/arm-none-eabi/10.3.1/../../../../arm-none-eabi/lib/thumb/v7e-m+fp/hard\libg.a(lib_a-vfiprintf.o)
 .debug_frame   0x00005474       0x2c c:/progra~2/gnuarm~1/102021~1.10/bin/../lib/gcc/arm-none-eabi/10.3.1/../../../../arm-none-eabi/lib/thumb/v7e-m+fp/hard\libg.a(lib_a-writer.o)
 .debug_frame   0x000054a0       0x40 c:/progra~2/gnuarm~1/102021~1.10/bin/../lib/gcc/arm-none-eabi/10.3.1/../../../../arm-none-eabi/lib/thumb/v7e-m+fp/hard\libg.a(lib_a-assert.o)
 .debug_frame   0x000054e0       0x2c c:/progra~2/gnuarm~1/102021~1.10/bin/../lib/gcc/arm-none-eabi/10.3.1/../../../../arm-none-eabi/lib/thumb/v7e-m+fp/hard\libg.a(lib_a-callocr.o)
 .debug_frame   0x0000550c       0x2c c:/progra~2/gnuarm~1/102021~1.10/bin/../lib/gcc/arm-none-eabi/10.3.1/../../../../arm-none-eabi/lib/thumb/v7e-m+fp/hard\libg.a(lib_a-closer.o)
 .debug_frame   0x00005538       0x3c c:/progra~2/gnuarm~1/102021~1.10/bin/../lib/gcc/arm-none-eabi/10.3.1/../../../../arm-none-eabi/lib/thumb/v7e-m+fp/hard\libg.a(lib_a-fclose.o)
 .debug_frame   0x00005574       0x70 c:/progra~2/gnuarm~1/102021~1.10/bin/../lib/gcc/arm-none-eabi/10.3.1/../../../../arm-none-eabi/lib/thumb/v7e-m+fp/hard\libg.a(lib_a-fiprintf.o)
 .debug_frame   0x000055e4       0x8c c:/progra~2/gnuarm~1/102021~1.10/bin/../lib/gcc/arm-none-eabi/10.3.1/../../../../arm-none-eabi/lib/thumb/v7e-m+fp/hard\libg.a(lib_a-fputwc.o)
 .debug_frame   0x00005670       0x2c c:/progra~2/gnuarm~1/102021~1.10/bin/../lib/gcc/arm-none-eabi/10.3.1/../../../../arm-none-eabi/lib/thumb/v7e-m+fp/hard\libg.a(lib_a-fstatr.o)
 .debug_frame   0x0000569c       0x2c c:/progra~2/gnuarm~1/102021~1.10/bin/../lib/gcc/arm-none-eabi/10.3.1/../../../../arm-none-eabi/lib/thumb/v7e-m+fp/hard\libg.a(lib_a-isattyr.o)
 .debug_frame   0x000056c8       0x68 c:/progra~2/gnuarm~1/102021~1.10/bin/../lib/gcc/arm-none-eabi/10.3.1/../../../../arm-none-eabi/lib/thumb/v7e-m+fp/hard\libg.a(lib_a-locale.o)
 .debug_frame   0x00005730       0x2c c:/progra~2/gnuarm~1/102021~1.10/bin/../lib/gcc/arm-none-eabi/10.3.1/../../../../arm-none-eabi/lib/thumb/v7e-m+fp/hard\libg.a(lib_a-lseekr.o)