Archive member included to satisfy reference by file (symbol)

c:/progra~2/gnuarm~1/102021~1.10/bin/../lib/gcc/arm-none-eabi/10.3.1/../../../../arm-none-eabi/lib/thumb/v7e-m+fp/hard\libc.a(lib_a-exit.o)
                              c:/progra~2/gnuarm~1/102021~1.10/bin/../lib/gcc/arm-none-eabi/10.3.1/../../../../arm-none-eabi/lib/thumb/v7e-m+fp/hard/crt0.o (exit)
c:/progra~2/gnuarm~1/102021~1.10/bin/../lib/gcc/arm-none-eabi/10.3.1/../../../../arm-none-eabi/lib/thumb/v7e-m+fp/hard\libc.a(lib_a-impure.o)
                              c:/progra~2/gnuarm~1/102021~1.10/bin/../lib/gcc/arm-none-eabi/10.3.1/../../../../arm-none-eabi/lib/thumb/v7e-m+fp/hard\libc.a(lib_a-exit.o) (_global_impure_ptr)
c:/progra~2/gnuarm~1/102021~1.10/bin/../lib/gcc/arm-none-eabi/10.3.1/../../../../arm-none-eabi/lib/thumb/v7e-m+fp/hard\libc.a(lib_a-init.o)
                              c:/progra~2/gnuarm~1/102021~1.10/bin/../lib/gcc/arm-none-eabi/10.3.1/../../../../arm-none-eabi/lib/thumb/v7e-m+fp/hard/crt0.o (__libc_init_array)
c:/progra~2/gnuarm~1/102021~1.10/bin/../lib/gcc/arm-none-eabi/10.3.1/../../../../arm-none-eabi/lib/thumb/v7e-m+fp/hard\libc.a(lib_a-memset.o)
                              c:/progra~2/gnuarm~1/102021~1.10/bin/../lib/gcc/arm-none-eabi/10.3.1/../../../../arm-none-eabi/lib/thumb/v7e-m+fp/hard/crt0.o (memset)
c:/progra~2/gnuarm~1/102021~1.10/bin/../lib/gcc/arm-none-eabi/10.3.1/../../../../arm-none-eabi/lib/thumb/v7e-m+fp/hard\libc.a(lib_a-__call_atexit.o)
                              c:/progra~2/gnuarm~1/102021~1.10/bin/../lib/gcc/arm-none-eabi/10.3.1/../../../../arm-none-eabi/lib/thumb/v7e-m+fp/hard\libc.a(lib_a-exit.o) (__call_exitprocs)
c:/progra~2/gnuarm~1/102021~1.10/bin/../lib/gcc/arm-none-eabi/10.3.1/../../../../arm-none-eabi/lib/thumb/v7e-m+fp/hard\libc.a(lib_a-atexit.o)
                              c:/progra~2/gnuarm~1/102021~1.10/bin/../lib/gcc/arm-none-eabi/10.3.1/../../../../arm-none-eabi/lib/thumb/v7e-m+fp/hard\libc.a(lib_a-__call_atexit.o) (atexit)
c:/progra~2/gnuarm~1/102021~1.10/bin/../lib/gcc/arm-none-eabi/10.3.1/../../../../arm-none-eabi/lib/thumb/v7e-m+fp/hard\libc.a(lib_a-fini.o)
                              c:/progra~2/gnuarm~1/102021~1.10/bin/../lib/gcc/arm-none-eabi/10.3.1/../../../../arm-none-eabi/lib/thumb/v7e-m+fp/hard\libc.a(lib_a-__call_atexit.o) (__libc_fini_array)
c:/progra~2/gnuarm~1/102021~1.10/bin/../lib/gcc/arm-none-eabi/10.3.1/../../../../arm-none-eabi/lib/thumb/v7e-m+fp/hard\libc.a(lib_a-lock.o)
                              c:/progra~2/gnuarm~1/102021~1.10/bin/../lib/gcc/arm-none-eabi/10.3.1/../../../../arm-none-eabi/lib/thumb/v7e-m+fp/hard\libc.a(lib_a-__call_atexit.o) (__retarget_lock_acquire_recursive)
c:/progra~2/gnuarm~1/102021~1.10/bin/../lib/gcc/arm-none-eabi/10.3.1/../../../../arm-none-eabi/lib/thumb/v7e-m+fp/hard\libc.a(lib_a-__atexit.o)
                              c:/progra~2/gnuarm~1/102021~1.10/bin/../lib/gcc/arm-none-eabi/10.3.1/../../../../arm-none-eabi/lib/thumb/v7e-m+fp/hard\libc.a(lib_a-atexit.o) (__register_exitproc)
c:/progra~2/gnuarm~1/102021~1.10/bin/../lib/gcc/arm-none-eabi/10.3.1/thumb/v7e-m+fp/hard\libgcc.a(_arm_addsubdf3.o)
                              CMakeFiles/L4.dir/Hardware/Src/icm20608.c.obj (__aeabi_dadd)
c:/progra~2/gnuarm~1/102021~1.10/bin/../lib/gcc/arm-none-eabi/10.3.1/thumb/v7e-m+fp/hard\libgcc.a(_arm_truncdfsf2.o)
                              CMakeFiles/L4.dir/Hardware/Src/icm20608.c.obj (__aeabi_d2f)
c:/progra~2/gnuarm~1/102021~1.10/bin/../lib/gcc/arm-none-eabi/10.3.1/thumb/v7e-m+fp/hard\libgcc.a(_aeabi_uldivmod.o)
                              CMakeFiles/L4.dir/Drivers/STM32L4xx_HAL_Driver/Src/stm32l4xx_hal_uart.c.obj (__aeabi_uldivmod)
c:/progra~2/gnuarm~1/102021~1.10/bin/../lib/gcc/arm-none-eabi/10.3.1/thumb/v7e-m+fp/hard\libgcc.a(_udivmoddi4.o)
                              c:/progra~2/gnuarm~1/102021~1.10/bin/../lib/gcc/arm-none-eabi/10.3.1/thumb/v7e-m+fp/hard\libgcc.a(_aeabi_uldivmod.o) (__udivmoddi4)
c:/progra~2/gnuarm~1/102021~1.10/bin/../lib/gcc/arm-none-eabi/10.3.1/thumb/v7e-m+fp/hard\libgcc.a(_dvmd_tls.o)
                              c:/progra~2/gnuarm~1/102021~1.10/bin/../lib/gcc/arm-none-eabi/10.3.1/thumb/v7e-m+fp/hard\libgcc.a(_aeabi_uldivmod.o) (__aeabi_ldiv0)
c:/progra~2/gnuarm~1/102021~1.10/bin/../lib/gcc/arm-none-eabi/10.3.1/../../../../arm-none-eabi/lib/thumb/v7e-m+fp/hard\libg.a(lib_a-errno.o)
                              CMakeFiles/L4.dir/Core/Src/sysmem.c.obj (__errno)
c:/progra~2/gnuarm~1/102021~1.10/bin/../lib/gcc/arm-none-eabi/10.3.1/../../../../arm-none-eabi/lib/thumb/v7e-m+fp/hard\libg.a(lib_a-printf.o)
                              CMakeFiles/L4.dir/Hardware/Src/icm20608.c.obj (printf)
c:/progra~2/gnuarm~1/102021~1.10/bin/../lib/gcc/arm-none-eabi/10.3.1/../../../../arm-none-eabi/lib/thumb/v7e-m+fp/hard\libg.a(lib_a-puts.o)
                              CMakeFiles/L4.dir/Core/Src/main.c.obj (puts)
[...]
Memory Configuration

Name             Origin             Length             Attributes
RAM              0x20000000         0x00018000         xrw
RAM2             0x10000000         0x00008000         xrw
FLASH            0x08000000         0x00080000         xr
*default*        0x00000000         0xffffffff

Linker script and memory map

LOAD c:/progra~2/gnuarm~1/102021~1.10/bin/../lib/gcc/arm-none-eabi/10.3.1/thumb/v7e-m+fp/hard/crti.o
LOAD c:/progra~2/gnuarm~1/102021~1.10/bin/../lib/gcc/arm-none-eabi/10.3.1/thumb/v7e-m+fp/hard/crtbegin.o
LOAD c:/progra~2/gnuarm~1/102021~1.10/bin/../lib/gcc/arm-none-eabi/10.3.1/../../../../arm-none-eabi/lib/thumb/v7e-m+fp/hard/crt0.o
START GROUP
LOAD c:/progra~2/gnuarm~1/102021~1.10/bin/../lib/gcc/arm-none-eabi/10.3.1/../../../../arm-none-eabi/lib/thumb/v7e-m+fp/hard\libc.a
LOAD c:/progra~2/gnuarm~1/102021~1.10/bin/../lib/gcc/arm-none-eabi/10.3.1/../../../../arm-none-eabi/lib/thumb/v7e-m+fp/hard\libm.a
END GROUP
LOAD CMakeFiles/L4.dir/Core/Src/task.c.obj
LOAD CMakeFiles/L4.dir/GwLib/Src/gwmath.c.obj
LOAD CMakeFiles/L4.dir/GwLib/Src/i2c.c.obj
LOAD CMakeFiles/L4.dir/GwLib/Src/kalman.c.obj
LOAD CMakeFiles/L4.dir/GwLib/Src/pid.c.obj
LOAD CMakeFiles/L4.dir/Hardware/Src/anotc.c.obj
LOAD CMakeFiles/L4.dir/Hardware/Src/icm20608.c.obj
LOAD CMakeFiles/L4.dir/Hardware/Src/imu.c.obj
LOAD CMakeFiles/L4.dir/Hardware/Src/led.c.obj
LOAD CMakeFiles/L4.dir/Hardware/Src/state.c.obj
LOAD CMakeFiles/L4.dir/Core/Src/main.c.obj
LOAD CMakeFiles/L4.dir/Core/Src/gpio.c.obj
LOAD CMakeFiles/L4.dir/Core/Src/tim.c.obj
LOAD CMakeFiles/L4.dir/Core/Src/usart.c.obj
LOAD CMakeFiles/L4.dir/Core/Src/stm32l4xx_it.c.obj
LOAD CMakeFiles/L4.dir/Core/Src/stm32l4xx_hal_msp.c.obj
LOAD CMakeFiles/L4.dir/Drivers/STM32L4xx_HAL_Driver/Src/stm32l4xx_hal_tim.c.obj
LOAD CMakeFiles/L4.dir/Drivers/STM32L4xx_HAL_Driver/Src/stm32l4xx_hal_tim_ex.c.obj
LOAD CMakeFiles/L4.dir/Drivers/STM32L4xx_HAL_Driver/Src/stm32l4xx_hal.c.obj
LOAD CMakeFiles/L4.dir/Drivers/STM32L4xx_HAL_Driver/Src/stm32l4xx_hal_rcc.c.obj
LOAD CMakeFiles/L4.dir/Drivers/STM32L4xx_HAL_Driver/Src/stm32l4xx_hal_rcc_ex.c.obj
LOAD CMakeFiles/L4.dir/Drivers/STM32L4xx_HAL_Driver/Src/stm32l4xx_hal_flash.c.obj
LOAD CMakeFiles/L4.dir/Drivers/STM32L4xx_HAL_Driver/Src/stm32l4xx_hal_flash_ex.c.obj
LOAD CMakeFiles/L4.dir/Drivers/STM32L4xx_HAL_Driver/Src/stm32l4xx_hal_flash_ramfunc.c.obj
LOAD CMakeFiles/L4.dir/Drivers/STM32L4xx_HAL_Driver/Src/stm32l4xx_hal_gpio.c.obj
LOAD CMakeFiles/L4.dir/Drivers/STM32L4xx_HAL_Driver/Src/stm32l4xx_hal_i2c.c.obj
LOAD CMakeFiles/L4.dir/Drivers/STM32L4xx_HAL_Driver/Src/stm32l4xx_hal_i2c_ex.c.obj
LOAD CMakeFiles/L4.dir/Drivers/STM32L4xx_HAL_Driver/Src/stm32l4xx_hal_dma.c.obj
LOAD CMakeFiles/L4.dir/Drivers/STM32L4xx_HAL_Driver/Src/stm32l4xx_hal_dma_ex.c.obj
LOAD CMakeFiles/L4.dir/Drivers/STM32L4xx_HAL_Driver/Src/stm32l4xx_hal_pwr.c.obj
LOAD CMakeFiles/L4.dir/Drivers/STM32L4xx_HAL_Driver/Src/stm32l4xx_hal_pwr_ex.c.obj
LOAD CMakeFiles/L4.dir/Drivers/STM32L4xx_HAL_Driver/Src/stm32l4xx_hal_cortex.c.obj
LOAD CMakeFiles/L4.dir/Drivers/STM32L4xx_HAL_Driver/Src/stm32l4xx_hal_exti.c.obj
LOAD CMakeFiles/L4.dir/Drivers/STM32L4xx_HAL_Driver/Src/stm32l4xx_hal_uart.c.obj
LOAD CMakeFiles/L4.dir/Drivers/STM32L4xx_HAL_Driver/Src/stm32l4xx_hal_uart_ex.c.obj
LOAD CMakeFiles/L4.dir/Core/Src/system_stm32l4xx.c.obj
LOAD CMakeFiles/L4.dir/Core/Src/sysmem.c.obj
LOAD CMakeFiles/L4.dir/Core/Src/syscalls.c.obj
LOAD CMakeFiles/L4.dir/startup_stm32l475xx.s.obj
START GROUP
LOAD c:/progra~2/gnuarm~1/102021~1.10/bin/../lib/gcc/arm-none-eabi/10.3.1/thumb/v7e-m+fp/hard\libgcc.a
LOAD c:/progra~2/gnuarm~1/102021~1.10/bin/../lib/gcc/arm-none-eabi/10.3.1/../../../../arm-none-eabi/lib/thumb/v7e-m+fp/hard\libg.a
LOAD c:/progra~2/gnuarm~1/102021~1.10/bin/../lib/gcc/arm-none-eabi/10.3.1/../../../../arm-none-eabi/lib/thumb/v7e-m+fp/hard\libc.a
END GROUP
LOAD c:/progra~2/gnuarm~1/102021~1.10/bin/../lib/gcc/arm-none-eabi/10.3.1/thumb/v7e-m+fp/hard/crtend.o
LOAD c:/progra~2/gnuarm~1/102021~1.10/bin/../lib/gcc/arm-none-eabi/10.3.1/thumb/v7e-m+fp/hard/crtn.o
                0x20018000                _estack = (ORIGIN (RAM) + LENGTH (RAM))
                0x00000200                _Min_Heap_Size = 0x200
                0x00000400                _Min_Stack_Size = 0x400

.isr_vector     0x08000000      0x188
                0x08000000                . = ALIGN (0x8)
 *(.isr_vector)
 .isr_vector    0x08000000      0x188 CMakeFiles/L4.dir/startup_stm32l475xx.s.obj
                0x08000000                g_pfnVectors
                0x08000188                . = ALIGN (0x8)

.text           0x080001c0     0xc008
                0x080001c0                . = ALIGN (0x8)
 *(.text)
 .text          0x080001c0       0x40 c:/progra~2/gnuarm~1/102021~1.10/bin/../lib/gcc/arm-none-eabi/10.3.1/thumb/v7e-m+fp/hard/crtbegin.o
 .text          0x08000200      0x378 c:/progra~2/gnuarm~1/102021~1.10/bin/../lib/gcc/arm-none-eabi/10.3.1/thumb/v7e-m+fp/hard\libgcc.a(_arm_addsubdf3.o)
                0x08000200                __aeabi_drsub
                0x08000208                __aeabi_dsub
                0x08000208                __subdf3
                0x0800020c                __aeabi_dadd
                0x0800020c                __adddf3
                0x08000484                __floatunsidf
                0x08000484                __aeabi_ui2d
                0x080004a4                __floatsidf
                0x080004a4                __aeabi_i2d
                0x080004c8                __aeabi_f2d
                0x080004c8                __extendsfdf2
                0x0800050c                __floatundidf
                0x0800050c                __aeabi_ul2d
                0x0800051c                __floatdidf
                0x0800051c                __aeabi_l2d
 .text          0x08000578       0x30 c:/progra~2/gnuarm~1/102021~1.10/bin/../lib/gcc/arm-none-eabi/10.3.1/thumb/v7e-m+fp/hard\libgcc.a(_aeabi_uldivmod.o)
                0x08000578                __aeabi_uldivmod
 .text          0x080005a8      0x2d0 c:/progra~2/gnuarm~1/102021~1.10/bin/../lib/gcc/arm-none-eabi/10.3.1/thumb/v7e-m+fp/hard\libgcc.a(_udivmoddi4.o)
                0x080005a8                __udivmoddi4
 .text          0x08000878        0x4 c:/progra~2/gnuarm~1/102021~1.10/bin/../lib/gcc/arm-none-eabi/10.3.1/thumb/v7e-m+fp/hard\libgcc.a(_dvmd_tls.o)
                0x08000878                __aeabi_idiv0
                0x08000878                __aeabi_ldiv0
 *fill*         0x0800087c        0x4 
 .text          0x08000880       0xdc c:/progra~2/gnuarm~1/102021~1.10/bin/../lib/gcc/arm-none-eabi/10.3.1/../../../../arm-none-eabi/lib/thumb/v7e-m+fp/hard\libg.a(lib_a-strlen.o)
                0x08000880                strlen
 *fill*         0x0800095c        0x4 
 .text          0x08000960       0xa0 c:/progra~2/gnuarm~1/102021~1.10/bin/../lib/gcc/arm-none-eabi/10.3.1/../../../../arm-none-eabi/lib/thumb/v7e-m+fp/hard\libg.a(lib_a-memchr.o)
                0x08000960                memchr
 .text          0x08000a00      0x134 c:/progra~2/gnuarm~1/102021~1.10/bin/../lib/gcc/arm-none-eabi/10.3.1/../../../../arm-none-eabi/lib/thumb/v7e-m+fp/hard\libg.a(lib_a-memcpy.o)
                0x08000a00                memcpy
 .text          0x08000b34      0x424 c:/progra~2/gnuarm~1/102021~1.10/bin/../lib/gcc/arm-none-eabi/10.3.1/thumb/v7e-m+fp/hard\libgcc.a(_arm_muldivdf3.o)
                0x08000b34                __aeabi_dmul
                0x08000b34                __muldf3
                0x08000d88                __divdf3
                0x08000d88                __aeabi_ddiv
 .text          0x08000f58      0x110 c:/progra~2/gnuarm~1/102021~1.10/bin/../lib/gcc/arm-none-eabi/10.3.1/thumb/v7e-m+fp/hard\libgcc.a(_arm_cmpdf2.o)
                0x08000f58                __gtdf2
                0x08000f58                __gedf2
                0x08000f60                __ltdf2
                0x08000f60                __ledf2
                0x08000f68                __nedf2
                0x08000f68                __eqdf2
                0x08000f68                __cmpdf2
                0x08000fe4                __aeabi_cdrcmple
                0x08000ff4                __aeabi_cdcmpeq
                0x08000ff4                __aeabi_cdcmple
                0x08001004                __aeabi_dcmpeq
                0x08001018                __aeabi_dcmplt
                0x0800102c                __aeabi_dcmple
                0x08001040                __aeabi_dcmpge
                0x08001054                __aeabi_dcmpgt
 .text          0x08001068       0x2c c:/progra~2/gnuarm~1/102021~1.10/bin/../lib/gcc/arm-none-eabi/10.3.1/thumb/v7e-m+fp/hard\libgcc.a(_arm_unorddf2.o)
                0x08001068                __unorddf2
                0x08001068                __aeabi_dcmpun
 .text          0x08001094       0x50 c:/progra~2/gnuarm~1/102021~1.10/bin/../lib/gcc/arm-none-eabi/10.3.1/thumb/v7e-m+fp/hard\libgcc.a(_arm_fixdfsi.o)
                0x08001094                __aeabi_d2iz
                0x08001094                __fixdfsi
 *(.text*)
 .text.__libc_init_array
                0x080010e4       0x48 c:/progra~2/gnuarm~1/102021~1.10/bin/../lib/gcc/arm-none-eabi/10.3.1/../../../../arm-none-eabi/lib/thumb/v7e-m+fp/hard\libc.a(lib_a-init.o)
                0x080010e4                __libc_init_array
 .text.memset   0x0800112c       0xa4 c:/progra~2/gnuarm~1/102021~1.10/bin/../lib/gcc/arm-none-eabi/10.3.1/../../../../arm-none-eabi/lib/thumb/v7e-m+fp/hard\libc.a(lib_a-memset.o)
                0x0800112c                memset
 .text.startup.register_fini
                0x080011d0       0x14 c:/progra~2/gnuarm~1/102021~1.10/bin/../lib/gcc/arm-none-eabi/10.3.1/../../../../arm-none-eabi/lib/thumb/v7e-m+fp/hard\libc.a(lib_a-__call_atexit.o)
 .text.atexit   0x080011e4        0xc c:/progra~2/gnuarm~1/102021~1.10/bin/../lib/gcc/arm-none-eabi/10.3.1/../../../../arm-none-eabi/lib/thumb/v7e-m+fp/hard\libc.a(lib_a-atexit.o)
                0x080011e4                atexit
 .text.__libc_fini_array
                0x080011f0       0x2c c:/progra~2/gnuarm~1/102021~1.10/bin/../lib/gcc/arm-none-eabi/10.3.1/../../../../arm-none-eabi/lib/thumb/v7e-m+fp/hard\libc.a(lib_a-fini.o)
                0x080011f0                __libc_fini_array
 .text.__retarget_lock_init_recursive
                0x0800121c        0x4 c:/progra~2/gnuarm~1/102021~1.10/bin/../lib/gcc/arm-none-eabi/10.3.1/../../../../arm-none-eabi/lib/thumb/v7e-m+fp/hard\libc.a(lib_a-lock.o)
                0x0800121c                __retarget_lock_init_recursive
 .text.__retarget_lock_close_recursive
                0x08001220        0x4 c:/progra~2/gnuarm~1/102021~1.10/bin/../lib/gcc/arm-none-eabi/10.3.1/../../../../arm-none-eabi/lib/thumb/v7e-m+fp/hard\libc.a(lib_a-lock.o)
                0x08001220                __retarget_lock_close_recursive
 .text.__retarget_lock_acquire_recursive
                0x08001224        0x4 c:/progra~2/gnuarm~1/102021~1.10/bin/../lib/gcc/arm-none-eabi/10.3.1/../../../../arm-none-eabi/lib/thumb/v7e-m+fp/hard\libc.a(lib_a-lock.o)
                0x08001224                __retarget_lock_acquire_recursive
 .text.__retarget_lock_release_recursive
                0x08001228        0x4 c:/progra~2/gnuarm~1/102021~1.10/bin/../lib/gcc/arm-none-eabi/10.3.1/../../../../arm-none-eabi/lib/thumb/v7e-m+fp/hard\libc.a(lib_a-lock.o)
                0x08001228                __retarget_lock_release_recursive
 .text.__register_exitproc
                0x0800122c       0x8c c:/progra~2/gnuarm~1/102021~1.10/bin/../lib/gcc/arm-none-eabi/10.3.1/../../../../arm-none-eabi/lib/thumb/v7e-m+fp/hard\libc.a(lib_a-__atexit.o)
                0x0800122c                __register_exitproc
 .text.GW_Task_1ns
                0x080012b8        0xe CMakeFiles/L4.dir/Core/Src/task.c.obj
                0x080012b8                GW_Task_1ns
 *fill*         0x080012c6        0x2 
 .text.GW_I2C_Begin
                0x080012c8       0x58 CMakeFiles/L4.dir/GwLib/Src/i2c.c.obj
 .text.GW_I2C_End
                0x08001320       0x58 CMakeFiles/L4.dir/GwLib/Src/i2c.c.obj
 .text.GW_I2C_Wait_Ack
                0x08001378       0x7c CMakeFiles/L4.dir/GwLib/Src/i2c.c.obj
 .text.GW_I2C_Ack
                0x080013f4       0x58 CMakeFiles/L4.dir/GwLib/Src/i2c.c.obj
 .text.GW_I2C_NAck
                0x0800144c       0x58 CMakeFiles/L4.dir/GwLib/Src/i2c.c.obj
 .text.GW_I2C_Wb
                0x080014a4       0x84 CMakeFiles/L4.dir/GwLib/Src/i2c.c.obj
 .text.GW_I2C_Rb
                0x08001528       0x8c CMakeFiles/L4.dir/GwLib/Src/i2c.c.obj
 .text.GW_I2C_Init
                0x080015b4       0xb8 CMakeFiles/L4.dir/GwLib/Src/i2c.c.obj
                0x080015b4                GW_I2C_Init
 .text.GW_I2C_Write_Byte
                0x0800166c       0x6a CMakeFiles/L4.dir/GwLib/Src/i2c.c.obj
                0x0800166c                GW_I2C_Write_Byte
 .text.GW_I2C_Read_Byte
                0x080016d6       0x82 CMakeFiles/L4.dir/GwLib/Src/i2c.c.obj
                0x080016d6                GW_I2C_Read_Byte
 .text.GW_I2C_Read_Data
                0x08001758       0xaa CMakeFiles/L4.dir/GwLib/Src/i2c.c.obj
                0x08001758                GW_I2C_Read_Data
 .text.GW_Kalman_V1
                0x08001802       0x94 CMakeFiles/L4.dir/GwLib/Src/kalman.c.obj
                0x08001802                GW_Kalman_V1
 .text.ICM20608_Init
                0x08001896       0xbe CMakeFiles/L4.dir/Hardware/Src/icm20608.c.obj
                0x08001896                ICM20608_Init
 .text.MPU_Set_Gyro_Fsr
                0x08001954       0x24 CMakeFiles/L4.dir/Hardware/Src/icm20608.c.obj
                0x08001954                MPU_Set_Gyro_Fsr
 .text.MPU_Set_Accel_Fsr
                0x08001978       0x24 CMakeFiles/L4.dir/Hardware/Src/icm20608.c.obj
                0x08001978                MPU_Set_Accel_Fsr
 .text.MPU_Set_Lpf
                0x0800199c       0x64 CMakeFiles/L4.dir/Hardware/Src/icm20608.c.obj
                0x0800199c                MPU_Set_Lpf
 .text.MPU_Set_Rate
                0x08001a00       0x62 CMakeFiles/L4.dir/Hardware/Src/icm20608.c.obj
                0x08001a00                MPU_Set_Rate
 *fill*         0x08001a62        0x2 
 .text.MPU_Get_Gyro
                0x08001a64       0x94 CMakeFiles/L4.dir/Hardware/Src/icm20608.c.obj
                0x08001a64                MPU_Get_Gyro
 .text.MPU_Get_Accel
                0x08001af8       0x94 CMakeFiles/L4.dir/Hardware/Src/icm20608.c.obj
                0x08001af8                MPU_Get_Accel
 .text.MPU_Get_And_Filter
                0x08001b8c      0x1d0 CMakeFiles/L4.dir/Hardware/Src/icm20608.c.obj
                0x08001b8c                MPU_Get_And_Filter
 .text.MPU_Reset
                0x08001d5c      0x1f8 CMakeFiles/L4.dir/Hardware/Src/icm20608.c.obj
                0x08001d5c                MPU_Reset
 .text.main     0x08001f54      0x1a4 CMakeFiles/L4.dir/Core/Src/main.c.obj
                0x08001f54                main
 .text.SystemClock_Config
                0x080020f8       0x8c CMakeFiles/L4.dir/Core/Src/main.c.obj
                0x080020f8                SystemClock_Config
 .text.Error_Handler
                0x08002184       0x14 CMakeFiles/L4.dir/Core/Src/main.c.obj
                0x08002184                Error_Handler
 .text.MX_GPIO_Init
                0x08002198       0x80 CMakeFiles/L4.dir/Core/Src/gpio.c.obj
                0x08002198                MX_GPIO_Init
 .text.MX_TIM1_Init
                0x08002218       0xa8 CMakeFiles/L4.dir/Core/Src/tim.c.obj
                0x08002218                MX_TIM1_Init
 .text.MX_TIM5_Init
                0x080022c0       0x9c CMakeFiles/L4.dir/Core/Src/tim.c.obj
                0x080022c0                MX_TIM5_Init
 .text.HAL_TIM_Base_MspInit
                0x0800235c       0x74 CMakeFiles/L4.dir/Core/Src/tim.c.obj
                0x0800235c                HAL_TIM_Base_MspInit
 .text.GW_Delay_Us
                0x080023d0       0x38 CMakeFiles/L4.dir/Core/Src/tim.c.obj
                0x080023d0                GW_Delay_Us
 .text.MX_USART1_UART_Init
                0x08002408       0x60 CMakeFiles/L4.dir/Core/Src/usart.c.obj
                0x08002408                MX_USART1_UART_Init
 .text.HAL_UART_MspInit
                0x08002468       0xcc CMakeFiles/L4.dir/Core/Src/usart.c.obj
                0x08002468                HAL_UART_MspInit
 .text.__io_putchar
                0x08002534       0x2c CMakeFiles/L4.dir/Core/Src/usart.c.obj
                0x08002534                __io_putchar
 .text.NMI_Handler
                0x08002560        0x6 CMakeFiles/L4.dir/Core/Src/stm32l4xx_it.c.obj
                0x08002560                NMI_Handler
 .text.HardFault_Handler
                0x08002566        0x6 CMakeFiles/L4.dir/Core/Src/stm32l4xx_it.c.obj
                0x08002566                HardFault_Handler
 .text.MemManage_Handler
                0x0800256c        0x6 CMakeFiles/L4.dir/Core/Src/stm32l4xx_it.c.obj
                0x0800256c                MemManage_Handler
 .text.BusFault_Handler
                0x08002572        0x6 CMakeFiles/L4.dir/Core/Src/stm32l4xx_it.c.obj
                0x08002572                BusFault_Handler
 .text.UsageFault_Handler
                0x08002578        0x6 CMakeFiles/L4.dir/Core/Src/stm32l4xx_it.c.obj
                0x08002578                UsageFault_Handler
 .text.SVC_Handler
                0x0800257e        0xe CMakeFiles/L4.dir/Core/Src/stm32l4xx_it.c.obj
                0x0800257e                SVC_Handler
 .text.DebugMon_Handler
                0x0800258c        0xe CMakeFiles/L4.dir/Core/Src/stm32l4xx_it.c.obj
                0x0800258c                DebugMon_Handler
 .text.PendSV_Handler
                0x0800259a        0xe CMakeFiles/L4.dir/Core/Src/stm32l4xx_it.c.obj
                0x0800259a                PendSV_Handler
 .text.SysTick_Handler
                0x080025a8        0xc CMakeFiles/L4.dir/Core/Src/stm32l4xx_it.c.obj
                0x080025a8                SysTick_Handler
 .text.USART1_IRQHandler
                0x080025b4       0x14 CMakeFiles/L4.dir/Core/Src/stm32l4xx_it.c.obj
                0x080025b4                USART1_IRQHandler
 .text.TIM5_IRQHandler
                0x080025c8       0x14 CMakeFiles/L4.dir/Core/Src/stm32l4xx_it.c.obj
                0x080025c8                TIM5_IRQHandler
 .text.HAL_TIM_PeriodElapsedCallback
                0x080025dc       0x24 CMakeFiles/L4.dir/Core/Src/stm32l4xx_it.c.obj
                0x080025dc                HAL_TIM_PeriodElapsedCallback
 .text.HAL_MspInit
                0x08002600       0x48 CMakeFiles/L4.dir/Core/Src/stm32l4xx_hal_msp.c.obj
                0x08002600                HAL_MspInit
 .text.HAL_TIM_Base_Init
                0x08002648       0xae CMakeFiles/L4.dir/Drivers/STM32L4xx_HAL_Driver/Src/stm32l4xx_hal_tim.c.obj
                0x08002648                HAL_TIM_Base_Init
 *fill*         0x080026f6        0x2 
 .text.HAL_TIM_Base_Start
                0x080026f8       0xd0 CMakeFiles/L4.dir/Drivers/STM32L4xx_HAL_Driver/Src/stm32l4xx_hal_tim.c.obj
                0x080026f8                HAL_TIM_Base_Start
 .text.HAL_TIM_Base_Stop
                0x080027c8       0x4e CMakeFiles/L4.dir/Drivers/STM32L4xx_HAL_Driver/Src/stm32l4xx_hal_tim.c.obj
                0x080027c8                HAL_TIM_Base_Stop
 .text.HAL_TIM_IRQHandler
                0x08002816      0x204 CMakeFiles/L4.dir/Drivers/STM32L4xx_HAL_Driver/Src/stm32l4xx_hal_tim.c.obj
                0x08002816                HAL_TIM_IRQHandler
 .text.HAL_TIM_ConfigClockSource
                0x08002a1a      0x192 CMakeFiles/L4.dir/Drivers/STM32L4xx_HAL_Driver/Src/stm32l4xx_hal_tim.c.obj
                0x08002a1a                HAL_TIM_ConfigClockSource
 .text.HAL_TIM_OC_DelayElapsedCallback
                0x08002bac       0x14 CMakeFiles/L4.dir/Drivers/STM32L4xx_HAL_Driver/Src/stm32l4xx_hal_tim.c.obj
                0x08002bac                HAL_TIM_OC_DelayElapsedCallback
 .text.HAL_TIM_IC_CaptureCallback
                0x08002bc0       0x14 CMakeFiles/L4.dir/Drivers/STM32L4xx_HAL_Driver/Src/stm32l4xx_hal_tim.c.obj
                0x08002bc0                HAL_TIM_IC_CaptureCallback
 .text.HAL_TIM_PWM_PulseFinishedCallback
                0x08002bd4       0x14 CMakeFiles/L4.dir/Drivers/STM32L4xx_HAL_Driver/Src/stm32l4xx_hal_tim.c.obj
                0x08002bd4                HAL_TIM_PWM_PulseFinishedCallback
 .text.HAL_TIM_TriggerCallback
                0x08002be8       0x14 CMakeFiles/L4.dir/Drivers/STM32L4xx_HAL_Driver/Src/stm32l4xx_hal_tim.c.obj
                0x08002be8                HAL_TIM_TriggerCallback
 .text.TIM_Base_SetConfig
                0x08002bfc      0x134 CMakeFiles/L4.dir/Drivers/STM32L4xx_HAL_Driver/Src/stm32l4xx_hal_tim.c.obj
                0x08002bfc                TIM_Base_SetConfig
 .text.TIM_TI1_ConfigInputStage
                0x08002d30       0x5e CMakeFiles/L4.dir/Drivers/STM32L4xx_HAL_Driver/Src/stm32l4xx_hal_tim.c.obj
 .text.TIM_TI2_ConfigInputStage
                0x08002d8e       0x60 CMakeFiles/L4.dir/Drivers/STM32L4xx_HAL_Driver/Src/stm32l4xx_hal_tim.c.obj
 .text.TIM_ITRx_SetConfig
                0x08002dee       0x36 CMakeFiles/L4.dir/Drivers/STM32L4xx_HAL_Driver/Src/stm32l4xx_hal_tim.c.obj
 .text.TIM_ETR_SetConfig
                0x08002e24       0x40 CMakeFiles/L4.dir/Drivers/STM32L4xx_HAL_Driver/Src/stm32l4xx_hal_tim.c.obj
                0x08002e24                TIM_ETR_SetConfig
 .text.HAL_TIMEx_MasterConfigSynchronization
                0x08002e64      0x110 CMakeFiles/L4.dir/Drivers/STM32L4xx_HAL_Driver/Src/stm32l4xx_hal_tim_ex.c.obj
                0x08002e64                HAL_TIMEx_MasterConfigSynchronization
 .text.HAL_TIMEx_CommutCallback
                0x08002f74       0x14 CMakeFiles/L4.dir/Drivers/STM32L4xx_HAL_Driver/Src/stm32l4xx_hal_tim_ex.c.obj
                0x08002f74                HAL_TIMEx_CommutCallback
 .text.HAL_TIMEx_BreakCallback
                0x08002f88       0x14 CMakeFiles/L4.dir/Drivers/STM32L4xx_HAL_Driver/Src/stm32l4xx_hal_tim_ex.c.obj
                0x08002f88                HAL_TIMEx_BreakCallback
 .text.HAL_TIMEx_Break2Callback
                0x08002f9c       0x14 CMakeFiles/L4.dir/Drivers/STM32L4xx_HAL_Driver/Src/stm32l4xx_hal_tim_ex.c.obj
                0x08002f9c                HAL_TIMEx_Break2Callback
 .text.HAL_Init
                0x08002fb0       0x30 CMakeFiles/L4.dir/Drivers/STM32L4xx_HAL_Driver/Src/stm32l4xx_hal.c.obj
                0x08002fb0                HAL_Init
 .text.HAL_InitTick
                0x08002fe0       0x78 CMakeFiles/L4.dir/Drivers/STM32L4xx_HAL_Driver/Src/stm32l4xx_hal.c.obj
                0x08002fe0                HAL_InitTick
 .text.HAL_IncTick
                0x08003058       0x28 CMakeFiles/L4.dir/Drivers/STM32L4xx_HAL_Driver/Src/stm32l4xx_hal.c.obj
                0x08003058                HAL_IncTick
 .text.HAL_GetTick
                0x08003080       0x18 CMakeFiles/L4.dir/Drivers/STM32L4xx_HAL_Driver/Src/stm32l4xx_hal.c.obj
                0x08003080                HAL_GetTick
 .text.HAL_Delay
                0x08003098       0x48 CMakeFiles/L4.dir/Drivers/STM32L4xx_HAL_Driver/Src/stm32l4xx_hal.c.obj
                0x08003098                HAL_Delay
 .text.HAL_RCC_OscConfig
                0x080030e0      0x7b8 CMakeFiles/L4.dir/Drivers/STM32L4xx_HAL_Driver/Src/stm32l4xx_hal_rcc.c.obj
                0x080030e0                HAL_RCC_OscConfig
 .text.HAL_RCC_ClockConfig
                0x08003898      0x200 CMakeFiles/L4.dir/Drivers/STM32L4xx_HAL_Driver/Src/stm32l4xx_hal_rcc.c.obj
                0x08003898                HAL_RCC_ClockConfig
 .text.HAL_RCC_GetSysClockFreq
                0x08003a98      0x118 CMakeFiles/L4.dir/Drivers/STM32L4xx_HAL_Driver/Src/stm32l4xx_hal_rcc.c.obj
                0x08003a98                HAL_RCC_GetSysClockFreq
 .text.HAL_RCC_GetHCLKFreq
                0x08003bb0       0x18 CMakeFiles/L4.dir/Drivers/STM32L4xx_HAL_Driver/Src/stm32l4xx_hal_rcc.c.obj
                0x08003bb0                HAL_RCC_GetHCLKFreq
 .text.HAL_RCC_GetPCLK1Freq
                0x08003bc8       0x2c CMakeFiles/L4.dir/Drivers/STM32L4xx_HAL_Driver/Src/stm32l4xx_hal_rcc.c.obj
                0x08003bc8                HAL_RCC_GetPCLK1Freq
 .text.HAL_RCC_GetPCLK2Freq
                0x08003bf4       0x2c CMakeFiles/L4.dir/Drivers/STM32L4xx_HAL_Driver/Src/stm32l4xx_hal_rcc.c.obj
                0x08003bf4                HAL_RCC_GetPCLK2Freq
 .text.RCC_SetFlashLatencyFromMSIRange
                0x08003c20       0xc0 CMakeFiles/L4.dir/Drivers/STM32L4xx_HAL_Driver/Src/stm32l4xx_hal_rcc.c.obj
 .text.HAL_RCCEx_PeriphCLKConfig
                0x08003ce0      0x5d4 CMakeFiles/L4.dir/Drivers/STM32L4xx_HAL_Driver/Src/stm32l4xx_hal_rcc_ex.c.obj
                0x08003ce0                HAL_RCCEx_PeriphCLKConfig
 .text.RCCEx_PLLSAI1_Config
                0x080042b4      0x1e8 CMakeFiles/L4.dir/Drivers/STM32L4xx_HAL_Driver/Src/stm32l4xx_hal_rcc_ex.c.obj
 .text.RCCEx_PLLSAI2_Config
                0x0800449c      0x1bc CMakeFiles/L4.dir/Drivers/STM32L4xx_HAL_Driver/Src/stm32l4xx_hal_rcc_ex.c.obj
 .text.HAL_GPIO_Init
                0x08004658      0x354 CMakeFiles/L4.dir/Drivers/STM32L4xx_HAL_Driver/Src/stm32l4xx_hal_gpio.c.obj
                0x08004658                HAL_GPIO_Init
 .text.HAL_GPIO_ReadPin
                0x080049ac       0x30 CMakeFiles/L4.dir/Drivers/STM32L4xx_HAL_Driver/Src/stm32l4xx_hal_gpio.c.obj
                0x080049ac                HAL_GPIO_ReadPin
 .text.HAL_GPIO_WritePin
                0x080049dc       0x30 CMakeFiles/L4.dir/Drivers/STM32L4xx_HAL_Driver/Src/stm32l4xx_hal_gpio.c.obj
                0x080049dc                HAL_GPIO_WritePin
 .text.HAL_GPIO_TogglePin
                0x08004a0c       0x34 CMakeFiles/L4.dir/Drivers/STM32L4xx_HAL_Driver/Src/stm32l4xx_hal_gpio.c.obj
                0x08004a0c                HAL_GPIO_TogglePin
 .text.HAL_DMA_Abort
                0x08004a40       0x7c CMakeFiles/L4.dir/Drivers/STM32L4xx_HAL_Driver/Src/stm32l4xx_hal_dma.c.obj
                0x08004a40                HAL_DMA_Abort
 .text.HAL_DMA_Abort_IT
                0x08004abc       0x82 CMakeFiles/L4.dir/Drivers/STM32L4xx_HAL_Driver/Src/stm32l4xx_hal_dma.c.obj
                0x08004abc                HAL_DMA_Abort_IT
 *fill*         0x08004b3e        0x2 
 .text.HAL_PWREx_GetVoltageRange
                0x08004b40       0x1c CMakeFiles/L4.dir/Drivers/STM32L4xx_HAL_Driver/Src/stm32l4xx_hal_pwr_ex.c.obj
                0x08004b40                HAL_PWREx_GetVoltageRange
 .text.HAL_PWREx_ControlVoltageScaling
                0x08004b5c       0xac CMakeFiles/L4.dir/Drivers/STM32L4xx_HAL_Driver/Src/stm32l4xx_hal_pwr_ex.c.obj
                0x08004b5c                HAL_PWREx_ControlVoltageScaling
 .text.__NVIC_SetPriorityGrouping
                0x08004c08       0x48 CMakeFiles/L4.dir/Drivers/STM32L4xx_HAL_Driver/Src/stm32l4xx_hal_cortex.c.obj
 .text.__NVIC_GetPriorityGrouping
                0x08004c50       0x1c CMakeFiles/L4.dir/Drivers/STM32L4xx_HAL_Driver/Src/stm32l4xx_hal_cortex.c.obj
 .text.__NVIC_EnableIRQ
                0x08004c6c       0x3c CMakeFiles/L4.dir/Drivers/STM32L4xx_HAL_Driver/Src/stm32l4xx_hal_cortex.c.obj
 .text.__NVIC_SetPriority
                0x08004ca8       0x54 CMakeFiles/L4.dir/Drivers/STM32L4xx_HAL_Driver/Src/stm32l4xx_hal_cortex.c.obj
 .text.NVIC_EncodePriority
                0x08004cfc       0x66 CMakeFiles/L4.dir/Drivers/STM32L4xx_HAL_Driver/Src/stm32l4xx_hal_cortex.c.obj
 *fill*         0x08004d62        0x2 
 .text.SysTick_Config
                0x08004d64       0x44 CMakeFiles/L4.dir/Drivers/STM32L4xx_HAL_Driver/Src/stm32l4xx_hal_cortex.c.obj
 .text.HAL_NVIC_SetPriorityGrouping
                0x08004da8       0x16 CMakeFiles/L4.dir/Drivers/STM32L4xx_HAL_Driver/Src/stm32l4xx_hal_cortex.c.obj
                0x08004da8                HAL_NVIC_SetPriorityGrouping
 .text.HAL_NVIC_SetPriority
                0x08004dbe       0x38 CMakeFiles/L4.dir/Drivers/STM32L4xx_HAL_Driver/Src/stm32l4xx_hal_cortex.c.obj
                0x08004dbe                HAL_NVIC_SetPriority
 .text.HAL_NVIC_EnableIRQ
                0x08004df6       0x1c CMakeFiles/L4.dir/Drivers/STM32L4xx_HAL_Driver/Src/stm32l4xx_hal_cortex.c.obj
                0x08004df6                HAL_NVIC_EnableIRQ
 .text.HAL_SYSTICK_Config
                0x08004e12       0x18 CMakeFiles/L4.dir/Drivers/STM32L4xx_HAL_Driver/Src/stm32l4xx_hal_cortex.c.obj
                0x08004e12                HAL_SYSTICK_Config
 .text.HAL_UART_Init
                0x08004e2a       0x9c CMakeFiles/L4.dir/Drivers/STM32L4xx_HAL_Driver/Src/stm32l4xx_hal_uart.c.obj
                0x08004e2a                HAL_UART_Init
 .text.HAL_UART_Transmit
                0x08004ec6      0x114 CMakeFiles/L4.dir/Drivers/STM32L4xx_HAL_Driver/Src/stm32l4xx_hal_uart.c.obj
                0x08004ec6                HAL_UART_Transmit
 *fill*         0x08004fda        0x2 
 .text.HAL_UART_IRQHandler
                0x08004fdc      0x5d4 CMakeFiles/L4.dir/Drivers/STM32L4xx_HAL_Driver/Src/stm32l4xx_hal_uart.c.obj
                0x08004fdc                HAL_UART_IRQHandler
 .text.HAL_UART_TxCpltCallback
                0x080055b0       0x14 CMakeFiles/L4.dir/Drivers/STM32L4xx_HAL_Driver/Src/stm32l4xx_hal_uart.c.obj
                0x080055b0                HAL_UART_TxCpltCallback
 .text.HAL_UART_ErrorCallback
                0x080055c4       0x14 CMakeFiles/L4.dir/Drivers/STM32L4xx_HAL_Driver/Src/stm32l4xx_hal_uart.c.obj
                0x080055c4                HAL_UART_ErrorCallback
 .text.HAL_UARTEx_RxEventCallback
                0x080055d8       0x18 CMakeFiles/L4.dir/Drivers/STM32L4xx_HAL_Driver/Src/stm32l4xx_hal_uart.c.obj
                0x080055d8                HAL_UARTEx_RxEventCallback
 .text.UART_SetConfig
                0x080055f0      0x570 CMakeFiles/L4.dir/Drivers/STM32L4xx_HAL_Driver/Src/stm32l4xx_hal_uart.c.obj
                0x080055f0                UART_SetConfig
 .text.UART_AdvFeatureConfig
                0x08005b60      0x144 CMakeFiles/L4.dir/Drivers/STM32L4xx_HAL_Driver/Src/stm32l4xx_hal_uart.c.obj
                0x08005b60                UART_AdvFeatureConfig
 .text.UART_CheckIdleState
                0x08005ca4      0x150 CMakeFiles/L4.dir/Drivers/STM32L4xx_HAL_Driver/Src/stm32l4xx_hal_uart.c.obj
                0x08005ca4                UART_CheckIdleState
 .text.UART_WaitOnFlagUntilTimeout
                0x08005df4       0xce CMakeFiles/L4.dir/Drivers/STM32L4xx_HAL_Driver/Src/stm32l4xx_hal_uart.c.obj
                0x08005df4                UART_WaitOnFlagUntilTimeout
 .text.UART_EndRxTransfer
                0x08005ec2       0xc8 CMakeFiles/L4.dir/Drivers/STM32L4xx_HAL_Driver/Src/stm32l4xx_hal_uart.c.obj
 .text.UART_DMAAbortOnError
                0x08005f8a       0x2c CMakeFiles/L4.dir/Drivers/STM32L4xx_HAL_Driver/Src/stm32l4xx_hal_uart.c.obj
 .text.UART_EndTransmit_IT
                0x08005fb6       0x54 CMakeFiles/L4.dir/Drivers/STM32L4xx_HAL_Driver/Src/stm32l4xx_hal_uart.c.obj
 .text.HAL_UARTEx_WakeupCallback
                0x0800600a       0x14 CMakeFiles/L4.dir/Drivers/STM32L4xx_HAL_Driver/Src/stm32l4xx_hal_uart_ex.c.obj
                0x0800600a                HAL_UARTEx_WakeupCallback
 *fill*         0x0800601e        0x2 
 .text.SystemInit
                0x08006020       0x24 CMakeFiles/L4.dir/Core/Src/system_stm32l4xx.c.obj
                0x08006020                SystemInit
 .text._sbrk    0x08006044       0x6c CMakeFiles/L4.dir/Core/Src/sysmem.c.obj
                0x08006044                _sbrk
 .text._getpid  0x080060b0       0x10 CMakeFiles/L4.dir/Core/Src/syscalls.c.obj
                0x080060b0                _getpid
 .text._kill    0x080060c0       0x20 CMakeFiles/L4.dir/Core/Src/syscalls.c.obj
                0x080060c0                _kill
 .text._exit    0x080060e0       0x14 CMakeFiles/L4.dir/Core/Src/syscalls.c.obj
                0x080060e0                _exit
 .text._read    0x080060f4       0x3a CMakeFiles/L4.dir/Core/Src/syscalls.c.obj
                0x080060f4                _read
 .text._write   0x0800612e       0x38 CMakeFiles/L4.dir/Core/Src/syscalls.c.obj
                0x0800612e                _write
 .text._close   0x08006166       0x18 CMakeFiles/L4.dir/Core/Src/syscalls.c.obj
                0x08006166                _close
 .text._fstat   0x0800617e       0x20 CMakeFiles/L4.dir/Core/Src/syscalls.c.obj
                0x0800617e                _fstat
 .text._isatty  0x0800619e       0x16 CMakeFiles/L4.dir/Core/Src/syscalls.c.obj
                0x0800619e                _isatty
 .text._lseek   0x080061b4       0x1a CMakeFiles/L4.dir/Core/Src/syscalls.c.obj
                0x080061b4                _lseek
 *fill*         0x080061ce        0x2 
 .text.Reset_Handler
                0x080061d0       0x50 CMakeFiles/L4.dir/startup_stm32l475xx.s.obj
                0x080061d0                Reset_Handler
 .text.Default_Handler
                0x08006220        0x2 CMakeFiles/L4.dir/startup_stm32l475xx.s.obj
                0x08006220                RTC_Alarm_IRQHandler
                0x08006220                EXTI2_IRQHandler
                0x08006220                TIM8_TRG_COM_IRQHandler
                0x08006220                TIM8_CC_IRQHandler
                0x08006220                TIM1_CC_IRQHandler
                0x08006220                TSC_IRQHandler
                0x08006220                TAMP_STAMP_IRQHandler
                0x08006220                EXTI3_IRQHandler
                0x08006220                LPTIM2_IRQHandler
                0x08006220                DFSDM1_FLT1_IRQHandler
                0x08006220                I2C3_ER_IRQHandler
                0x08006220                DFSDM1_FLT2_IRQHandler
                0x08006220                EXTI0_IRQHandler
                0x08006220                I2C2_EV_IRQHandler
                0x08006220                CAN1_RX0_IRQHandler
                0x08006220                FPU_IRQHandler
                0x08006220                TIM1_UP_TIM16_IRQHandler
                0x08006220                ADC1_2_IRQHandler
                0x08006220                SPI1_IRQHandler
                0x08006220                TIM6_DAC_IRQHandler
                0x08006220                TIM8_UP_IRQHandler
                0x08006220                DMA2_Channel2_IRQHandler
                0x08006220                DMA1_Channel4_IRQHandler
                0x08006220                SAI2_IRQHandler
                0x08006220                DFSDM1_FLT3_IRQHandler
                0x08006220                USART3_IRQHandler
                0x08006220                DMA1_Channel7_IRQHandler
                0x08006220                CAN1_RX1_IRQHandler
                0x08006220                UART5_IRQHandler
                0x08006220                ADC3_IRQHandler
                0x08006220                TIM4_IRQHandler
                0x08006220                DMA2_Channel1_IRQHandler
                0x08006220                QUADSPI_IRQHandler
                0x08006220                I2C1_EV_IRQHandler
                0x08006220                DMA1_Channel6_IRQHandler
                0x08006220                UART4_IRQHandler
                0x08006220                DMA2_Channel4_IRQHandler
                0x08006220                TIM3_IRQHandler
                0x08006220                RCC_IRQHandler
                0x08006220                DMA1_Channel1_IRQHandler
                0x08006220                Default_Handler
                0x08006220                DMA2_Channel7_IRQHandler
                0x08006220                EXTI15_10_IRQHandler
                0x08006220                TIM7_IRQHandler
                0x08006220                SDMMC1_IRQHandler
                0x08006220                I2C3_EV_IRQHandler
                0x08006220                EXTI9_5_IRQHandler
                0x08006220                RTC_WKUP_IRQHandler
                0x08006220                PVD_PVM_IRQHandler
                0x08006220                SPI2_IRQHandler
                0x08006220                CAN1_TX_IRQHandler
                0x08006220                DMA2_Channel5_IRQHandler
                0x08006220                DMA1_Channel5_IRQHandler
                0x08006220                EXTI4_IRQHandler
                0x08006220                RNG_IRQHandler
                0x08006220                TIM1_TRG_COM_TIM17_IRQHandler
                0x08006220                DMA1_Channel3_IRQHandler
                0x08006220                COMP_IRQHandler
                0x08006220                WWDG_IRQHandler
                0x08006220                LPUART1_IRQHandler
                0x08006220                DMA2_Channel6_IRQHandler
                0x08006220                TIM2_IRQHandler
                0x08006220                EXTI1_IRQHandler
                0x08006220                USART2_IRQHandler
                0x08006220                DFSDM1_FLT0_IRQHandler
                0x08006220                I2C2_ER_IRQHandler
                0x08006220                DMA1_Channel2_IRQHandler
                0x08006220                TIM8_BRK_IRQHandler
                0x08006220                CAN1_SCE_IRQHandler
                0x08006220                FLASH_IRQHandler
                0x08006220                OTG_FS_IRQHandler
                0x08006220                SPI3_IRQHandler
                0x08006220                I2C1_ER_IRQHandler
                0x08006220                FMC_IRQHandler
                0x08006220                SWPMI1_IRQHandler
                0x08006220                LPTIM1_IRQHandler
                0x08006220                SAI1_IRQHandler
                0x08006220                DMA2_Channel3_IRQHandler
                0x08006220                TIM1_BRK_TIM15_IRQHandler
 *fill*         0x08006222        0x2 
 .text.__errno  0x08006224        0xc c:/progra~2/gnuarm~1/102021~1.10/bin/../lib/gcc/arm-none-eabi/10.3.1/../../../../arm-none-eabi/lib/thumb/v7e-m+fp/hard\libg.a(lib_a-errno.o)
                0x08006224                __errno
 .text.printf   0x08006230       0x28 c:/progra~2/gnuarm~1/102021~1.10/bin/../lib/gcc/arm-none-eabi/10.3.1/../../../../arm-none-eabi/lib/thumb/v7e-m+fp/hard\libg.a(lib_a-printf.o)
                0x08006230                printf
 .text._puts_r  0x08006258       0x9c c:/progra~2/gnuarm~1/102021~1.10/bin/../lib/gcc/arm-none-eabi/10.3.1/../../../../arm-none-eabi/lib/thumb/v7e-m+fp/hard\libg.a(lib_a-puts.o)
                0x08006258                _puts_r
 .text.puts     0x080062f4       0x10 c:/progra~2/gnuarm~1/102021~1.10/bin/../lib/gcc/arm-none-eabi/10.3.1/../../../../arm-none-eabi/lib/thumb/v7e-m+fp/hard\libg.a(lib_a-puts.o)
                0x080062f4                puts
 *fill*         0x08006304        0x4 
 .text._vfprintf_r
                0x08006308     0x1b90 c:/progra~2/gnuarm~1/102021~1.10/bin/../lib/gcc/arm-none-eabi/10.3.1/../../../../arm-none-eabi/lib/thumb/v7e-m+fp/hard\libg.a(lib_a-vfprintf.o)
                0x08006308                _vfprintf_r
 .text.__sbprintf
                0x08007e98       0x80 c:/progra~2/gnuarm~1/102021~1.10/bin/../lib/gcc/arm-none-eabi/10.3.1/../../../../arm-none-eabi/lib/thumb/v7e-m+fp/hard\libg.a(lib_a-vfprintf.o)
 .text.__swsetup_r
                0x08007f18       0xd4 c:/progra~2/gnuarm~1/102021~1.10/bin/../lib/gcc/arm-none-eabi/10.3.1/../../../../arm-none-eabi/lib/thumb/v7e-m+fp/hard\libg.a(lib_a-wsetup.o)
                0x08007f18                __swsetup_r
 .text.quorem   0x08007fec      0x128 c:/progra~2/gnuarm~1/102021~1.10/bin/../lib/gcc/arm-none-eabi/10.3.1/../../../../arm-none-eabi/lib/thumb/v7e-m+fp/hard\libg.a(lib_a-dtoa.o)
 *fill*         0x08008114        0x4 
 .text._dtoa_r  0x08008118      0xf3c c:/progra~2/gnuarm~1/102021~1.10/bin/../lib/gcc/arm-none-eabi/10.3.1/../../../../arm-none-eabi/lib/thumb/v7e-m+fp/hard\libg.a(lib_a-dtoa.o)
                0x08008118                _dtoa_r
 .text.__sflush_r
                0x08009054      0x130 c:/progra~2/gnuarm~1/102021~1.10/bin/../lib/gcc/arm-none-eabi/10.3.1/../../../../arm-none-eabi/lib/thumb/v7e-m+fp/hard\libg.a(lib_a-fflush.o)
                0x08009054                __sflush_r
 .text._fflush_r
                0x08009184       0x5c c:/progra~2/gnuarm~1/102021~1.10/bin/../lib/gcc/arm-none-eabi/10.3.1/../../../../arm-none-eabi/lib/thumb/v7e-m+fp/hard\libg.a(lib_a-fflush.o)
                0x08009184                _fflush_r
 .text._cleanup_r
                0x080091e0        0xc c:/progra~2/gnuarm~1/102021~1.10/bin/../lib/gcc/arm-none-eabi/10.3.1/../../../../arm-none-eabi/lib/thumb/v7e-m+fp/hard\libg.a(lib_a-findfp.o)
                0x080091e0                _cleanup_r
 .text.__sinit  0x080091ec      0x10c c:/progra~2/gnuarm~1/102021~1.10/bin/../lib/gcc/arm-none-eabi/10.3.1/../../../../arm-none-eabi/lib/thumb/v7e-m+fp/hard\libg.a(lib_a-findfp.o)
                0x080091ec                __sinit
 .text.__sfp_lock_acquire
                0x080092f8        0xc c:/progra~2/gnuarm~1/102021~1.10/bin/../lib/gcc/arm-none-eabi/10.3.1/../../../../arm-none-eabi/lib/thumb/v7e-m+fp/hard\libg.a(lib_a-findfp.o)
                0x080092f8                __sfp_lock_acquire
 .text.__sfp_lock_release
                0x08009304        0xc c:/progra~2/gnuarm~1/102021~1.10/bin/../lib/gcc/arm-none-eabi/10.3.1/../../../../arm-none-eabi/lib/thumb/v7e-m+fp/hard\libg.a(lib_a-findfp.o)
                0x08009304                __sfp_lock_release
 .text._malloc_trim_r
                0x08009310       0xa0 c:/progra~2/gnuarm~1/102021~1.10/bin/../lib/gcc/arm-none-eabi/10.3.1/../../../../arm-none-eabi/lib/thumb/v7e-m+fp/hard\libg.a(lib_a-freer.o)
                0x08009310                _malloc_trim_r
 .text._free_r  0x080093b0      0x20c c:/progra~2/gnuarm~1/102021~1.10/bin/../lib/gcc/arm-none-eabi/10.3.1/../../../../arm-none-eabi/lib/thumb/v7e-m+fp/hard\libg.a(lib_a-freer.o)
                0x080093b0                _free_r
 .text.__sfvwrite_r
                0x080095bc      0x2f0 c:/progra~2/gnuarm~1/102021~1.10/bin/../lib/gcc/arm-none-eabi/10.3.1/../../../../arm-none-eabi/lib/thumb/v7e-m+fp/hard\libg.a(lib_a-fvwrite.o)
                0x080095bc                __sfvwrite_r
 .text._fwalk_reent
                0x080098ac       0x48 c:/progra~2/gnuarm~1/102021~1.10/bin/../lib/gcc/arm-none-eabi/10.3.1/../../../../arm-none-eabi/lib/thumb/v7e-m+fp/hard\libg.a(lib_a-fwalk.o)
                0x080098ac                _fwalk_reent
 .text._localeconv_r
                0x080098f4        0x8 c:/progra~2/gnuarm~1/102021~1.10/bin/../lib/gcc/arm-none-eabi/10.3.1/../../../../arm-none-eabi/lib/thumb/v7e-m+fp/hard\libg.a(lib_a-localeconv.o)
                0x080098f4                _localeconv_r
 .text.__smakebuf_r
                0x080098fc       0xe0 c:/progra~2/gnuarm~1/102021~1.10/bin/../lib/gcc/arm-none-eabi/10.3.1/../../../../arm-none-eabi/lib/thumb/v7e-m+fp/hard\libg.a(lib_a-makebuf.o)
                0x080098fc                __smakebuf_r
 .text._malloc_r
                0x080099dc      0x560 c:/progra~2/gnuarm~1/102021~1.10/bin/../lib/gcc/arm-none-eabi/10.3.1/../../../../arm-none-eabi/lib/thumb/v7e-m+fp/hard\libg.a(lib_a-mallocr.o)
                0x080099dc                _malloc_r
 .text.memmove  0x08009f3c       0xf8 c:/progra~2/gnuarm~1/102021~1.10/bin/../lib/gcc/arm-none-eabi/10.3.1/../../../../arm-none-eabi/lib/thumb/v7e-m+fp/hard\libg.a(lib_a-memmove.o)
                0x08009f3c                memmove
 .text.__malloc_lock
                0x0800a034        0xc c:/progra~2/gnuarm~1/102021~1.10/bin/../lib/gcc/arm-none-eabi/10.3.1/../../../../arm-none-eabi/lib/thumb/v7e-m+fp/hard\libg.a(lib_a-mlock.o)
                0x0800a034                __malloc_lock
 .text.__malloc_unlock
                0x0800a040        0xc c:/progra~2/gnuarm~1/102021~1.10/bin/../lib/gcc/arm-none-eabi/10.3.1/../../../../arm-none-eabi/lib/thumb/v7e-m+fp/hard\libg.a(lib_a-mlock.o)
                0x0800a040                __malloc_unlock
 .text._Balloc  0x0800a04c       0x4c c:/progra~2/gnuarm~1/102021~1.10/bin/../lib/gcc/arm-none-eabi/10.3.1/../../../../arm-none-eabi/lib/thumb/v7e-m+fp/hard\libg.a(lib_a-mprec.o)
                0x0800a04c                _Balloc
 .text._Bfree   0x0800a098       0x14 c:/progra~2/gnuarm~1/102021~1.10/bin/../lib/gcc/arm-none-eabi/10.3.1/../../../../arm-none-eabi/lib/thumb/v7e-m+fp/hard\libg.a(lib_a-mprec.o)
                0x0800a098                _Bfree
 .text.__multadd
                0x0800a0ac       0xa8 c:/progra~2/gnuarm~1/102021~1.10/bin/../lib/gcc/arm-none-eabi/10.3.1/../../../../arm-none-eabi/lib/thumb/v7e-m+fp/hard\libg.a(lib_a-mprec.o)
                0x0800a0ac                __multadd
 .text.__hi0bits
                0x0800a154       0x40 c:/progra~2/gnuarm~1/102021~1.10/bin/../lib/gcc/arm-none-eabi/10.3.1/../../../../arm-none-eabi/lib/thumb/v7e-m+fp/hard\libg.a(lib_a-mprec.o)
                0x0800a154                __hi0bits
 .text.__lo0bits
                0x0800a194       0x60 c:/progra~2/gnuarm~1/102021~1.10/bin/../lib/gcc/arm-none-eabi/10.3.1/../../../../arm-none-eabi/lib/thumb/v7e-m+fp/hard\libg.a(lib_a-mprec.o)
                0x0800a194                __lo0bits
 .text.__i2b    0x0800a1f4       0x5c c:/progra~2/gnuarm~1/102021~1.10/bin/../lib/gcc/arm-none-eabi/10.3.1/../../../../arm-none-eabi/lib/thumb/v7e-m+fp/hard\libg.a(lib_a-mprec.o)
                0x0800a1f4                __i2b
 .text.__multiply
                0x0800a250      0x15c c:/progra~2/gnuarm~1/102021~1.10/bin/../lib/gcc/arm-none-eabi/10.3.1/../../../../arm-none-eabi/lib/thumb/v7e-m+fp/hard\libg.a(lib_a-mprec.o)
                0x0800a250                __multiply
 .text.__pow5mult
                0x0800a3ac       0xc0 c:/progra~2/gnuarm~1/102021~1.10/bin/../lib/gcc/arm-none-eabi/10.3.1/../../../../arm-none-eabi/lib/thumb/v7e-m+fp/hard\libg.a(lib_a-mprec.o)
                0x0800a3ac                __pow5mult
 .text.__lshift
                0x0800a46c       0xf0 c:/progra~2/gnuarm~1/102021~1.10/bin/../lib/gcc/arm-none-eabi/10.3.1/../../../../arm-none-eabi/lib/thumb/v7e-m+fp/hard\libg.a(lib_a-mprec.o)
                0x0800a46c                __lshift
 .text.__mcmp   0x0800a55c       0x44 c:/progra~2/gnuarm~1/102021~1.10/bin/../lib/gcc/arm-none-eabi/10.3.1/../../../../arm-none-eabi/lib/thumb/v7e-m+fp/hard\libg.a(lib_a-mprec.o)
                0x0800a55c                __mcmp
 .text.__mdiff  0x0800a5a0      0x14c c:/progra~2/gnuarm~1/102021~1.10/bin/../lib/gcc/arm-none-eabi/10.3.1/../../../../arm-none-eabi/lib/thumb/v7e-m+fp/hard\libg.a(lib_a-mprec.o)
                0x0800a5a0                __mdiff
 .text.__d2b    0x0800a6ec       0xd0 c:/progra~2/gnuarm~1/102021~1.10/bin/../lib/gcc/arm-none-eabi/10.3.1/../../../../arm-none-eabi/lib/thumb/v7e-m+fp/hard\libg.a(lib_a-mprec.o)
                0x0800a6ec                __d2b
 .text._realloc_r
                0x0800a7bc      0x3d8 c:/progra~2/gnuarm~1/102021~1.10/bin/../lib/gcc/arm-none-eabi/10.3.1/../../../../arm-none-eabi/lib/thumb/v7e-m+fp/hard\libg.a(lib_a-reallocr.o)
                0x0800a7bc                _realloc_r
 .text.frexp    0x0800ab94       0x6c c:/progra~2/gnuarm~1/102021~1.10/bin/../lib/gcc/arm-none-eabi/10.3.1/../../../../arm-none-eabi/lib/thumb/v7e-m+fp/hard\libg.a(lib_a-s_frexp.o)
                0x0800ab94                frexp
 .text._sbrk_r  0x0800ac00       0x24 c:/progra~2/gnuarm~1/102021~1.10/bin/../lib/gcc/arm-none-eabi/10.3.1/../../../../arm-none-eabi/lib/thumb/v7e-m+fp/hard\libg.a(lib_a-sbrkr.o)
                0x0800ac00                _sbrk_r
 .text.__sread  0x0800ac24       0x24 c:/progra~2/gnuarm~1/102021~1.10/bin/../lib/gcc/arm-none-eabi/10.3.1/../../../../arm-none-eabi/lib/thumb/v7e-m+fp/hard\libg.a(lib_a-stdio.o)
                0x0800ac24                __sread
 .text.__swrite
                0x0800ac48       0x40 c:/progra~2/gnuarm~1/102021~1.10/bin/../lib/gcc/arm-none-eabi/10.3.1/../../../../arm-none-eabi/lib/thumb/v7e-m+fp/hard\libg.a(lib_a-stdio.o)
                0x0800ac48                __swrite
 .text.__sseek  0x0800ac88       0x20 c:/progra~2/gnuarm~1/102021~1.10/bin/../lib/gcc/arm-none-eabi/10.3.1/../../../../arm-none-eabi/lib/thumb/v7e-m+fp/hard\libg.a(lib_a-stdio.o)
                0x0800ac88                __sseek
 .text.__sclose
                0x0800aca8        0x8 c:/progra~2/gnuarm~1/102021~1.10/bin/../lib/gcc/arm-none-eabi/10.3.1/../../../../arm-none-eabi/lib/thumb/v7e-m+fp/hard\libg.a(lib_a-stdio.o)
                0x0800aca8                __sclose
 .text.strncpy  0x0800acb0       0x64 c:/progra~2/gnuarm~1/102021~1.10/bin/../lib/gcc/arm-none-eabi/10.3.1/../../../../arm-none-eabi/lib/thumb/v7e-m+fp/hard\libg.a(lib_a-strncpy.o)
                0x0800acb0                strncpy
 .text.__sprint_r.part.0
                0x0800ad14       0x78 c:/progra~2/gnuarm~1/102021~1.10/bin/../lib/gcc/arm-none-eabi/10.3.1/../../../../arm-none-eabi/lib/thumb/v7e-m+fp/hard\libg.a(lib_a-vfiprintf.o)
 .text.__sprint_r
                0x0800ad8c       0x18 c:/progra~2/gnuarm~1/102021~1.10/bin/../lib/gcc/arm-none-eabi/10.3.1/../../../../arm-none-eabi/lib/thumb/v7e-m+fp/hard\libg.a(lib_a-vfiprintf.o)
                0x0800ad8c                __sprint_r
 .text._vfiprintf_r
                0x0800ada4      0xdfc c:/progra~2/gnuarm~1/102021~1.10/bin/../lib/gcc/arm-none-eabi/10.3.1/../../../../arm-none-eabi/lib/thumb/v7e-m+fp/hard\libg.a(lib_a-vfiprintf.o)
                0x0800ada4                _vfiprintf_r
 .text.__sbprintf
                0x0800bba0       0x80 c:/progra~2/gnuarm~1/102021~1.10/bin/../lib/gcc/arm-none-eabi/10.3.1/../../../../arm-none-eabi/lib/thumb/v7e-m+fp/hard\libg.a(lib_a-vfiprintf.o)
 .text._write_r
                0x0800bc20       0x2c c:/progra~2/gnuarm~1/102021~1.10/bin/../lib/gcc/arm-none-eabi/10.3.1/../../../../arm-none-eabi/lib/thumb/v7e-m+fp/hard\libg.a(lib_a-writer.o)
                0x0800bc20                _write_r
 .text.__assert_func
                0x0800bc4c       0x40 c:/progra~2/gnuarm~1/102021~1.10/bin/../lib/gcc/arm-none-eabi/10.3.1/../../../../arm-none-eabi/lib/thumb/v7e-m+fp/hard\libg.a(lib_a-assert.o)
                0x0800bc4c                __assert_func
 .text._calloc_r
                0x0800bc8c       0x78 c:/progra~2/gnuarm~1/102021~1.10/bin/../lib/gcc/arm-none-eabi/10.3.1/../../../../arm-none-eabi/lib/thumb/v7e-m+fp/hard\libg.a(lib_a-callocr.o)
                0x0800bc8c                _calloc_r
 .text._close_r
                0x0800bd04       0x24 c:/progra~2/gnuarm~1/102021~1.10/bin/../lib/gcc/arm-none-eabi/10.3.1/../../../../arm-none-eabi/lib/thumb/v7e-m+fp/hard\libg.a(lib_a-closer.o)
                0x0800bd04                _close_r
 .text._fclose_r
                0x0800bd28       0xcc c:/progra~2/gnuarm~1/102021~1.10/bin/../lib/gcc/arm-none-eabi/10.3.1/../../../../arm-none-eabi/lib/thumb/v7e-m+fp/hard\libg.a(lib_a-fclose.o)
                0x0800bd28                _fclose_r
 .text.fiprintf
                0x0800bdf4       0x28 c:/progra~2/gnuarm~1/102021~1.10/bin/../lib/gcc/arm-none-eabi/10.3.1/../../../../arm-none-eabi/lib/thumb/v7e-m+fp/hard\libg.a(lib_a-fiprintf.o)
                0x0800bdf4                fiprintf
 .text.__fputwc
                0x0800be1c       0xa8 c:/progra~2/gnuarm~1/102021~1.10/bin/../lib/gcc/arm-none-eabi/10.3.1/../../../../arm-none-eabi/lib/thumb/v7e-m+fp/hard\libg.a(lib_a-fputwc.o)
                0x0800be1c                __fputwc
 .text._fputwc_r
                0x0800bec4       0x68 c:/progra~2/gnuarm~1/102021~1.10/bin/../lib/gcc/arm-none-eabi/10.3.1/../../../../arm-none-eabi/lib/thumb/v7e-m+fp/hard\libg.a(lib_a-fputwc.o)
                0x0800bec4                _fputwc_r
 .text._fstat_r
                0x0800bf2c       0x2c c:/progra~2/gnuarm~1/102021~1.10/bin/../lib/gcc/arm-none-eabi/10.3.1/../../../../arm-none-eabi/lib/thumb/v7e-m+fp/hard\libg.a(lib_a-fstatr.o)
                0x0800bf2c                _fstat_r
 .text._isatty_r
                0x0800bf58       0x24 c:/progra~2/gnuarm~1/102021~1.10/bin/../lib/gcc/arm-none-eabi/10.3.1/../../../../arm-none-eabi/lib/thumb/v7e-m+fp/hard\libg.a(lib_a-isattyr.o)
                0x0800bf58                _isatty_r
 .text.__locale_mb_cur_max
                0x0800bf7c        0xc c:/progra~2/gnuarm~1/102021~1.10/bin/../lib/gcc/arm-none-eabi/10.3.1/../../../../arm-none-eabi/lib/thumb/v7e-m+fp/hard\libg.a(lib_a-locale.o)
                0x0800bf7c                __locale_mb_cur_max
 .text._lseek_r
                0x0800bf88       0x2c c:/progra~2/gnuarm~1/102021~1.10/bin/../lib/gcc/arm-none-eabi/10.3.1/../../../../arm-none-eabi/lib/thumb/v7e-m+fp/hard\libg.a(lib_a-lseekr.o)
                0x0800bf88                _lseek_r
 .text.__ascii_mbtowc
                0x0800bfb4       0x2c c:/progra~2/gnuarm~1/102021~1.10/bin/../lib/gcc/arm-none-eabi/10.3.1/../../../../arm-none-eabi/lib/thumb/v7e-m+fp/hard\libg.a(lib_a-mbtowc_r.o)
                0x0800bfb4                __ascii_mbtowc
 .text._read_r  0x0800bfe0       0x2c c:/progra~2/gnuarm~1/102021~1.10/bin/../lib/gcc/arm-none-eabi/10.3.1/../../../../arm-none-eabi/lib/thumb/v7e-m+fp/hard\libg.a(lib_a-readr.o)
                0x0800bfe0                _read_r
 .text.__swbuf_r
                0x0800c00c       0xb0 c:/progra~2/gnuarm~1/102021~1.10/bin/../lib/gcc/arm-none-eabi/10.3.1/../../../../arm-none-eabi/lib/thumb/v7e-m+fp/hard\libg.a(lib_a-wbuf.o)
                0x0800c00c                __swbuf_r
 .text._wcrtomb_r
                0x0800c0bc       0x3c c:/progra~2/gnuarm~1/102021~1.10/bin/../lib/gcc/arm-none-eabi/10.3.1/../../../../arm-none-eabi/lib/thumb/v7e-m+fp/hard\libg.a(lib_a-wcrtomb.o)
                0x0800c0bc                _wcrtomb_r
 .text.__ascii_wctomb
                0x0800c0f8       0x1c c:/progra~2/gnuarm~1/102021~1.10/bin/../lib/gcc/arm-none-eabi/10.3.1/../../../../arm-none-eabi/lib/thumb/v7e-m+fp/hard\libg.a(lib_a-wctomb_r.o)
                0x0800c0f8                __ascii_wctomb
 .text.abort    0x0800c114       0x10 c:/progra~2/gnuarm~1/102021~1.10/bin/../lib/gcc/arm-none-eabi/10.3.1/../../../../arm-none-eabi/lib/thumb/v7e-m+fp/hard\libg.a(lib_a-abort.o)
                0x0800c114                abort
 .text.raise    0x0800c124       0x5c c:/progra~2/gnuarm~1/102021~1.10/bin/../lib/gcc/arm-none-eabi/10.3.1/../../../../arm-none-eabi/lib/thumb/v7e-m+fp/hard\libg.a(lib_a-signal.o)
                0x0800c124                raise
 .text._kill_r  0x0800c180       0x2c c:/progra~2/gnuarm~1/102021~1.10/bin/../lib/gcc/arm-none-eabi/10.3.1/../../../../arm-none-eabi/lib/thumb/v7e-m+fp/hard\libg.a(lib_a-signalr.o)
                0x0800c180                _kill_r
 .text._getpid_r
                0x0800c1ac        0x4 c:/progra~2/gnuarm~1/102021~1.10/bin/../lib/gcc/arm-none-eabi/10.3.1/../../../../arm-none-eabi/lib/thumb/v7e-m+fp/hard\libg.a(lib_a-signalr.o)
                0x0800c1ac                _getpid_r
 *(.glue_7)
 .glue_7        0x0800c1b0        0x0 linker stubs
 *(.glue_7t)
 .glue_7t       0x0800c1b0        0x0 linker stubs
 *(.eh_frame)
 .eh_frame      0x0800c1b0        0x0 c:/progra~2/gnuarm~1/102021~1.10/bin/../lib/gcc/arm-none-eabi/10.3.1/thumb/v7e-m+fp/hard/crtbegin.o
 *(.init)
 .init          0x0800c1b0        0x4 c:/progra~2/gnuarm~1/102021~1.10/bin/../lib/gcc/arm-none-eabi/10.3.1/thumb/v7e-m+fp/hard/crti.o
                0x0800c1b0                _init
 .init          0x0800c1b4        0x8 c:/progra~2/gnuarm~1/102021~1.10/bin/../lib/gcc/arm-none-eabi/10.3.1/thumb/v7e-m+fp/hard/crtn.o
 *(.fini)
 .fini          0x0800c1bc        0x4 c:/progra~2/gnuarm~1/102021~1.10/bin/../lib/gcc/arm-none-eabi/10.3.1/thumb/v7e-m+fp/hard/crti.o
                0x0800c1bc                _fini
 .fini          0x0800c1c0        0x8 c:/progra~2/gnuarm~1/102021~1.10/bin/../lib/gcc/arm-none-eabi/10.3.1/thumb/v7e-m+fp/hard/crtn.o
                0x0800c1c8                . = ALIGN (0x8)
                0x0800c1c8                _etext = .

.vfp11_veneer   0x0800c1c8        0x0
 .vfp11_veneer  0x0800c1c8        0x0 linker stubs

.v4_bx          0x0800c1c8        0x0
 .v4_bx         0x0800c1c8        0x0 linker stubs

.iplt           0x0800c1c8        0x0
 .iplt          0x0800c1c8        0x0 c:/progra~2/gnuarm~1/102021~1.10/bin/../lib/gcc/arm-none-eabi/10.3.1/thumb/v7e-m+fp/hard/crtbegin.o

.rodata         0x0800c1c8      0x548
                0x0800c1c8                . = ALIGN (0x8)
 *(.rodata)
 .rodata        0x0800c1c8       0x1c CMakeFiles/L4.dir/Hardware/Src/icm20608.c.obj
 .rodata        0x0800c1e4       0xe4 CMakeFiles/L4.dir/Core/Src/main.c.obj
 *(.rodata*)
 .rodata._global_impure_ptr
                0x0800c2c8        0x4 c:/progra~2/gnuarm~1/102021~1.10/bin/../lib/gcc/arm-none-eabi/10.3.1/../../../../arm-none-eabi/lib/thumb/v7e-m+fp/hard\libc.a(lib_a-impure.o)
                0x0800c2c8                _global_impure_ptr
 .rodata.AHBPrescTable
                0x0800c2cc       0x10 CMakeFiles/L4.dir/Core/Src/system_stm32l4xx.c.obj
                0x0800c2cc                AHBPrescTable
 .rodata.APBPrescTable
                0x0800c2dc        0x8 CMakeFiles/L4.dir/Core/Src/system_stm32l4xx.c.obj
                0x0800c2dc                APBPrescTable
 .rodata.MSIRangeTable
                0x0800c2e4       0x30 CMakeFiles/L4.dir/Core/Src/system_stm32l4xx.c.obj
                0x0800c2e4                MSIRangeTable
 .rodata._puts_r.str1.4
                0x0800c314        0x2 c:/progra~2/gnuarm~1/102021~1.10/bin/../lib/gcc/arm-none-eabi/10.3.1/../../../../arm-none-eabi/lib/thumb/v7e-m+fp/hard\libg.a(lib_a-puts.o)
 *fill*         0x0800c316        0x2 
 .rodata._vfprintf_r.str1.4
                0x0800c318       0x42 c:/progra~2/gnuarm~1/102021~1.10/bin/../lib/gcc/arm-none-eabi/10.3.1/../../../../arm-none-eabi/lib/thumb/v7e-m+fp/hard\libg.a(lib_a-vfprintf.o)
 *fill*         0x0800c35a        0x2 
 .rodata.blanks.1
                0x0800c35c       0x10 c:/progra~2/gnuarm~1/102021~1.10/bin/../lib/gcc/arm-none-eabi/10.3.1/../../../../arm-none-eabi/lib/thumb/v7e-m+fp/hard\libg.a(lib_a-vfprintf.o)
 .rodata.zeroes.0
                0x0800c36c       0x10 c:/progra~2/gnuarm~1/102021~1.10/bin/../lib/gcc/arm-none-eabi/10.3.1/../../../../arm-none-eabi/lib/thumb/v7e-m+fp/hard\libg.a(lib_a-vfprintf.o)
 .rodata._dtoa_r.str1.4
                0x0800c37c       0xa2 c:/progra~2/gnuarm~1/102021~1.10/bin/../lib/gcc/arm-none-eabi/10.3.1/../../../../arm-none-eabi/lib/thumb/v7e-m+fp/hard\libg.a(lib_a-dtoa.o)
                                 0xa6 (size before relaxing)
 *fill*         0x0800c41e        0x2 
 .rodata.__multadd.str1.4
                0x0800c420       0x7f c:/progra~2/gnuarm~1/102021~1.10/bin/../lib/gcc/arm-none-eabi/10.3.1/../../../../arm-none-eabi/lib/thumb/v7e-m+fp/hard\libg.a(lib_a-mprec.o)
                                 0x93 (size before relaxing)
 *fill*         0x0800c49f        0x1 
 .rodata.__mprec_bigtens
                0x0800c4a0       0x28 c:/progra~2/gnuarm~1/102021~1.10/bin/../lib/gcc/arm-none-eabi/10.3.1/../../../../arm-none-eabi/lib/thumb/v7e-m+fp/hard\libg.a(lib_a-mprec.o)
                0x0800c4a0                __mprec_bigtens
 .rodata.__mprec_tens
                0x0800c4c8       0xc8 c:/progra~2/gnuarm~1/102021~1.10/bin/../lib/gcc/arm-none-eabi/10.3.1/../../../../arm-none-eabi/lib/thumb/v7e-m+fp/hard\libg.a(lib_a-mprec.o)
                0x0800c4c8                __mprec_tens
 .rodata.p05.0  0x0800c590        0xc c:/progra~2/gnuarm~1/102021~1.10/bin/../lib/gcc/arm-none-eabi/10.3.1/../../../../arm-none-eabi/lib/thumb/v7e-m+fp/hard\libg.a(lib_a-mprec.o)
 .rodata._vfiprintf_r.str1.4
                0x0800c59c       0x2f c:/progra~2/gnuarm~1/102021~1.10/bin/../lib/gcc/arm-none-eabi/10.3.1/../../../../arm-none-eabi/lib/thumb/v7e-m+fp/hard\libg.a(lib_a-vfiprintf.o)
 .rodata.blanks.1
                0x0800c59c       0x10 c:/progra~2/gnuarm~1/102021~1.10/bin/../lib/gcc/arm-none-eabi/10.3.1/../../../../arm-none-eabi/lib/thumb/v7e-m+fp/hard\libg.a(lib_a-vfiprintf.o)
 .rodata.zeroes.0
                0x0800c5ac       0x10 c:/progra~2/gnuarm~1/102021~1.10/bin/../lib/gcc/arm-none-eabi/10.3.1/../../../../arm-none-eabi/lib/thumb/v7e-m+fp/hard\libg.a(lib_a-vfiprintf.o)
 .rodata.__assert_func.str1.4
                0x0800c5bc       0x3f c:/progra~2/gnuarm~1/102021~1.10/bin/../lib/gcc/arm-none-eabi/10.3.1/../../../../arm-none-eabi/lib/thumb/v7e-m+fp/hard\libg.a(lib_a-assert.o)
                                 0x43 (size before relaxing)
 *fill*         0x0800c5fb        0x1 
 .rodata._setlocale_r.str1.4
                0x0800c5fc        0xa c:/progra~2/gnuarm~1/102021~1.10/bin/../lib/gcc/arm-none-eabi/10.3.1/../../../../arm-none-eabi/lib/thumb/v7e-m+fp/hard\libg.a(lib_a-locale.o)
                                  0xd (size before relaxing)
 *fill*         0x0800c606        0x2 
 .rodata.str1.4
                0x0800c608        0x2 c:/progra~2/gnuarm~1/102021~1.10/bin/../lib/gcc/arm-none-eabi/10.3.1/../../../../arm-none-eabi/lib/thumb/v7e-m+fp/hard\libg.a(lib_a-locale.o)
 *fill*         0x0800c60a        0x2 
 .rodata._ctype_
                0x0800c60c      0x101 c:/progra~2/gnuarm~1/102021~1.10/bin/../lib/gcc/arm-none-eabi/10.3.1/../../../../arm-none-eabi/lib/thumb/v7e-m+fp/hard\libg.a(lib_a-ctype_.o)
                0x0800c60c                _ctype_
                0x0800c710                . = ALIGN (0x8)
 *fill*         0x0800c70d        0x3 

.ARM.extab      0x0800c710        0x0
                0x0800c710                . = ALIGN (0x8)
 *(.ARM.extab* .gnu.linkonce.armextab.*)
                0x0800c710                . = ALIGN (0x8)

.ARM            0x0800c710        0x8
                0x0800c710                . = ALIGN (0x8)
                0x0800c710                __exidx_start = .
 *(.ARM.exidx*)
 .ARM.exidx     0x0800c710        0x8 c:/progra~2/gnuarm~1/102021~1.10/bin/../lib/gcc/arm-none-eabi/10.3.1/thumb/v7e-m+fp/hard\libgcc.a(_udivmoddi4.o)
                0x0800c718                __exidx_end = .
                0x0800c718                . = ALIGN (0x8)

.rel.dyn        0x0800c718        0x0
 .rel.iplt      0x0800c718        0x0 c:/progra~2/gnuarm~1/102021~1.10/bin/../lib/gcc/arm-none-eabi/10.3.1/thumb/v7e-m+fp/hard/crtbegin.o

.preinit_array  0x0800c718        0x0
                0x0800c718                . = ALIGN (0x8)
                0x0800c718                PROVIDE (__preinit_array_start = .)
 *(.preinit_array*)
                0x0800c718                PROVIDE (__preinit_array_end = .)
                0x0800c718                . = ALIGN (0x8)

.init_array     0x0800c718        0x8
                0x0800c718                . = ALIGN (0x8)
                0x0800c718                PROVIDE (__init_array_start = .)
 *(SORT_BY_NAME(.init_array.*))
 .init_array.00000
                0x0800c718        0x4 c:/progra~2/gnuarm~1/102021~1.10/bin/../lib/gcc/arm-none-eabi/10.3.1/../../../../arm-none-eabi/lib/thumb/v7e-m+fp/hard\libc.a(lib_a-__call_atexit.o)
 *(.init_array*)
 .init_array    0x0800c71c        0x4 c:/progra~2/gnuarm~1/102021~1.10/bin/../lib/gcc/arm-none-eabi/10.3.1/thumb/v7e-m+fp/hard/crtbegin.o
                0x0800c720                PROVIDE (__init_array_end = .)
                0x0800c720                . = ALIGN (0x8)

.fini_array     0x0800c720        0x8
                0x0800c720                . = ALIGN (0x8)
                0x0800c720                PROVIDE (__fini_array_start = .)
 *(SORT_BY_NAME(.fini_array.*))
 *(.fini_array*)
 .fini_array    0x0800c720        0x4 c:/progra~2/gnuarm~1/102021~1.10/bin/../lib/gcc/arm-none-eabi/10.3.1/thumb/v7e-m+fp/hard/crtbegin.o
                0x0800c724                PROVIDE (__fini_array_end = .)
                0x0800c728                . = ALIGN (0x8)
 *fill*         0x0800c724        0x4 
                0x0800c728                _sidata = LOADADDR (.data)

.data           0x20000000      0xa08 load address 0x0800c728
                0x20000000                . = ALIGN (0x8)
                0x20000000                _sdata = .
 *(.data)
 *(.data*)
 .data._impure_ptr
                0x20000000        0x4 c:/progra~2/gnuarm~1/102021~1.10/bin/../lib/gcc/arm-none-eabi/10.3.1/../../../../arm-none-eabi/lib/thumb/v7e-m+fp/hard\libc.a(lib_a-impure.o)
                0x20000000                _impure_ptr
 *fill*         0x20000004        0x4 
 .data.impure_data
                0x20000008      0x428 c:/progra~2/gnuarm~1/102021~1.10/bin/../lib/gcc/arm-none-eabi/10.3.1/../../../../arm-none-eabi/lib/thumb/v7e-m+fp/hard\libc.a(lib_a-impure.o)
 .data.__atexit_recursive_mutex
                0x20000430        0x4 c:/progra~2/gnuarm~1/102021~1.10/bin/../lib/gcc/arm-none-eabi/10.3.1/../../../../arm-none-eabi/lib/thumb/v7e-m+fp/hard\libc.a(lib_a-__call_atexit.o)
                0x20000430                __atexit_recursive_mutex
 .data.kalman.1
                0x20000434       0x48 CMakeFiles/L4.dir/Hardware/Src/icm20608.c.obj
 .data.uwTickPrio
                0x2000047c        0x4 CMakeFiles/L4.dir/Drivers/STM32L4xx_HAL_Driver/Src/stm32l4xx_hal.c.obj
                0x2000047c                uwTickPrio
 .data.uwTickFreq
                0x20000480        0x1 CMakeFiles/L4.dir/Drivers/STM32L4xx_HAL_Driver/Src/stm32l4xx_hal.c.obj
                0x20000480                uwTickFreq
 *fill*         0x20000481        0x3 
 .data.SystemCoreClock
                0x20000484        0x4 CMakeFiles/L4.dir/Core/Src/system_stm32l4xx.c.obj
                0x20000484                SystemCoreClock
 .data.__malloc_av_
                0x20000488      0x408 c:/progra~2/gnuarm~1/102021~1.10/bin/../lib/gcc/arm-none-eabi/10.3.1/../../../../arm-none-eabi/lib/thumb/v7e-m+fp/hard\libg.a(lib_a-mallocr.o)
                0x20000488                __malloc_av_
 .data.__malloc_sbrk_base
                0x20000890        0x4 c:/progra~2/gnuarm~1/102021~1.10/bin/../lib/gcc/arm-none-eabi/10.3.1/../../../../arm-none-eabi/lib/thumb/v7e-m+fp/hard\libg.a(lib_a-mallocr.o)
                0x20000890                __malloc_sbrk_base
 .data.__malloc_trim_threshold
                0x20000894        0x4 c:/progra~2/gnuarm~1/102021~1.10/bin/../lib/gcc/arm-none-eabi/10.3.1/../../../../arm-none-eabi/lib/thumb/v7e-m+fp/hard\libg.a(lib_a-mallocr.o)
                0x20000894                __malloc_trim_threshold
 .data.__global_locale
                0x20000898      0x16c c:/progra~2/gnuarm~1/102021~1.10/bin/../lib/gcc/arm-none-eabi/10.3.1/../../../../arm-none-eabi/lib/thumb/v7e-m+fp/hard\libg.a(lib_a-locale.o)
                0x20000898                __global_locale
                0x20000a08                . = ALIGN (0x8)
 *fill*         0x20000a04        0x4 
                0x20000a08                _edata = .

.igot.plt       0x20000a08        0x0 load address 0x0800d130
 .igot.plt      0x20000a08        0x0 c:/progra~2/gnuarm~1/102021~1.10/bin/../lib/gcc/arm-none-eabi/10.3.1/thumb/v7e-m+fp/hard/crtbegin.o
                0x20000a08                . = ALIGN (0x4)

.bss            0x20000a08      0x1f4 load address 0x0800d130
                0x20000a08                _sbss = .
                0x20000a08                __bss_start__ = _sbss
 *(.bss)
 .bss           0x20000a08       0x1c c:/progra~2/gnuarm~1/102021~1.10/bin/../lib/gcc/arm-none-eabi/10.3.1/thumb/v7e-m+fp/hard/crtbegin.o
 *(.bss*)
 .bss.__lock___atexit_recursive_mutex
                0x20000a24        0x1 c:/progra~2/gnuarm~1/102021~1.10/bin/../lib/gcc/arm-none-eabi/10.3.1/../../../../arm-none-eabi/lib/thumb/v7e-m+fp/hard\libc.a(lib_a-lock.o)
                0x20000a24                __lock___atexit_recursive_mutex
 *fill*         0x20000a25        0x3 
 .bss.__lock___malloc_recursive_mutex
                0x20000a28        0x1 c:/progra~2/gnuarm~1/102021~1.10/bin/../lib/gcc/arm-none-eabi/10.3.1/../../../../arm-none-eabi/lib/thumb/v7e-m+fp/hard\libc.a(lib_a-lock.o)
                0x20000a28                __lock___malloc_recursive_mutex
 *fill*         0x20000a29        0x3 
 .bss.__lock___sfp_recursive_mutex
                0x20000a2c        0x1 c:/progra~2/gnuarm~1/102021~1.10/bin/../lib/gcc/arm-none-eabi/10.3.1/../../../../arm-none-eabi/lib/thumb/v7e-m+fp/hard\libc.a(lib_a-lock.o)
                0x20000a2c                __lock___sfp_recursive_mutex
 *fill*         0x20000a2d        0x3 
 .bss.__lock___sinit_recursive_mutex
                0x20000a30        0x1 c:/progra~2/gnuarm~1/102021~1.10/bin/../lib/gcc/arm-none-eabi/10.3.1/../../../../arm-none-eabi/lib/thumb/v7e-m+fp/hard\libc.a(lib_a-lock.o)
                0x20000a30                __lock___sinit_recursive_mutex
 .bss.is_init.0
                0x20000a31        0x1 CMakeFiles/L4.dir/GwLib/Src/i2c.c.obj
 *fill*         0x20000a32        0x2 
 .bss.GWS_MPU6050   0x20000a34       0x60 CMakeFiles/L4.dir/Hardware/Src/icm20608.c.obj
                0x20000a34                GWS_MPU6050
 .bss.localGyro.0
                0x20000a94        0x6 CMakeFiles/L4.dir/Hardware/Src/icm20608.c.obj
 *fill*         0x20000a9a        0x2 
 .bss.htim1     0x20000a9c       0x4c CMakeFiles/L4.dir/Core/Src/tim.c.obj
                0x20000a9c                htim1
 .bss.htim5     0x20000ae8       0x4c CMakeFiles/L4.dir/Core/Src/tim.c.obj
                0x20000ae8                htim5
 .bss.huart1    0x20000b34       0x88 CMakeFiles/L4.dir/Core/Src/usart.c.obj
                0x20000b34                huart1
 .bss.uwTick    0x20000bbc        0x4 CMakeFiles/L4.dir/Drivers/STM32L4xx_HAL_Driver/Src/stm32l4xx_hal.c.obj
                0x20000bbc                uwTick
 .bss.__sbrk_heap_end
                0x20000bc0        0x4 CMakeFiles/L4.dir/Core/Src/sysmem.c.obj
 .bss.__malloc_current_mallinfo
                0x20000bc4       0x28 c:/progra~2/gnuarm~1/102021~1.10/bin/../lib/gcc/arm-none-eabi/10.3.1/../../../../arm-none-eabi/lib/thumb/v7e-m+fp/hard\libg.a(lib_a-mallocr.o)
                0x20000bc4                __malloc_current_mallinfo
 .bss.__malloc_max_sbrked_mem
                0x20000bec        0x4 c:/progra~2/gnuarm~1/102021~1.10/bin/../lib/gcc/arm-none-eabi/10.3.1/../../../../arm-none-eabi/lib/thumb/v7e-m+fp/hard\libg.a(lib_a-mallocr.o)
                0x20000bec                __malloc_max_sbrked_mem
 .bss.__malloc_max_total_mem
                0x20000bf0        0x4 c:/progra~2/gnuarm~1/102021~1.10/bin/../lib/gcc/arm-none-eabi/10.3.1/../../../../arm-none-eabi/lib/thumb/v7e-m+fp/hard\libg.a(lib_a-mallocr.o)
                0x20000bf0                __malloc_max_total_mem
 .bss.__malloc_top_pad
                0x20000bf4        0x4 c:/progra~2/gnuarm~1/102021~1.10/bin/../lib/gcc/arm-none-eabi/10.3.1/../../../../arm-none-eabi/lib/thumb/v7e-m+fp/hard\libg.a(lib_a-mallocr.o)
                0x20000bf4                __malloc_top_pad
 .bss.errno     0x20000bf8        0x4 c:/progra~2/gnuarm~1/102021~1.10/bin/../lib/gcc/arm-none-eabi/10.3.1/../../../../arm-none-eabi/lib/thumb/v7e-m+fp/hard\libg.a(lib_a-reent.o)
                0x20000bf8                errno
 *(COMMON)
                0x20000bfc                . = ALIGN (0x4)
                0x20000bfc                _ebss = .
                0x20000bfc                __bss_end__ = _ebss

._user_heap_stack
                0x20000bfc      0x604 load address 0x0800d130
                0x20000c00                . = ALIGN (0x8)
 *fill*         0x20000bfc        0x4 
                [!provide]                PROVIDE (end = .)
                0x20000c00                PROVIDE (_end = .)
                0x20000e00                . = (. + _Min_Heap_Size)
 *fill*         0x20000c00      0x200 
                0x20001200                . = (. + _Min_Stack_Size)
 *fill*         0x20000e00      0x400 
                0x20001200                . = ALIGN (0x8)

/DISCARD/
 libc.a(*)
 libm.a(*)
 libgcc.a(*)

.ARM.attributes
                0x00000000       0x30
 *(.ARM.attributes)
 .ARM.attributes
                0x00000000       0x1e c:/progra~2/gnuarm~1/102021~1.10/bin/../lib/gcc/arm-none-eabi/10.3.1/thumb/v7e-m+fp/hard/crti.o
 .ARM.attributes
                0x0000001e       0x34 c:/progra~2/gnuarm~1/102021~1.10/bin/../lib/gcc/arm-none-eabi/10.3.1/thumb/v7e-m+fp/hard/crtbegin.o
 .ARM.attributes
                0x00000052       0x34 c:/progra~2/gnuarm~1/102021~1.10/bin/../lib/gcc/arm-none-eabi/10.3.1/../../../../arm-none-eabi/lib/thumb/v7e-m+fp/hard\libc.a(lib_a-impure.o)
 .ARM.attributes
                0x00000086       0x34 c:/progra~2/gnuarm~1/102021~1.10/bin/../lib/gcc/arm-none-eabi/10.3.1/../../../../arm-none-eabi/lib/thumb/v7e-m+fp/hard\libc.a(lib_a-init.o)
 .ARM.attributes
                0x000000ba       0x34 c:/progra~2/gnuarm~1/102021~1.10/bin/../lib/gcc/arm-none-eabi/10.3.1/../../../../arm-none-eabi/lib/thumb/v7e-m+fp/hard\libc.a(lib_a-memset.o)
 .ARM.attributes
                0x000000ee       0x34 c:/progra~2/gnuarm~1/102021~1.10/bin/../lib/gcc/arm-none-eabi/10.3.1/../../../../arm-none-eabi/lib/thumb/v7e-m+fp/hard\libc.a(lib_a-__call_atexit.o)
 .ARM.attributes
                0x00000122       0x34 c:/progra~2/gnuarm~1/102021~1.10/bin/../lib/gcc/arm-none-eabi/10.3.1/../../../../arm-none-eabi/lib/thumb/v7e-m+fp/hard\libc.a(lib_a-atexit.o)
 .ARM.attributes
                0x00000156       0x34 c:/progra~2/gnuarm~1/102021~1.10/bin/../lib/gcc/arm-none-eabi/10.3.1/../../../../arm-none-eabi/lib/thumb/v7e-m+fp/hard\libc.a(lib_a-fini.o)
 .ARM.attributes
                0x0000018a       0x34 c:/progra~2/gnuarm~1/102021~1.10/bin/../lib/gcc/arm-none-eabi/10.3.1/../../../../arm-none-eabi/lib/thumb/v7e-m+fp/hard\libc.a(lib_a-lock.o)
 .ARM.attributes
                0x000001be       0x34 c:/progra~2/gnuarm~1/102021~1.10/bin/../lib/gcc/arm-none-eabi/10.3.1/../../../../arm-none-eabi/lib/thumb/v7e-m+fp/hard\libc.a(lib_a-__atexit.o)
 .ARM.attributes
                0x000001f2       0x34 CMakeFiles/L4.dir/Core/Src/task.c.obj
 .ARM.attributes
                0x00000226       0x34 CMakeFiles/L4.dir/GwLib/Src/i2c.c.obj
 .ARM.attributes
                0x0000025a       0x34 CMakeFiles/L4.dir/GwLib/Src/kalman.c.obj
 .ARM.attributes
                0x0000028e       0x34 CMakeFiles/L4.dir/Hardware/Src/icm20608.c.obj
 .ARM.attributes
                0x000002c2       0x34 CMakeFiles/L4.dir/Core/Src/main.c.obj
 .ARM.attributes
                0x000002f6       0x34 CMakeFiles/L4.dir/Core/Src/gpio.c.obj
 .ARM.attributes
                0x0000032a       0x34 CMakeFiles/L4.dir/Core/Src/tim.c.obj
 .ARM.attributes
                0x0000035e       0x34 CMakeFiles/L4.dir/Core/Src/usart.c.obj
 .ARM.attributes
                0x00000392       0x34 CMakeFiles/L4.dir/Core/Src/stm32l4xx_it.c.obj
 .ARM.attributes
                0x000003c6       0x34 CMakeFiles/L4.dir/Core/Src/stm32l4xx_hal_msp.c.obj
 .ARM.attributes
                0x000003fa       0x34 CMakeFiles/L4.dir/Drivers/STM32L4xx_HAL_Driver/Src/stm32l4xx_hal_tim.c.obj
 .ARM.attributes
                0x0000042e       0x34 CMakeFiles/L4.dir/Drivers/STM32L4xx_HAL_Driver/Src/stm32l4xx_hal_tim_ex.c.obj
 .ARM.attributes
                0x00000462       0x34 CMakeFiles/L4.dir/Drivers/STM32L4xx_HAL_Driver/Src/stm32l4xx_hal.c.obj
 .ARM.attributes
                0x00000496       0x34 CMakeFiles/L4.dir/Drivers/STM32L4xx_HAL_Driver/Src/stm32l4xx_hal_rcc.c.obj
 .ARM.attributes
                0x000004ca       0x34 CMakeFiles/L4.dir/Drivers/STM32L4xx_HAL_Driver/Src/stm32l4xx_hal_rcc_ex.c.obj
 .ARM.attributes
                0x000004fe       0x34 CMakeFiles/L4.dir/Drivers/STM32L4xx_HAL_Driver/Src/stm32l4xx_hal_gpio.c.obj
 .ARM.attributes
                0x00000532       0x34 CMakeFiles/L4.dir/Drivers/STM32L4xx_HAL_Driver/Src/stm32l4xx_hal_dma.c.obj
 .ARM.attributes
                0x00000566       0x34 CMakeFiles/L4.dir/Drivers/STM32L4xx_HAL_Driver/Src/stm32l4xx_hal_pwr_ex.c.obj
 .ARM.attributes
                0x0000059a       0x34 CMakeFiles/L4.dir/Drivers/STM32L4xx_HAL_Driver/Src/stm32l4xx_hal_cortex.c.obj
 .ARM.attributes
                0x000005ce       0x34 CMakeFiles/L4.dir/Drivers/STM32L4xx_HAL_Driver/Src/stm32l4xx_hal_uart.c.obj
 .ARM.attributes
                0x00000602       0x34 CMakeFiles/L4.dir/Drivers/STM32L4xx_HAL_Driver/Src/stm32l4xx_hal_uart_ex.c.obj
 .ARM.attributes
                0x00000636       0x34 CMakeFiles/L4.dir/Core/Src/system_stm32l4xx.c.obj
 .ARM.attributes
                0x0000066a       0x34 CMakeFiles/L4.dir/Core/Src/sysmem.c.obj
 .ARM.attributes
                0x0000069e       0x34 CMakeFiles/L4.dir/Core/Src/syscalls.c.obj
 .ARM.attributes
                0x000006d2       0x21 CMakeFiles/L4.dir/startup_stm32l475xx.s.obj
 .ARM.attributes
                0x000006f3       0x1e c:/progra~2/gnuarm~1/102021~1.10/bin/../lib/gcc/arm-none-eabi/10.3.1/thumb/v7e-m+fp/hard\libgcc.a(_arm_addsubdf3.o)
 .ARM.attributes
                0x00000711       0x1e c:/progra~2/gnuarm~1/102021~1.10/bin/../lib/gcc/arm-none-eabi/10.3.1/thumb/v7e-m+fp/hard\libgcc.a(_aeabi_uldivmod.o)
 .ARM.attributes
                0x0000072f       0x34 c:/progra~2/gnuarm~1/102021~1.10/bin/../lib/gcc/arm-none-eabi/10.3.1/thumb/v7e-m+fp/hard\libgcc.a(_udivmoddi4.o)
 .ARM.attributes
                0x00000763       0x1e c:/progra~2/gnuarm~1/102021~1.10/bin/../lib/gcc/arm-none-eabi/10.3.1/thumb/v7e-m+fp/hard\libgcc.a(_dvmd_tls.o)
 .ARM.attributes
                0x00000781       0x34 c:/progra~2/gnuarm~1/102021~1.10/bin/../lib/gcc/arm-none-eabi/10.3.1/../../../../arm-none-eabi/lib/thumb/v7e-m+fp/hard\libg.a(lib_a-errno.o)
 .ARM.attributes
                0x000007b5       0x34 c:/progra~2/gnuarm~1/102021~1.10/bin/../lib/gcc/arm-none-eabi/10.3.1/../../../../arm-none-eabi/lib/thumb/v7e-m+fp/hard\libg.a(lib_a-printf.o)
 .ARM.attributes
                0x000007e9       0x34 c:/progra~2/gnuarm~1/102021~1.10/bin/../lib/gcc/arm-none-eabi/10.3.1/../../../../arm-none-eabi/lib/thumb/v7e-m+fp/hard\libg.a(lib_a-puts.o)
 .ARM.attributes
                0x0000081d       0x1c c:/progra~2/gnuarm~1/102021~1.10/bin/../lib/gcc/arm-none-eabi/10.3.1/../../../../arm-none-eabi/lib/thumb/v7e-m+fp/hard\libg.a(lib_a-strlen.o)
 .ARM.attributes
                0x00000839       0x34 c:/progra~2/gnuarm~1/102021~1.10/bin/../lib/gcc/arm-none-eabi/10.3.1/../../../../arm-none-eabi/lib/thumb/v7e-m+fp/hard\libg.a(lib_a-vfprintf.o)
 .ARM.attributes
                0x0000086d       0x34 c:/progra~2/gnuarm~1/102021~1.10/bin/../lib/gcc/arm-none-eabi/10.3.1/../../../../arm-none-eabi/lib/thumb/v7e-m+fp/hard\libg.a(lib_a-wsetup.o)
 .ARM.attributes
                0x000008a1       0x34 c:/progra~2/gnuarm~1/102021~1.10/bin/../lib/gcc/arm-none-eabi/10.3.1/../../../../arm-none-eabi/lib/thumb/v7e-m+fp/hard\libg.a(lib_a-dtoa.o)
 .ARM.attributes
                0x000008d5       0x34 c:/progra~2/gnuarm~1/102021~1.10/bin/../lib/gcc/arm-none-eabi/10.3.1/../../../../arm-none-eabi/lib/thumb/v7e-m+fp/hard\libg.a(lib_a-fflush.o)
 .ARM.attributes
                0x00000909       0x34 c:/progra~2/gnuarm~1/102021~1.10/bin/../lib/gcc/arm-none-eabi/10.3.1/../../../../arm-none-eabi/lib/thumb/v7e-m+fp/hard\libg.a(lib_a-findfp.o)
 .ARM.attributes
                0x0000093d       0x34 c:/progra~2/gnuarm~1/102021~1.10/bin/../lib/gcc/arm-none-eabi/10.3.1/../../../../arm-none-eabi/lib/thumb/v7e-m+fp/hard\libg.a(lib_a-freer.o)
 .ARM.attributes
                0x00000971       0x34 c:/progra~2/gnuarm~1/102021~1.10/bin/../lib/gcc/arm-none-eabi/10.3.1/../../../../arm-none-eabi/lib/thumb/v7e-m+fp/hard\libg.a(lib_a-fvwrite.o)
 .ARM.attributes
                0x000009a5       0x34 c:/progra~2/gnuarm~1/102021~1.10/bin/../lib/gcc/arm-none-eabi/10.3.1/../../../../arm-none-eabi/lib/thumb/v7e-m+fp/hard\libg.a(lib_a-fwalk.o)
 .ARM.attributes
                0x000009d9       0x34 c:/progra~2/gnuarm~1/102021~1.10/bin/../lib/gcc/arm-none-eabi/10.3.1/../../../../arm-none-eabi/lib/thumb/v7e-m+fp/hard\libg.a(lib_a-localeconv.o)
 .ARM.attributes
                0x00000a0d       0x34 c:/progra~2/gnuarm~1/102021~1.10/bin/../lib/gcc/arm-none-eabi/10.3.1/../../../../arm-none-eabi/lib/thumb/v7e-m+fp/hard\libg.a(lib_a-makebuf.o)
 .ARM.attributes
                0x00000a41       0x34 c:/progra~2/gnuarm~1/102021~1.10/bin/../lib/gcc/arm-none-eabi/10.3.1/../../../../arm-none-eabi/lib/thumb/v7e-m+fp/hard\libg.a(lib_a-mallocr.o)
 .ARM.attributes
                0x00000a75       0x1c c:/progra~2/gnuarm~1/102021~1.10/bin/../lib/gcc/arm-none-eabi/10.3.1/../../../../arm-none-eabi/lib/thumb/v7e-m+fp/hard\libg.a(lib_a-memchr.o)
 .ARM.attributes
                0x00000a91       0x1c c:/progra~2/gnuarm~1/102021~1.10/bin/../lib/gcc/arm-none-eabi/10.3.1/../../../../arm-none-eabi/lib/thumb/v7e-m+fp/hard\libg.a(lib_a-memcpy.o)
 .ARM.attributes
                0x00000aad       0x34 c:/progra~2/gnuarm~1/102021~1.10/bin/../lib/gcc/arm-none-eabi/10.3.1/../../../../arm-none-eabi/lib/thumb/v7e-m+fp/hard\libg.a(lib_a-memmove.o)
 .ARM.attributes
                0x00000ae1       0x34 c:/progra~2/gnuarm~1/102021~1.10/bin/../lib/gcc/arm-none-eabi/10.3.1/../../../../arm-none-eabi/lib/thumb/v7e-m+fp/hard\libg.a(lib_a-mlock.o)
 .ARM.attributes
                0x00000b15       0x34 c:/progra~2/gnuarm~1/102021~1.10/bin/../lib/gcc/arm-none-eabi/10.3.1/../../../../arm-none-eabi/lib/thumb/v7e-m+fp/hard\libg.a(lib_a-mprec.o)
 .ARM.attributes
                0x00000b49       0x34 c:/progra~2/gnuarm~1/102021~1.10/bin/../lib/gcc/arm-none-eabi/10.3.1/../../../../arm-none-eabi/lib/thumb/v7e-m+fp/hard\libg.a(lib_a-reallocr.o)
 .ARM.attributes
                0x00000b7d       0x34 c:/progra~2/gnuarm~1/102021~1.10/bin/../lib/gcc/arm-none-eabi/10.3.1/../../../../arm-none-eabi/lib/thumb/v7e-m+fp/hard\libg.a(lib_a-s_frexp.o)
 .ARM.attributes
                0x00000bb1       0x34 c:/progra~2/gnuarm~1/102021~1.10/bin/../lib/gcc/arm-none-eabi/10.3.1/../../../../arm-none-eabi/lib/thumb/v7e-m+fp/hard\libg.a(lib_a-sbrkr.o)
 .ARM.attributes
                0x00000be5       0x34 c:/progra~2/gnuarm~1/102021~1.10/bin/../lib/gcc/arm-none-eabi/10.3.1/../../../../arm-none-eabi/lib/thumb/v7e-m+fp/hard\libg.a(lib_a-stdio.o)
 .ARM.attributes
                0x00000c19       0x34 c:/progra~2/gnuarm~1/102021~1.10/bin/../lib/gcc/arm-none-eabi/10.3.1/../../../../arm-none-eabi/lib/thumb/v7e-m+fp/hard\libg.a(lib_a-strncpy.o)
 .ARM.attributes
                0x00000c4d       0x34 c:/progra~2/gnuarm~1/102021~1.10/bin/../lib/gcc/arm-none-eabi/10.3.1/../../../../arm-none-eabi/lib/thumb/v7e-m+fp/hard\libg.a(lib_a-vfiprintf.o)
 .ARM.attributes
                0x00000c81       0x34 c:/progra~2/gnuarm~1/102021~1.10/bin/../lib/gcc/arm-none-eabi/10.3.1/../../../../arm-none-eabi/lib/thumb/v7e-m+fp/hard\libg.a(lib_a-writer.o)
 .ARM.attributes
                0x00000cb5       0x34 c:/progra~2/gnuarm~1/102021~1.10/bin/../lib/gcc/arm-none-eabi/10.3.1/../../../../arm-none-eabi/lib/thumb/v7e-m+fp/hard\libg.a(lib_a-assert.o)
 .ARM.attributes
                0x00000ce9       0x34 c:/progra~2/gnuarm~1/102021~1.10/bin/../lib/gcc/arm-none-eabi/10.3.1/../../../../arm-none-eabi/lib/thumb/v7e-m+fp/hard\libg.a(lib_a-callocr.o)
 .ARM.attributes
                0x00000d1d       0x34 c:/progra~2/gnuarm~1/102021~1.10/bin/../lib/gcc/arm-none-eabi/10.3.1/../../../../arm-none-eabi/lib/thumb/v7e-m+fp/hard\libg.a(lib_a-closer.o)
 .ARM.attributes
                0x00000d51       0x34 c:/progra~2/gnuarm~1/102021~1.10/bin/../lib/gcc/arm-none-eabi/10.3.1/../../../../arm-none-eabi/lib/thumb/v7e-m+fp/hard\libg.a(lib_a-fclose.o)
 .ARM.attributes
                0x00000d85       0x34 c:/progra~2/gnuarm~1/102021~1.10/bin/../lib/gcc/arm-none-eabi/10.3.1/../../../../arm-none-eabi/lib/thumb/v7e-m+fp/hard\libg.a(lib_a-fiprintf.o)
 .ARM.attributes
                0x00000db9       0x34 c:/progra~2/gnuarm~1/102021~1.10/bin/../lib/gcc/arm-none-eabi/10.3.1/../../../../arm-none-eabi/lib/thumb/v7e-m+fp/hard\libg.a(lib_a-fputwc.o)
 .ARM.attributes
                0x00000ded       0x34 c:/progra~2/gnuarm~1/102021~1.10/bin/../lib/gcc/arm-none-eabi/10.3.1/../../../../arm-none-eabi/lib/thumb/v7e-m+fp/hard\libg.a(lib_a-fstatr.o)
 .ARM.attributes
                0x00000e21       0x34 c:/progra~2/gnuarm~1/102021~1.10/bin/../lib/gcc/arm-none-eabi/10.3.1/../../../../arm-none-eabi/lib/thumb/v7e-m+fp/hard\libg.a(lib_a-isattyr.o)
 .ARM.attributes
                0x00000e55       0x34 c:/progra~2/gnuarm~1/102021~1.10/bin/../lib/gcc/arm-none-eabi/10.3.1/../../../../arm-none-eabi/lib/thumb/v7e-m+fp/hard\libg.a(lib_a-locale.o)
 .ARM.attributes
                0x00000e89       0x34 c:/progra~2/gnuarm~1/102021~1.10/bin/../lib/gcc/arm-none-eabi/10.3.1/../../../../arm-none-eabi/lib/thumb/v7e-m+fp/hard\libg.a(lib_a-lseekr.o)
 .ARM.attributes
                0x00000ebd       0x34 c:/progra~2/gnuarm~1/102021~1.10/bin/../lib/gcc/arm-none-eabi/10.3.1/../../../../arm-none-eabi/lib/thumb/v7e-m+fp/hard\libg.a(lib_a-mbtowc_r.o)
 .ARM.attributes
                0x00000ef1       0x34 c:/progra~2/gnuarm~1/102021~1.10/bin/../lib/gcc/arm-none-eabi/10.3.1/../../../../arm-none-eabi/lib/thumb/v7e-m+fp/hard\libg.a(lib_a-readr.o)
 .ARM.attributes
                0x00000f25       0x34 c:/progra~2/gnuarm~1/102021~1.10/bin/../lib/gcc/arm-none-eabi/10.3.1/../../../../arm-none-eabi/lib/thumb/v7e-m+fp/hard\libg.a(lib_a-reent.o)
 .ARM.attributes
                0x00000f59       0x34 c:/progra~2/gnuarm~1/102021~1.10/bin/../lib/gcc/arm-none-eabi/10.3.1/../../../../arm-none-eabi/lib/thumb/v7e-m+fp/hard\libg.a(lib_a-wbuf.o)
 .ARM.attributes
                0x00000f8d       0x34 c:/progra~2/gnuarm~1/102021~1.10/bin/../lib/gcc/arm-none-eabi/10.3.1/../../../../arm-none-eabi/lib/thumb/v7e-m+fp/hard\libg.a(lib_a-wcrtomb.o)
 .ARM.attributes
                0x00000fc1       0x34 c:/progra~2/gnuarm~1/102021~1.10/bin/../lib/gcc/arm-none-eabi/10.3.1/../../../../arm-none-eabi/lib/thumb/v7e-m+fp/hard\libg.a(lib_a-wctomb_r.o)
 .ARM.attributes
                0x00000ff5       0x34 c:/progra~2/gnuarm~1/102021~1.10/bin/../lib/gcc/arm-none-eabi/10.3.1/../../../../arm-none-eabi/lib/thumb/v7e-m+fp/hard\libg.a(lib_a-abort.o)
 .ARM.attributes
                0x00001029       0x34 c:/progra~2/gnuarm~1/102021~1.10/bin/../lib/gcc/arm-none-eabi/10.3.1/../../../../arm-none-eabi/lib/thumb/v7e-m+fp/hard\libg.a(lib_a-ctype_.o)
 .ARM.attributes
                0x0000105d       0x34 c:/progra~2/gnuarm~1/102021~1.10/bin/../lib/gcc/arm-none-eabi/10.3.1/../../../../arm-none-eabi/lib/thumb/v7e-m+fp/hard\libg.a(lib_a-signal.o)
 .ARM.attributes
                0x00001091       0x34 c:/progra~2/gnuarm~1/102021~1.10/bin/../lib/gcc/arm-none-eabi/10.3.1/../../../../arm-none-eabi/lib/thumb/v7e-m+fp/hard\libg.a(lib_a-signalr.o)
 .ARM.attributes
                0x000010c5       0x1e c:/progra~2/gnuarm~1/102021~1.10/bin/../lib/gcc/arm-none-eabi/10.3.1/thumb/v7e-m+fp/hard\libgcc.a(_arm_muldivdf3.o)
 .ARM.attributes
                0x000010e3       0x1e c:/progra~2/gnuarm~1/102021~1.10/bin/../lib/gcc/arm-none-eabi/10.3.1/thumb/v7e-m+fp/hard\libgcc.a(_arm_cmpdf2.o)
 .ARM.attributes
                0x00001101       0x1e c:/progra~2/gnuarm~1/102021~1.10/bin/../lib/gcc/arm-none-eabi/10.3.1/thumb/v7e-m+fp/hard\libgcc.a(_arm_unorddf2.o)
 .ARM.attributes
                0x0000111f       0x1e c:/progra~2/gnuarm~1/102021~1.10/bin/../lib/gcc/arm-none-eabi/10.3.1/thumb/v7e-m+fp/hard\libgcc.a(_arm_fixdfsi.o)
 .ARM.attributes
                0x0000113d       0x1e c:/progra~2/gnuarm~1/102021~1.10/bin/../lib/gcc/arm-none-eabi/10.3.1/thumb/v7e-m+fp/hard/crtn.o
OUTPUT(L4.elf elf32-littlearm)
LOAD linker stubs
LOAD c:/progra~2/gnuarm~1/102021~1.10/bin/../lib/gcc/arm-none-eabi/10.3.1/../../../../arm-none-eabi/lib/thumb/v7e-m+fp/hard\libc.a
LOAD c:/progra~2/gnuarm~1/102021~1.10/bin/../lib/gcc/arm-none-eabi/10.3.1/../../../../arm-none-eabi/lib/thumb/v7e-m+fp/hard\libm.a
LOAD c:/progra~2/gnuarm~1/102021~1.10/bin/../lib/gcc/arm-none-eabi/10.3.1/thumb/v7e-m+fp/hard\libgcc.a

.debug_frame    0x00000000     0x5c7c
 .debug_frame   0x00000000       0x2c c:/progra~2/gnuarm~1/102021~1.10/bin/../lib/gcc/arm-none-eabi/10.3.1/../../../../arm-none-eabi/lib/thumb/v7e-m+fp/hard\libc.a(lib_a-init.o)
 .debug_frame   0x0000002c       0x2c c:/progra~2/gnuarm~1/102021~1.10/bin/../lib/gcc/arm-none-eabi/10.3.1/../../../../arm-none-eabi/lib/thumb/v7e-m+fp/hard\libc.a(lib_a-memset.o)
 .debug_frame   0x00000058       0x68 c:/progra~2/gnuarm~1/102021~1.10/bin/../lib/gcc/arm-none-eabi/10.3.1/../../../../arm-none-eabi/lib/thumb/v7e-m+fp/hard\libc.a(lib_a-__call_atexit.o)
 .debug_frame   0x000000c0       0x20 c:/progra~2/gnuarm~1/102021~1.10/bin/../lib/gcc/arm-none-eabi/10.3.1/../../../../arm-none-eabi/lib/thumb/v7e-m+fp/hard\libc.a(lib_a-atexit.o)
 .debug_frame   0x000000e0       0x34 c:/progra~2/gnuarm~1/102021~1.10/bin/../lib/gcc/arm-none-eabi/10.3.1/../../../../arm-none-eabi/lib/thumb/v7e-m+fp/hard\libc.a(lib_a-fini.o)
 .debug_frame   0x00000114       0xb0 c:/progra~2/gnuarm~1/102021~1.10/bin/../lib/gcc/arm-none-eabi/10.3.1/../../../../arm-none-eabi/lib/thumb/v7e-m+fp/hard\libc.a(lib_a-lock.o)
 .debug_frame   0x000001c4       0x34 c:/progra~2/gnuarm~1/102021~1.10/bin/../lib/gcc/arm-none-eabi/10.3.1/../../../../arm-none-eabi/lib/thumb/v7e-m+fp/hard\libc.a(lib_a-__atexit.o)
 .debug_frame   0x000001f8       0x30 CMakeFiles/L4.dir/Core/Src/task.c.obj
 .debug_frame   0x00000228      0x1a0 CMakeFiles/L4.dir/GwLib/Src/i2c.c.obj
 .debug_frame   0x000003c8       0x38 CMakeFiles/L4.dir/GwLib/Src/kalman.c.obj
 .debug_frame   0x00000400      0x178 CMakeFiles/L4.dir/Hardware/Src/icm20608.c.obj
 .debug_frame   0x00000578       0x70 CMakeFiles/L4.dir/Core/Src/main.c.obj
 .debug_frame   0x000005e8       0x34 CMakeFiles/L4.dir/Core/Src/gpio.c.obj
 .debug_frame   0x0000061c       0xc4 CMakeFiles/L4.dir/Core/Src/tim.c.obj
 .debug_frame   0x000006e0       0x9c CMakeFiles/L4.dir/Core/Src/usart.c.obj
 .debug_frame   0x0000077c      0x160 CMakeFiles/L4.dir/Core/Src/stm32l4xx_it.c.obj
 .debug_frame   0x000008dc       0x38 CMakeFiles/L4.dir/Core/Src/stm32l4xx_hal_msp.c.obj
 .debug_frame   0x00000914     0x1218 CMakeFiles/L4.dir/Drivers/STM32L4xx_HAL_Driver/Src/stm32l4xx_hal_tim.c.obj
 .debug_frame   0x00001b2c      0x6b0 CMakeFiles/L4.dir/Drivers/STM32L4xx_HAL_Driver/Src/stm32l4xx_hal_tim_ex.c.obj
 .debug_frame   0x000021dc      0x498 CMakeFiles/L4.dir/Drivers/STM32L4xx_HAL_Driver/Src/stm32l4xx_hal.c.obj
 .debug_frame   0x00002674      0x21c CMakeFiles/L4.dir/Drivers/STM32L4xx_HAL_Driver/Src/stm32l4xx_hal_rcc.c.obj
 .debug_frame   0x00002890      0x2fc CMakeFiles/L4.dir/Drivers/STM32L4xx_HAL_Driver/Src/stm32l4xx_hal_rcc_ex.c.obj
 .debug_frame   0x00002b8c      0x14c CMakeFiles/L4.dir/Drivers/STM32L4xx_HAL_Driver/Src/stm32l4xx_hal_gpio.c.obj
 .debug_frame   0x00002cd8      0x204 CMakeFiles/L4.dir/Drivers/STM32L4xx_HAL_Driver/Src/stm32l4xx_hal_dma.c.obj
 .debug_frame   0x00002edc      0x544 CMakeFiles/L4.dir/Drivers/STM32L4xx_HAL_Driver/Src/stm32l4xx_hal_pwr_ex.c.obj
 .debug_frame   0x00003420      0x498 CMakeFiles/L4.dir/Drivers/STM32L4xx_HAL_Driver/Src/stm32l4xx_hal_cortex.c.obj
 .debug_frame   0x000038b8      0x9f4 CMakeFiles/L4.dir/Drivers/STM32L4xx_HAL_Driver/Src/stm32l4xx_hal_uart.c.obj
 .debug_frame   0x000042ac      0x204 CMakeFiles/L4.dir/Drivers/STM32L4xx_HAL_Driver/Src/stm32l4xx_hal_uart_ex.c.obj
 .debug_frame   0x000044b0       0x58 CMakeFiles/L4.dir/Core/Src/system_stm32l4xx.c.obj
 .debug_frame   0x00004508       0x34 CMakeFiles/L4.dir/Core/Src/sysmem.c.obj
 .debug_frame   0x0000453c      0x2ac CMakeFiles/L4.dir/Core/Src/syscalls.c.obj
 .debug_frame   0x000047e8       0xac c:/progra~2/gnuarm~1/102021~1.10/bin/../lib/gcc/arm-none-eabi/10.3.1/thumb/v7e-m+fp/hard\libgcc.a(_arm_addsubdf3.o)
 .debug_frame   0x00004894       0x2c c:/progra~2/gnuarm~1/102021~1.10/bin/../lib/gcc/arm-none-eabi/10.3.1/thumb/v7e-m+fp/hard\libgcc.a(_aeabi_uldivmod.o)
 .debug_frame   0x000048c0       0x34 c:/progra~2/gnuarm~1/102021~1.10/bin/../lib/gcc/arm-none-eabi/10.3.1/thumb/v7e-m+fp/hard\libgcc.a(_udivmoddi4.o)
 .debug_frame   0x000048f4       0x20 c:/progra~2/gnuarm~1/102021~1.10/bin/../lib/gcc/arm-none-eabi/10.3.1/../../../../arm-none-eabi/lib/thumb/v7e-m+fp/hard\libg.a(lib_a-errno.o)
 .debug_frame   0x00004914       0x74 c:/progra~2/gnuarm~1/102021~1.10/bin/../lib/gcc/arm-none-eabi/10.3.1/../../../../arm-none-eabi/lib/thumb/v7e-m+fp/hard\libg.a(lib_a-printf.o)
 .debug_frame   0x00004988       0x4c c:/progra~2/gnuarm~1/102021~1.10/bin/../lib/gcc/arm-none-eabi/10.3.1/../../../../arm-none-eabi/lib/thumb/v7e-m+fp/hard\libg.a(lib_a-puts.o)
 .debug_frame   0x000049d4       0xe4 c:/progra~2/gnuarm~1/102021~1.10/bin/../lib/gcc/arm-none-eabi/10.3.1/../../../../arm-none-eabi/lib/thumb/v7e-m+fp/hard\libg.a(lib_a-vfprintf.o)
 .debug_frame   0x00004ab8       0x2c c:/progra~2/gnuarm~1/102021~1.10/bin/../lib/gcc/arm-none-eabi/10.3.1/../../../../arm-none-eabi/lib/thumb/v7e-m+fp/hard\libg.a(lib_a-wsetup.o)
 .debug_frame   0x00004ae4       0xdc c:/progra~2/gnuarm~1/102021~1.10/bin/../lib/gcc/arm-none-eabi/10.3.1/../../../../arm-none-eabi/lib/thumb/v7e-m+fp/hard\libg.a(lib_a-dtoa.o)
 .debug_frame   0x00004bc0       0x70 c:/progra~2/gnuarm~1/102021~1.10/bin/../lib/gcc/arm-none-eabi/10.3.1/../../../../arm-none-eabi/lib/thumb/v7e-m+fp/hard\libg.a(lib_a-fflush.o)
 .debug_frame   0x00004c30      0x154 c:/progra~2/gnuarm~1/102021~1.10/bin/../lib/gcc/arm-none-eabi/10.3.1/../../../../arm-none-eabi/lib/thumb/v7e-m+fp/hard\libg.a(lib_a-findfp.o)
 .debug_frame   0x00004d84       0x8c c:/progra~2/gnuarm~1/102021~1.10/bin/../lib/gcc/arm-none-eabi/10.3.1/../../../../arm-none-eabi/lib/thumb/v7e-m+fp/hard\libg.a(lib_a-freer.o)
 .debug_frame   0x00004e10       0x64 c:/progra~2/gnuarm~1/102021~1.10/bin/../lib/gcc/arm-none-eabi/10.3.1/../../../../arm-none-eabi/lib/thumb/v7e-m+fp/hard\libg.a(lib_a-fvwrite.o)
 .debug_frame   0x00004e74       0x54 c:/progra~2/gnuarm~1/102021~1.10/bin/../lib/gcc/arm-none-eabi/10.3.1/../../../../arm-none-eabi/lib/thumb/v7e-m+fp/hard\libg.a(lib_a-fwalk.o)
 .debug_frame   0x00004ec8       0x40 c:/progra~2/gnuarm~1/102021~1.10/bin/../lib/gcc/arm-none-eabi/10.3.1/../../../../arm-none-eabi/lib/thumb/v7e-m+fp/hard\libg.a(lib_a-localeconv.o)
 .debug_frame   0x00004f08       0x70 c:/progra~2/gnuarm~1/102021~1.10/bin/../lib/gcc/arm-none-eabi/10.3.1/../../../../arm-none-eabi/lib/thumb/v7e-m+fp/hard\libg.a(lib_a-makebuf.o)
 .debug_frame   0x00004f78       0x4c c:/progra~2/gnuarm~1/102021~1.10/bin/../lib/gcc/arm-none-eabi/10.3.1/../../../../arm-none-eabi/lib/thumb/v7e-m+fp/hard\libg.a(lib_a-mallocr.o)
 .debug_frame   0x00004fc4       0x40 c:/progra~2/gnuarm~1/102021~1.10/bin/../lib/gcc/arm-none-eabi/10.3.1/../../../../arm-none-eabi/lib/thumb/v7e-m+fp/hard\libg.a(lib_a-memmove.o)
 .debug_frame   0x00005004       0x30 c:/progra~2/gnuarm~1/102021~1.10/bin/../lib/gcc/arm-none-eabi/10.3.1/../../../../arm-none-eabi/lib/thumb/v7e-m+fp/hard\libg.a(lib_a-mlock.o)
 .debug_frame   0x00005034      0x280 c:/progra~2/gnuarm~1/102021~1.10/bin/../lib/gcc/arm-none-eabi/10.3.1/../../../../arm-none-eabi/lib/thumb/v7e-m+fp/hard\libg.a(lib_a-mprec.o)
 .debug_frame   0x000052b4       0x48 c:/progra~2/gnuarm~1/102021~1.10/bin/../lib/gcc/arm-none-eabi/10.3.1/../../../../arm-none-eabi/lib/thumb/v7e-m+fp/hard\libg.a(lib_a-reallocr.o)